Component: ARM Compiler 5.06 update 7 (build 960) Tool: armlink [4d3601]

==============================================================================

Section Cross References

    startup_stm32f103xb.o(STACK) refers (Special) to heapauxi.o(.text) for __use_two_region_memory
    startup_stm32f103xb.o(HEAP) refers (Special) to heapauxi.o(.text) for __use_two_region_memory
    startup_stm32f103xb.o(RESET) refers (Special) to heapauxi.o(.text) for __use_two_region_memory
    startup_stm32f103xb.o(RESET) refers to startup_stm32f103xb.o(STACK) for __initial_sp
    startup_stm32f103xb.o(RESET) refers to startup_stm32f103xb.o(.text) for Reset_Handler
    startup_stm32f103xb.o(RESET) refers to stm32f1xx_it.o(i.NMI_Handler) for NMI_Handler
    startup_stm32f103xb.o(RESET) refers to stm32f1xx_it.o(i.HardFault_Handler) for HardFault_Handler
    startup_stm32f103xb.o(RESET) refers to stm32f1xx_it.o(i.MemManage_Handler) for MemManage_Handler
    startup_stm32f103xb.o(RESET) refers to stm32f1xx_it.o(i.BusFault_Handler) for BusFault_Handler
    startup_stm32f103xb.o(RESET) refers to stm32f1xx_it.o(i.UsageFault_Handler) for UsageFault_Handler
    startup_stm32f103xb.o(RESET) refers to port.o(.emb_text) for SVC_Handler
    startup_stm32f103xb.o(RESET) refers to stm32f1xx_it.o(i.DebugMon_Handler) for DebugMon_Handler
    startup_stm32f103xb.o(RESET) refers to port.o(i.SysTick_Handler) for SysTick_Handler
    startup_stm32f103xb.o(RESET) refers to stm32f1xx_it.o(i.EXTI2_IRQHandler) for EXTI2_IRQHandler
    startup_stm32f103xb.o(RESET) refers to stm32f1xx_it.o(i.DMA1_Channel1_IRQHandler) for DMA1_Channel1_IRQHandler
    startup_stm32f103xb.o(RESET) refers to stm32f1xx_it.o(i.ADC1_2_IRQHandler) for ADC1_2_IRQHandler
    startup_stm32f103xb.o(RESET) refers to stm32f1xx_it.o(i.EXTI9_5_IRQHandler) for EXTI9_5_IRQHandler
    startup_stm32f103xb.o(RESET) refers to stm32f1xx_it.o(i.TIM1_UP_IRQHandler) for TIM1_UP_IRQHandler
    startup_stm32f103xb.o(RESET) refers to stm32f1xx_it.o(i.SPI1_IRQHandler) for SPI1_IRQHandler
    startup_stm32f103xb.o(RESET) refers to stm32f1xx_it.o(i.USART1_IRQHandler) for USART1_IRQHandler
    startup_stm32f103xb.o(.text) refers (Special) to heapauxi.o(.text) for __use_two_region_memory
    startup_stm32f103xb.o(.text) refers to system_stm32f1xx.o(i.SystemInit) for SystemInit
    startup_stm32f103xb.o(.text) refers to __main.o(!!!main) for __main
    startup_stm32f103xb.o(.text) refers to startup_stm32f103xb.o(HEAP) for Heap_Mem
    startup_stm32f103xb.o(.text) refers to startup_stm32f103xb.o(STACK) for Stack_Mem
    24l01.o(i.NRF24L01_Check) refers to 24l01.o(i.NRF24L01_Write_Buf) for NRF24L01_Write_Buf
    24l01.o(i.NRF24L01_Check) refers to 24l01.o(i.NRF24L01_Read_Buf) for NRF24L01_Read_Buf
    24l01.o(i.NRF24L01_Init) refers to stm32f1xx_hal.o(i.HAL_Delay) for HAL_Delay
    24l01.o(i.NRF24L01_Init) refers to 24l01.o(i.NRF24L01_Check) for NRF24L01_Check
    24l01.o(i.NRF24L01_Init) refers to stm32f1xx_hal_gpio.o(i.HAL_GPIO_WritePin) for HAL_GPIO_WritePin
    24l01.o(i.NRF24L01_Init) refers to 24l01.o(i.NRF24L01_Write_Buf) for NRF24L01_Write_Buf
    24l01.o(i.NRF24L01_Init) refers to 24l01.o(i.NRF24L01_Write_Reg) for NRF24L01_Write_Reg
    24l01.o(i.NRF24L01_Init) refers to spi.o(.bss) for hspi1
    24l01.o(i.NRF24L01_Init) refers to 24l01.o(.constdata) for .constdata
    24l01.o(i.NRF24L01_RX_Mode) refers to stm32f1xx_hal_gpio.o(i.HAL_GPIO_WritePin) for HAL_GPIO_WritePin
    24l01.o(i.NRF24L01_RX_Mode) refers to 24l01.o(i.NRF24L01_Write_Reg) for NRF24L01_Write_Reg
    24l01.o(i.NRF24L01_Read_Buf) refers to stm32f1xx_hal_gpio.o(i.HAL_GPIO_WritePin) for HAL_GPIO_WritePin
    24l01.o(i.NRF24L01_Read_Buf) refers to stm32f1xx_hal_spi.o(i.HAL_SPI_Transmit) for HAL_SPI_Transmit
    24l01.o(i.NRF24L01_Read_Buf) refers to stm32f1xx_hal_spi.o(i.HAL_SPI_TransmitReceive) for HAL_SPI_TransmitReceive
    24l01.o(i.NRF24L01_Read_Buf) refers to spi.o(.bss) for hspi1
    24l01.o(i.NRF24L01_Read_Reg) refers to stm32f1xx_hal_gpio.o(i.HAL_GPIO_WritePin) for HAL_GPIO_WritePin
    24l01.o(i.NRF24L01_Read_Reg) refers to stm32f1xx_hal_spi.o(i.HAL_SPI_Transmit) for HAL_SPI_Transmit
    24l01.o(i.NRF24L01_Read_Reg) refers to stm32f1xx_hal_spi.o(i.HAL_SPI_TransmitReceive) for HAL_SPI_TransmitReceive
    24l01.o(i.NRF24L01_Read_Reg) refers to spi.o(.bss) for hspi1
    24l01.o(i.NRF24L01_RxPacket) refers to cmsis_os2.o(i.osSemaphoreAcquire) for osSemaphoreAcquire
    24l01.o(i.NRF24L01_RxPacket) refers to 24l01.o(i.NRF24L01_Read_Reg) for NRF24L01_Read_Reg
    24l01.o(i.NRF24L01_RxPacket) refers to 24l01.o(i.NRF24L01_Write_Reg) for NRF24L01_Write_Reg
    24l01.o(i.NRF24L01_RxPacket) refers to 24l01.o(i.NRF24L01_Read_Buf) for NRF24L01_Read_Buf
    24l01.o(i.NRF24L01_RxPacket) refers to freertos.o(.data) for nrfITHandle
    24l01.o(i.NRF24L01_TX_Mode) refers to stm32f1xx_hal_gpio.o(i.HAL_GPIO_WritePin) for HAL_GPIO_WritePin
    24l01.o(i.NRF24L01_TX_Mode) refers to 24l01.o(i.NRF24L01_Write_Reg) for NRF24L01_Write_Reg
[...]
    __rt_lib_init_heap_1                     0x08000163   Thumb Code     0  libinit2.o(.ARM.Collect$$libinit$$0000000A)
    __rt_lib_init_lc_collate_1               0x08000163   Thumb Code     0  libinit2.o(.ARM.Collect$$libinit$$00000011)
    __rt_lib_init_lc_ctype_1                 0x08000163   Thumb Code     0  libinit2.o(.ARM.Collect$$libinit$$00000013)
    __rt_lib_init_lc_monetary_1              0x08000163   Thumb Code     0  libinit2.o(.ARM.Collect$$libinit$$00000015)
    __rt_lib_init_lc_numeric_1               0x08000163   Thumb Code     0  libinit2.o(.ARM.Collect$$libinit$$00000017)
    __rt_lib_init_lc_time_1                  0x08000163   Thumb Code     0  libinit2.o(.ARM.Collect$$libinit$$00000019)
    __rt_lib_init_preinit_1                  0x08000163   Thumb Code     0  libinit2.o(.ARM.Collect$$libinit$$00000004)
    __rt_lib_init_rand_1                     0x08000163   Thumb Code     0  libinit2.o(.ARM.Collect$$libinit$$0000000E)
    __rt_lib_init_return                     0x08000163   Thumb Code     0  libinit2.o(.ARM.Collect$$libinit$$00000033)
    __rt_lib_init_signal_1                   0x08000163   Thumb Code     0  libinit2.o(.ARM.Collect$$libinit$$0000001D)
    __rt_lib_init_stdio_1                    0x08000163   Thumb Code     0  libinit2.o(.ARM.Collect$$libinit$$00000025)
    __rt_lib_init_user_alloc_1               0x08000163   Thumb Code     0  libinit2.o(.ARM.Collect$$libinit$$0000000C)
    __rt_lib_shutdown                        0x08000165   Thumb Code     0  libshutdown.o(.ARM.Collect$$libshutdown$$00000000)
    __rt_lib_shutdown_cpp_1                  0x08000167   Thumb Code     0  libshutdown2.o(.ARM.Collect$$libshutdown$$00000004)
    __rt_lib_shutdown_fini_1                 0x08000167   Thumb Code     0  libshutdown2.o(.ARM.Collect$$libshutdown$$00000002)
    __rt_lib_shutdown_fp_trap_1              0x08000167   Thumb Code     0  libshutdown2.o(.ARM.Collect$$libshutdown$$00000009)
    __rt_lib_shutdown_heap_1                 0x08000167   Thumb Code     0  libshutdown2.o(.ARM.Collect$$libshutdown$$00000011)
    __rt_lib_shutdown_return                 0x08000167   Thumb Code     0  libshutdown2.o(.ARM.Collect$$libshutdown$$00000012)
    __rt_lib_shutdown_signal_1               0x08000167   Thumb Code     0  libshutdown2.o(.ARM.Collect$$libshutdown$$0000000C)
    __rt_lib_shutdown_stdio_1                0x08000167   Thumb Code     0  libshutdown2.o(.ARM.Collect$$libshutdown$$00000006)
    __rt_lib_shutdown_user_alloc_1           0x08000167   Thumb Code     0  libshutdown2.o(.ARM.Collect$$libshutdown$$0000000E)
    __rt_entry                               0x08000169   Thumb Code     0  __rtentry.o(.ARM.Collect$$rtentry$$00000000)
    __rt_entry_presh_1                       0x08000169   Thumb Code     0  __rtentry2.o(.ARM.Collect$$rtentry$$00000002)
    __rt_entry_sh                            0x08000169   Thumb Code     0  __rtentry4.o(.ARM.Collect$$rtentry$$00000004)
    __rt_entry_li                            0x0800016f   Thumb Code     0  __rtentry2.o(.ARM.Collect$$rtentry$$0000000A)
    __rt_entry_postsh_1                      0x0800016f   Thumb Code     0  __rtentry2.o(.ARM.Collect$$rtentry$$00000009)
    __rt_entry_main                          0x08000173   Thumb Code     0  __rtentry2.o(.ARM.Collect$$rtentry$$0000000D)
    __rt_entry_postli_1                      0x08000173   Thumb Code     0  __rtentry2.o(.ARM.Collect$$rtentry$$0000000C)
    __rt_exit                                0x0800017b   Thumb Code     0  rtexit.o(.ARM.Collect$$rtexit$$00000000)
    __rt_exit_ls                             0x0800017d   Thumb Code     0  rtexit2.o(.ARM.Collect$$rtexit$$00000003)
    __rt_exit_prels_1                        0x0800017d   Thumb Code     0  rtexit2.o(.ARM.Collect$$rtexit$$00000002)
    __rt_exit_exit                           0x08000181   Thumb Code     0  rtexit2.o(.ARM.Collect$$rtexit$$00000004)
    SVC_Handler                              0x08000189   Thumb Code    32  port.o(.emb_text)
    __asm___6_port_c_39a90d8d__prvStartFirstTask 0x080001ad   Thumb Code    28  port.o(.emb_text)
    PendSV_Handler                           0x080001cd   Thumb Code    72  port.o(.emb_text)
    vPortGetIPSR                             0x08000219   Thumb Code     6  port.o(.emb_text)
    Reset_Handler                            0x08000221   Thumb Code     8  startup_stm32f103xb.o(.text)
    CAN1_RX1_IRQHandler                      0x0800023b   Thumb Code     0  startup_stm32f103xb.o(.text)
    CAN1_SCE_IRQHandler                      0x0800023b   Thumb Code     0  startup_stm32f103xb.o(.text)
    DMA1_Channel2_IRQHandler                 0x0800023b   Thumb Code     0  startup_stm32f103xb.o(.text)
    DMA1_Channel3_IRQHandler                 0x0800023b   Thumb Code     0  startup_stm32f103xb.o(.text)
    DMA1_Channel4_IRQHandler                 0x0800023b   Thumb Code     0  startup_stm32f103xb.o(.text)
    DMA1_Channel5_IRQHandler                 0x0800023b   Thumb Code     0  startup_stm32f103xb.o(.text)
    DMA1_Channel6_IRQHandler                 0x0800023b   Thumb Code     0  startup_stm32f103xb.o(.text)
    DMA1_Channel7_IRQHandler                 0x0800023b   Thumb Code     0  startup_stm32f103xb.o(.text)
    EXTI0_IRQHandler                         0x0800023b   Thumb Code     0  startup_stm32f103xb.o(.text)
    EXTI15_10_IRQHandler                     0x0800023b   Thumb Code     0  startup_stm32f103xb.o(.text)
    EXTI1_IRQHandler                         0x0800023b   Thumb Code     0  startup_stm32f103xb.o(.text)
    EXTI3_IRQHandler                         0x0800023b   Thumb Code     0  startup_stm32f103xb.o(.text)
    EXTI4_IRQHandler                         0x0800023b   Thumb Code     0  startup_stm32f103xb.o(.text)
    FLASH_IRQHandler                         0x0800023b   Thumb Code     0  startup_stm32f103xb.o(.text)
    I2C1_ER_IRQHandler                       0x0800023b   Thumb Code     0  startup_stm32f103xb.o(.text)
    I2C1_EV_IRQHandler                       0x0800023b   Thumb Code     0  startup_stm32f103xb.o(.text)
    I2C2_ER_IRQHandler                       0x0800023b   Thumb Code     0  startup_stm32f103xb.o(.text)
    I2C2_EV_IRQHandler                       0x0800023b   Thumb Code     0  startup_stm32f103xb.o(.text)
    PVD_IRQHandler                           0x0800023b   Thumb Code     0  startup_stm32f103xb.o(.text)
    RCC_IRQHandler                           0x0800023b   Thumb Code     0  startup_stm32f103xb.o(.text)
    RTC_Alarm_IRQHandler                     0x0800023b   Thumb Code     0  startup_stm32f103xb.o(.text)
    RTC_IRQHandler                           0x0800023b   Thumb Code     0  startup_stm32f103xb.o(.text)
    SPI2_IRQHandler                          0x0800023b   Thumb Code     0  startup_stm32f103xb.o(.text)
    TAMPER_IRQHandler                        0x0800023b   Thumb Code     0  startup_stm32f103xb.o(.text)
    TIM1_BRK_IRQHandler                      0x0800023b   Thumb Code     0  startup_stm32f103xb.o(.text)
    TIM1_CC_IRQHandler                       0x0800023b   Thumb Code     0  startup_stm32f103xb.o(.text)
    TIM1_TRG_COM_IRQHandler                  0x0800023b   Thumb Code     0  startup_stm32f103xb.o(.text)
    TIM2_IRQHandler                          0x0800023b   Thumb Code     0  startup_stm32f103xb.o(.text)
    TIM3_IRQHandler                          0x0800023b   Thumb Code     0  startup_stm32f103xb.o(.text)
    TIM4_IRQHandler                          0x0800023b   Thumb Code     0  startup_stm32f103xb.o(.text)
    USART2_IRQHandler                        0x0800023b   Thumb Code     0  startup_stm32f103xb.o(.text)
    USART3_IRQHandler                        0x0800023b   Thumb Code     0  startup_stm32f103xb.o(.text)
    USBWakeUp_IRQHandler                     0x0800023b   Thumb Code     0  startup_stm32f103xb.o(.text)
    USB_HP_CAN1_TX_IRQHandler                0x0800023b   Thumb Code     0  startup_stm32f103xb.o(.text)
    USB_LP_CAN1_RX0_IRQHandler               0x0800023b   Thumb Code     0  startup_stm32f103xb.o(.text)
    WWDG_IRQHandler                          0x0800023b   Thumb Code     0  startup_stm32f103xb.o(.text)
    __user_initial_stackheap                 0x0800023d   Thumb Code     0  startup_stm32f103xb.o(.text)
    __aeabi_memcpy                           0x08000261   Thumb Code     0  rt_memcpy_v6.o(.text)
    __rt_memcpy                              0x08000261   Thumb Code   138  rt_memcpy_v6.o(.text)
    _memcpy_lastbytes                        0x080002c7   Thumb Code     0  rt_memcpy_v6.o(.text)
    __aeabi_memcpy4                          0x080002eb   Thumb Code     0  rt_memcpy_w.o(.text)
    __aeabi_memcpy8                          0x080002eb   Thumb Code     0  rt_memcpy_w.o(.text)
    __rt_memcpy_w                            0x080002eb   Thumb Code   100  rt_memcpy_w.o(.text)
    _memcpy_lastbytes_aligned                0x08000333   Thumb Code     0  rt_memcpy_w.o(.text)
    __aeabi_memset                           0x0800034f   Thumb Code    16  aeabi_memset.o(.text)
    __aeabi_memclr4                          0x0800035f   Thumb Code     0  rt_memclr_w.o(.text)
    __aeabi_memclr8                          0x0800035f   Thumb Code     0  rt_memclr_w.o(.text)
    __rt_memclr_w                            0x0800035f   Thumb Code    78  rt_memclr_w.o(.text)
    _memset_w                                0x08000363   Thumb Code     0  rt_memclr_w.o(.text)
    __use_two_region_memory                  0x080003ad   Thumb Code     2  heapauxi.o(.text)
    __rt_heap_escrow$2region                 0x080003af   Thumb Code     2  heapauxi.o(.text)
    __rt_heap_expand$2region                 0x080003b1   Thumb Code     2  heapauxi.o(.text)
    __aeabi_memclr                           0x080003b3   Thumb Code     0  rt_memclr.o(.text)
    __rt_memclr                              0x080003b3   Thumb Code    68  rt_memclr.o(.text)
    _memset                                  0x080003b7   Thumb Code     0  rt_memclr.o(.text)
    __user_setup_stackheap                   0x080003f7   Thumb Code    74  sys_stackheap_outer.o(.text)
    exit                                     0x08000441   Thumb Code    18  exit.o(.text)
    __user_libspace                          0x08000455   Thumb Code     8  libspace.o(.text)
    __user_perproc_libspace                  0x08000455   Thumb Code     0  libspace.o(.text)
    __user_perthread_libspace                0x08000455   Thumb Code     0  libspace.o(.text)
    _sys_exit                                0x0800045d   Thumb Code     8  sys_exit.o(.text)
    __I$use$semihosting                      0x08000469   Thumb Code     0  use_no_semi.o(.text)
    __use_no_semihosting_swi                 0x08000469   Thumb Code     2  use_no_semi.o(.text)
    __semihosting_library_function           0x0800046b   Thumb Code     0  indicate_semi.o(.text)
    ADC1_2_IRQHandler                        0x0800046d   Thumb Code     6  stm32f1xx_it.o(i.ADC1_2_IRQHandler)
    ADC_ConversionStop_Disable               0x08000479   Thumb Code    86  stm32f1xx_hal_adc.o(i.ADC_ConversionStop_Disable)
    ADC_DMAConvCplt                          0x080004cf   Thumb Code    78  stm32f1xx_hal_adc.o(i.ADC_DMAConvCplt)
    ADC_DMAError                             0x0800051d   Thumb Code    26  stm32f1xx_hal_adc.o(i.ADC_DMAError)
    ADC_DMAHalfConvCplt                      0x08000537   Thumb Code    10  stm32f1xx_hal_adc.o(i.ADC_DMAHalfConvCplt)
    ADC_Enable                               0x08000541   Thumb Code   114  stm32f1xx_hal_adc.o(i.ADC_Enable)
    ADCtoFlyDataPercent                      0x080005bd   Thumb Code   122  joystick.o(i.ADCtoFlyDataPercent)
    BusFault_Handler                         0x08000645   Thumb Code     2  stm32f1xx_it.o(i.BusFault_Handler)
    CommanderSend                            0x08000647   Thumb Code    12  freertos.o(i.CommanderSend)
    DMA1_Channel1_IRQHandler                 0x08000655   Thumb Code     6  stm32f1xx_it.o(i.DMA1_Channel1_IRQHandler)
    DebugMon_Handler                         0x0800068b   Thumb Code     2  stm32f1xx_it.o(i.DebugMon_Handler)
    EXTI2_IRQHandler                         0x0800068d   Thumb Code     6  stm32f1xx_it.o(i.EXTI2_IRQHandler)
    EXTI9_5_IRQHandler                       0x08000693   Thumb Code    40  stm32f1xx_it.o(i.EXTI9_5_IRQHandler)
    Error_Handler                            0x080006bb   Thumb Code     4  main.o(i.Error_Handler)
    HAL_ADCEx_InjectedConvCpltCallback       0x080006bf   Thumb Code     2  stm32f1xx_hal_adc_ex.o(i.HAL_ADCEx_InjectedConvCpltCallback)
    HAL_ADC_ConfigChannel                    0x080006c1   Thumb Code   240  stm32f1xx_hal_adc.o(i.HAL_ADC_ConfigChannel)
    HAL_ADC_ConvCpltCallback                 0x080007bd   Thumb Code     2  stm32f1xx_hal_adc.o(i.HAL_ADC_ConvCpltCallback)
    HAL_ADC_ConvHalfCpltCallback             0x080007bf   Thumb Code     2  stm32f1xx_hal_adc.o(i.HAL_ADC_ConvHalfCpltCallback)
    HAL_ADC_ErrorCallback                    0x080007c1   Thumb Code     2  stm32f1xx_hal_adc.o(i.HAL_ADC_ErrorCallback)
    HAL_ADC_IRQHandler                       0x080007c3   Thumb Code   220  stm32f1xx_hal_adc.o(i.HAL_ADC_IRQHandler)
    HAL_ADC_Init                             0x080008a1   Thumb Code   272  stm32f1xx_hal_adc.o(i.HAL_ADC_Init)
    HAL_ADC_LevelOutOfWindowCallback         0x080009bd   Thumb Code     2  stm32f1xx_hal_adc.o(i.HAL_ADC_LevelOutOfWindowCallback)
    HAL_ADC_MspInit                          0x080009c1   Thumb Code   140  adc.o(i.HAL_ADC_MspInit)
    HAL_ADC_Start_DMA                        0x08000a61   Thumb Code   246  stm32f1xx_hal_adc.o(i.HAL_ADC_Start_DMA)
    HAL_DMA_Abort                            0x08000b6d   Thumb Code    70  stm32f1xx_hal_dma.o(i.HAL_DMA_Abort)
    HAL_DMA_Abort_IT                         0x08000bb5   Thumb Code   148  stm32f1xx_hal_dma.o(i.HAL_DMA_Abort_IT)
    HAL_DMA_IRQHandler                       0x08000c4d   Thumb Code   316  stm32f1xx_hal_dma.o(i.HAL_DMA_IRQHandler)
    HAL_DMA_Init                             0x08000da1   Thumb Code    84  stm32f1xx_hal_dma.o(i.HAL_DMA_Init)
    HAL_DMA_Start_IT                         0x08000dfd   Thumb Code   112  stm32f1xx_hal_dma.o(i.HAL_DMA_Start_IT)
    HAL_Delay                                0x08000e6d   Thumb Code    32  stm32f1xx_hal.o(i.HAL_Delay)
    HAL_GPIO_EXTI_Callback                   0x08000e91   Thumb Code   238  radiolink.o(i.HAL_GPIO_EXTI_Callback)
    HAL_GPIO_EXTI_IRQHandler                 0x08000f89   Thumb Code    18  stm32f1xx_hal_gpio.o(i.HAL_GPIO_EXTI_IRQHandler)
    HAL_GPIO_Init                            0x08000fa1   Thumb Code   446  stm32f1xx_hal_gpio.o(i.HAL_GPIO_Init)
    HAL_GPIO_ReadPin                         0x08001181   Thumb Code    10  stm32f1xx_hal_gpio.o(i.HAL_GPIO_ReadPin)
    HAL_GPIO_TogglePin                       0x0800118b   Thumb Code    16  stm32f1xx_hal_gpio.o(i.HAL_GPIO_TogglePin)
    HAL_GPIO_WritePin                        0x0800119b   Thumb Code    10  stm32f1xx_hal_gpio.o(i.HAL_GPIO_WritePin)
    HAL_GetTick                              0x080011a5   Thumb Code     6  stm32f1xx_hal.o(i.HAL_GetTick)
    HAL_I2C_Init                             0x080011b1   Thumb Code   376  stm32f1xx_hal_i2c.o(i.HAL_I2C_Init)
    HAL_I2C_Mem_Write                        0x08001339   Thumb Code   294  stm32f1xx_hal_i2c.o(i.HAL_I2C_Mem_Write)
    HAL_I2C_MspInit                          0x08001469   Thumb Code    82  i2c.o(i.HAL_I2C_MspInit)
    HAL_IncTick                              0x080014c9   Thumb Code    12  stm32f1xx_hal.o(i.HAL_IncTick)
    HAL_Init                                 0x080014d9   Thumb Code    32  stm32f1xx_hal.o(i.HAL_Init)
    HAL_InitTick                             0x080014fd   Thumb Code   118  stm32f1xx_hal_timebase_tim.o(i.HAL_InitTick)
    HAL_MspInit                              0x08001589   Thumb Code    62  stm32f1xx_hal_msp.o(i.HAL_MspInit)
    HAL_NVIC_EnableIRQ                       0x080015d1   Thumb Code    26  stm32f1xx_hal_cortex.o(i.HAL_NVIC_EnableIRQ)
    HAL_NVIC_SetPriority                     0x080015ed   Thumb Code    60  stm32f1xx_hal_cortex.o(i.HAL_NVIC_SetPriority)
    HAL_NVIC_SetPriorityGrouping             0x0800162d   Thumb Code    26  stm32f1xx_hal_cortex.o(i.HAL_NVIC_SetPriorityGrouping)
    HAL_PWR_EnableBkUpAccess                 0x08001651   Thumb Code     8  stm32f1xx_hal_pwr.o(i.HAL_PWR_EnableBkUpAccess)
    HAL_RCCEx_GetPeriphCLKFreq               0x0800165d   Thumb Code   148  stm32f1xx_hal_rcc_ex.o(i.HAL_RCCEx_GetPeriphCLKFreq)
    HAL_RCCEx_PeriphCLKConfig                0x08001701   Thumb Code   224  stm32f1xx_hal_rcc_ex.o(i.HAL_RCCEx_PeriphCLKConfig)
    HAL_RCC_ClockConfig                      0x080017ed   Thumb Code   280  stm32f1xx_hal_rcc.o(i.HAL_RCC_ClockConfig)
    HAL_RCC_GetClockConfig                   0x08001919   Thumb Code    54  stm32f1xx_hal_rcc.o(i.HAL_RCC_GetClockConfig)
    HAL_RCC_GetPCLK1Freq                     0x08001959   Thumb Code    20  stm32f1xx_hal_rcc.o(i.HAL_RCC_GetPCLK1Freq)
    HAL_RCC_GetPCLK2Freq                     0x08001979   Thumb Code    20  stm32f1xx_hal_rcc.o(i.HAL_RCC_GetPCLK2Freq)
    HAL_RCC_GetSysClockFreq                  0x08001999   Thumb Code    58  stm32f1xx_hal_rcc.o(i.HAL_RCC_GetSysClockFreq)
    HAL_RCC_OscConfig                        0x080019e5   Thumb Code   778  stm32f1xx_hal_rcc.o(i.HAL_RCC_OscConfig)
    HAL_RTC_Init                             0x08001d05   Thumb Code   144  stm32f1xx_hal_rtc.o(i.HAL_RTC_Init)
    HAL_RTC_MspInit                          0x08001d99   Thumb Code    40  rtc.o(i.HAL_RTC_MspInit)
    HAL_RTC_SetDate                          0x08001dcd   Thumb Code   192  stm32f1xx_hal_rtc.o(i.HAL_RTC_SetDate)
    HAL_RTC_SetTime                          0x08001e91   Thumb Code   168  stm32f1xx_hal_rtc.o(i.HAL_RTC_SetTime)
    HAL_RTC_WaitForSynchro                   0x08001f3d   Thumb Code    58  stm32f1xx_hal_rtc.o(i.HAL_RTC_WaitForSynchro)
    HAL_SPI_ErrorCallback                    0x08001f77   Thumb Code     2  stm32f1xx_hal_spi.o(i.HAL_SPI_ErrorCallback)
    HAL_SPI_IRQHandler                       0x08001f79   Thumb Code   220  stm32f1xx_hal_spi.o(i.HAL_SPI_IRQHandler)
    HAL_SPI_Init                             0x08002059   Thumb Code   178  stm32f1xx_hal_spi.o(i.HAL_SPI_Init)
    HAL_SPI_MspInit                          0x0800210d   Thumb Code   114  spi.o(i.HAL_SPI_MspInit)
    HAL_SPI_Transmit                         0x0800218d   Thumb Code   366  stm32f1xx_hal_spi.o(i.HAL_SPI_Transmit)
    HAL_SPI_TransmitReceive                  0x080022fb   Thumb Code   494  stm32f1xx_hal_spi.o(i.HAL_SPI_TransmitReceive)
    HAL_TIMEx_BreakCallback                  0x080024e9   Thumb Code     2  stm32f1xx_hal_tim_ex.o(i.HAL_TIMEx_BreakCallback)
    HAL_TIMEx_CommutCallback                 0x080024eb   Thumb Code     2  stm32f1xx_hal_tim_ex.o(i.HAL_TIMEx_CommutCallback)
    HAL_TIM_Base_Init                        0x080024ed   Thumb Code    90  stm32f1xx_hal_tim.o(i.HAL_TIM_Base_Init)
    HAL_TIM_Base_MspInit                     0x08002547   Thumb Code     2  stm32f1xx_hal_tim.o(i.HAL_TIM_Base_MspInit)
    HAL_TIM_Base_Start_IT                    0x08002549   Thumb Code    76  stm32f1xx_hal_tim.o(i.HAL_TIM_Base_Start_IT)
    HAL_TIM_IC_CaptureCallback               0x080025a1   Thumb Code     2  stm32f1xx_hal_tim.o(i.HAL_TIM_IC_CaptureCallback)
    HAL_TIM_IRQHandler                       0x080025a3   Thumb Code   358  stm32f1xx_hal_tim.o(i.HAL_TIM_IRQHandler)
    HAL_TIM_OC_DelayElapsedCallback          0x08002709   Thumb Code     2  stm32f1xx_hal_tim.o(i.HAL_TIM_OC_DelayElapsedCallback)
    HAL_TIM_PWM_PulseFinishedCallback        0x0800270b   Thumb Code     2  stm32f1xx_hal_tim.o(i.HAL_TIM_PWM_PulseFinishedCallback)
    HAL_TIM_PeriodElapsedCallback            0x0800270d   Thumb Code    14  main.o(i.HAL_TIM_PeriodElapsedCallback)
    HAL_TIM_TriggerCallback                  0x08002721   Thumb Code     2  stm32f1xx_hal_tim.o(i.HAL_TIM_TriggerCallback)
    HAL_UARTEx_RxEventCallback               0x08002723   Thumb Code     2  stm32f1xx_hal_uart.o(i.HAL_UARTEx_RxEventCallback)
    HAL_UART_ErrorCallback                   0x08002725   Thumb Code     2  stm32f1xx_hal_uart.o(i.HAL_UART_ErrorCallback)
    HAL_UART_IRQHandler                      0x08002729   Thumb Code   616  stm32f1xx_hal_uart.o(i.HAL_UART_IRQHandler)
    HAL_UART_Init                            0x08002995   Thumb Code   100  stm32f1xx_hal_uart.o(i.HAL_UART_Init)
    HAL_UART_MspInit                         0x080029f9   Thumb Code   116  usart.o(i.HAL_UART_MspInit)
    HAL_UART_Receive_IT                      0x08002a79   Thumb Code    28  stm32f1xx_hal_uart.o(i.HAL_UART_Receive_IT)
    HAL_UART_RxCpltCallback                  0x08002a95   Thumb Code   104  stm32f103_lee_conf.o(i.HAL_UART_RxCpltCallback)
    HAL_UART_Transmit                        0x08002b0d   Thumb Code   154  stm32f1xx_hal_uart.o(i.HAL_UART_Transmit)
    HAL_UART_TxCpltCallback                  0x08002ba7   Thumb Code     2  stm32f1xx_hal_uart.o(i.HAL_UART_TxCpltCallback)
    HardFault_Handler                        0x08002ba9   Thumb Code     2  stm32f1xx_it.o(i.HardFault_Handler)
    HardWare_Init                            0x08002bab   Thumb Code    22  management.o(i.HardWare_Init)
    MX_ADC1_Init                             0x08002e95   Thumb Code    68  adc.o(i.MX_ADC1_Init)
    MX_DMA_Init                              0x08002ee1   Thumb Code    40  dma.o(i.MX_DMA_Init)
    MX_FREERTOS_Init                         0x08002f0d   Thumb Code    84  freertos.o(i.MX_FREERTOS_Init)
    MX_GPIO_Init                             0x08002f75   Thumb Code   208  gpio.o(i.MX_GPIO_Init)
    MX_I2C2_Init                             0x08003055   Thumb Code    50  i2c.o(i.MX_I2C2_Init)
    MX_RTC_Init                              0x08003095   Thumb Code   100  rtc.o(i.MX_RTC_Init)
    MX_SPI1_Init                             0x08003105   Thumb Code    62  spi.o(i.MX_SPI1_Init)
    MX_USART1_UART_Init                      0x0800314d   Thumb Code    48  usart.o(i.MX_USART1_UART_Init)
    Management_Prepare                       0x08003185   Thumb Code    50  management.o(i.Management_Prepare)
    MemManage_Handler                        0x080031d1   Thumb Code     2  stm32f1xx_it.o(i.MemManage_Handler)
    NMI_Handler                              0x080031d3   Thumb Code     2  stm32f1xx_it.o(i.NMI_Handler)
    NRF24L01_Check                           0x080031d5   Thumb Code    62  24l01.o(i.NRF24L01_Check)
    NRF24L01_Init                            0x0800321d   Thumb Code   144  24l01.o(i.NRF24L01_Init)
    NRF24L01_RX_Mode                         0x080032b9   Thumb Code    60  24l01.o(i.NRF24L01_RX_Mode)
    NRF24L01_Read_Buf                        0x080032f9   Thumb Code    74  24l01.o(i.NRF24L01_Read_Buf)
    NRF24L01_Read_Reg                        0x0800334d   Thumb Code    68  24l01.o(i.NRF24L01_Read_Reg)
    NRF24L01_RxPacket                        0x08003399   Thumb Code    62  24l01.o(i.NRF24L01_RxPacket)
    NRF24L01_TX_Mode                         0x080033dd   Thumb Code    52  24l01.o(i.NRF24L01_TX_Mode)
    NRF24L01_TxPacket                        0x08003415   Thumb Code    92  24l01.o(i.NRF24L01_TxPacket)
    NRF24L01_Write_Buf                       0x08003479   Thumb Code    60  24l01.o(i.NRF24L01_Write_Buf)
    NRF24L01_Write_Reg                       0x080034bd   Thumb Code    54  24l01.o(i.NRF24L01_Write_Reg)
    OLED_Clear                               0x080034fd   Thumb Code    52  oled.o(i.OLED_Clear)
    OLED_Init                                0x08003531   Thumb Code    16  oled.o(i.OLED_Init)
    OLED_Set_Pos                             0x08003541   Thumb Code    34  oled.o(i.OLED_Set_Pos)
    OLED_ShowChar                            0x08003565   Thumb Code   126  oled.o(i.OLED_ShowChar)
    OLED_ShowString                          0x080035ed   Thumb Code    54  oled.o(i.OLED_ShowString)
    OLED_WR_CMD                              0x08003625   Thumb Code    32  oled.o(i.OLED_WR_CMD)
    OLED_WR_DATA                             0x08003649   Thumb Code    32  oled.o(i.OLED_WR_DATA)
    Packdata                                 0x0800366d   Thumb Code   154  remoter_ctrl.o(i.Packdata)
    RadioLink                                0x08003873   Thumb Code    12  freertos.o(i.RadioLink)
    SPI1_IRQHandler                          0x08003881   Thumb Code     6  stm32f1xx_it.o(i.SPI1_IRQHandler)
    SendTestSignal                           0x08003975   Thumb Code    44  radiolink.o(i.SendTestSignal)
    StartDefaultTask                         0x080039a9   Thumb Code    48  freertos.o(i.StartDefaultTask)
    SysTick_Handler                          0x080039e1   Thumb Code    38  port.o(i.SysTick_Handler)
    SystemClock_Config                       0x08003a0d   Thumb Code   132  main.o(i.SystemClock_Config)
    SystemInit                               0x08003a91   Thumb Code     2  system_stm32f1xx.o(i.SystemInit)
    TIM1_UP_IRQHandler                       0x08003a95   Thumb Code     6  stm32f1xx_it.o(i.TIM1_UP_IRQHandler)
    TIM_Base_SetConfig                       0x08003aa1   Thumb Code    94  stm32f1xx_hal_tim.o(i.TIM_Base_SetConfig)
    UART_Start_Receive_IT                    0x08003ce5   Thumb Code    54  stm32f1xx_hal_uart.o(i.UART_Start_Receive_IT)
    UI_Display                               0x08003d95   Thumb Code    46  management.o(i.UI_Display)
    USART1_IRQHandler                        0x08003df1   Thumb Code     6  stm32f1xx_it.o(i.USART1_IRQHandler)
    UsageFault_Handler                       0x08003dfd   Thumb Code     2  stm32f1xx_it.o(i.UsageFault_Handler)
    WaitResultofTest                         0x08003e01   Thumb Code    90  radiolink.o(i.WaitResultofTest)
    WriteCmd                                 0x08003e65   Thumb Code    42  oled.o(i.WriteCmd)
    assertFail                               0x08003ed1   Thumb Code     2  stm32f103_lee_conf.o(i.assertFail)
    commanderTask                            0x08003ed5   Thumb Code   146  remoter_ctrl.o(i.commanderTask)
    deadband                                 0x08003f8d   Thumb Code    36  joystick.o(i.deadband)
    getFlyDataADCValue                       0x08003fb1   Thumb Code    20  joystick.o(i.getFlyDataADCValue)
    getJoystick1Dir                          0x08003fc9   Thumb Code   134  joystick.o(i.getJoystick1Dir)
    getJoystick2Dir                          0x08004055   Thumb Code   134  joystick.o(i.getJoystick2Dir)
    joystickInit                             0x080040e1   Thumb Code    10  joystick.o(i.joystickInit)
    limit                                    0x080040f5   Thumb Code    36  remoter_ctrl.o(i.limit)
    main                                     0x08004119   Thumb Code    54  main.o(i.main)
    osDelay                                  0x08004151   Thumb Code    46  cmsis_os2.o(i.osDelay)
    osEventFlagsClear                        0x08004185   Thumb Code    82  cmsis_os2.o(i.osEventFlagsClear)
    osEventFlagsNew                          0x080041dd   Thumb Code    64  cmsis_os2.o(i.osEventFlagsNew)
    osEventFlagsSet                          0x08004221   Thumb Code    98  cmsis_os2.o(i.osEventFlagsSet)
    osKernelInitialize                       0x0800428d   Thumb Code    50  cmsis_os2.o(i.osKernelInitialize)
    osKernelStart                            0x080042c5   Thumb Code    58  cmsis_os2.o(i.osKernelStart)
    osMessageQueueGet                        0x08004305   Thumb Code   116  cmsis_os2.o(i.osMessageQueueGet)
    osMessageQueueNew                        0x08004381   Thumb Code   110  cmsis_os2.o(i.osMessageQueueNew)
    osMessageQueuePut                        0x080043f5   Thumb Code   120  cmsis_os2.o(i.osMessageQueuePut)
    osSemaphoreAcquire                       0x08004475   Thumb Code   108  cmsis_os2.o(i.osSemaphoreAcquire)
    osSemaphoreNew                           0x080044e9   Thumb Code   172  cmsis_os2.o(i.osSemaphoreNew)
    osSemaphoreRelease                       0x08004599   Thumb Code   102  cmsis_os2.o(i.osSemaphoreRelease)
    osThreadNew                              0x08004609   Thumb Code   160  cmsis_os2.o(i.osThreadNew)
    osThreadResume                           0x080046ad   Thumb Code    52  cmsis_os2.o(i.osThreadResume)
    osThreadSuspend                          0x080046e5   Thumb Code    52  cmsis_os2.o(i.osThreadSuspend)
    pvPortMalloc                             0x08004e95   Thumb Code   210  heap_4.o(i.pvPortMalloc)
    pvTaskIncrementMutexHeldCount            0x08004f6d   Thumb Code    18  tasks.o(i.pvTaskIncrementMutexHeldCount)
    pxPortInitialiseStack                    0x08004f85   Thumb Code    32  port.o(i.pxPortInitialiseStack)
    radiolinkInit                            0x08004fa9   Thumb Code    32  radiolink.o(i.radiolinkInit)
    radiolinkSendPacketBlocking              0x08004fc9   Thumb Code    36  radiolink.o(i.radiolinkSendPacketBlocking)
    radiolinkTask                            0x0800500d   Thumb Code    94  radiolink.o(i.radiolinkTask)
    uxListRemove                             0x0800507d   Thumb Code    38  list.o(i.uxListRemove)
    vApplicationGetIdleTaskMemory            0x080050a5   Thumb Code    16  cmsis_os2.o(i.vApplicationGetIdleTaskMemory)
    vApplicationGetTimerTaskMemory           0x080050b9   Thumb Code    18  cmsis_os2.o(i.vApplicationGetTimerTaskMemory)
    vEventGroupClearBitsCallback             0x080050d1   Thumb Code     4  event_groups.o(i.vEventGroupClearBitsCallback)
    vEventGroupSetBitsCallback               0x080050d5   Thumb Code     4  event_groups.o(i.vEventGroupSetBitsCallback)
    vListInitialise                          0x080050d9   Thumb Code    22  list.o(i.vListInitialise)
    vListInitialiseItem                      0x080050ef   Thumb Code     6  list.o(i.vListInitialiseItem)
    vListInsert                              0x080050f5   Thumb Code    48  list.o(i.vListInsert)
    vListInsertEnd                           0x08005125   Thumb Code    24  list.o(i.vListInsertEnd)
    vPortEnterCritical                       0x0800513d   Thumb Code    54  port.o(i.vPortEnterCritical)
    vPortExitCritical                        0x0800517d   Thumb Code    34  port.o(i.vPortExitCritical)
    vPortFree                                0x080051a5   Thumb Code    88  heap_4.o(i.vPortFree)
    vPortSetupTimerInterrupt                 0x08005201   Thumb Code    32  port.o(i.vPortSetupTimerInterrupt)
    vPortValidateInterruptPriority           0x08005225   Thumb Code    74  port.o(i.vPortValidateInterruptPriority)
    vQueueAddToRegistry                      0x08005279   Thumb Code    34  queue.o(i.vQueueAddToRegistry)
    vQueueDelete                             0x080052a1   Thumb Code    46  queue.o(i.vQueueDelete)
    vQueueUnregisterQueue                    0x080052d1   Thumb Code    36  queue.o(i.vQueueUnregisterQueue)
    vQueueWaitForMessageRestricted           0x080052f9   Thumb Code    68  queue.o(i.vQueueWaitForMessageRestricted)
    vTaskDelay                               0x0800533d   Thumb Code    66  tasks.o(i.vTaskDelay)
    vTaskInternalSetTimeOutState             0x08005389   Thumb Code    12  tasks.o(i.vTaskInternalSetTimeOutState)
    vTaskMissedYield                         0x08005399   Thumb Code     8  tasks.o(i.vTaskMissedYield)
    vTaskPlaceOnEventList                    0x080053a5   Thumb Code    44  tasks.o(i.vTaskPlaceOnEventList)
    vTaskPlaceOnEventListRestricted          0x080053d5   Thumb Code    52  tasks.o(i.vTaskPlaceOnEventListRestricted)
    vTaskPriorityDisinheritAfterTimeout      0x0800540d   Thumb Code   134  tasks.o(i.vTaskPriorityDisinheritAfterTimeout)
    vTaskRemoveFromUnorderedEventList        0x0800549d   Thumb Code   102  tasks.o(i.vTaskRemoveFromUnorderedEventList)
    vTaskResume                              0x0800550d   Thumb Code   110  tasks.o(i.vTaskResume)
    vTaskStartScheduler                      0x08005589   Thumb Code   118  tasks.o(i.vTaskStartScheduler)
    vTaskSuspend                             0x08005611   Thumb Code   144  tasks.o(i.vTaskSuspend)
    vTaskSuspendAll                          0x080056ad   Thumb Code    10  tasks.o(i.vTaskSuspendAll)
    vTaskSwitchContext                       0x080056bd   Thumb Code    90  tasks.o(i.vTaskSwitchContext)
    xEventGroupClearBits                     0x08005721   Thumb Code    64  event_groups.o(i.xEventGroupClearBits)
    xEventGroupClearBitsFromISR              0x08005761   Thumb Code    12  event_groups.o(i.xEventGroupClearBitsFromISR)
    xEventGroupCreate                        0x08005771   Thumb Code    28  event_groups.o(i.xEventGroupCreate)
    xEventGroupCreateStatic                  0x0800578d   Thumb Code    44  event_groups.o(i.xEventGroupCreateStatic)
    xEventGroupGetBitsFromISR                0x080057b9   Thumb Code    26  event_groups.o(i.xEventGroupGetBitsFromISR)
    xEventGroupSetBits                       0x080057d3   Thumb Code   140  event_groups.o(i.xEventGroupSetBits)
    xEventGroupSetBitsFromISR                0x08005861   Thumb Code    12  event_groups.o(i.xEventGroupSetBitsFromISR)
    xPortStartScheduler                      0x08005871   Thumb Code   154  port.o(i.xPortStartScheduler)
    xQueueCreateCountingSemaphore            0x08005919   Thumb Code    58  queue.o(i.xQueueCreateCountingSemaphore)
    xQueueCreateCountingSemaphoreStatic      0x08005953   Thumb Code    64  queue.o(i.xQueueCreateCountingSemaphoreStatic)
    xQueueGenericCreate                      0x08005993   Thumb Code    72  queue.o(i.xQueueGenericCreate)
    xQueueGenericCreateStatic                0x080059db   Thumb Code   102  queue.o(i.xQueueGenericCreateStatic)
    xQueueGenericReset                       0x08005a41   Thumb Code   132  queue.o(i.xQueueGenericReset)
    xQueueGenericSend                        0x08005ac9   Thumb Code   346  queue.o(i.xQueueGenericSend)
    xQueueGenericSendFromISR                 0x08005c29   Thumb Code   188  queue.o(i.xQueueGenericSendFromISR)
    xQueueGiveFromISR                        0x08005ce5   Thumb Code   156  queue.o(i.xQueueGiveFromISR)
    xQueueReceive                            0x08005d81   Thumb Code   308  queue.o(i.xQueueReceive)
    xQueueReceiveFromISR                     0x08005eb9   Thumb Code   154  queue.o(i.xQueueReceiveFromISR)
    xQueueSemaphoreTake                      0x08005f55   Thumb Code   372  queue.o(i.xQueueSemaphoreTake)
    xTaskCheckForTimeOut                     0x080060cd   Thumb Code   112  tasks.o(i.xTaskCheckForTimeOut)
    xTaskCreate                              0x08006141   Thumb Code    90  tasks.o(i.xTaskCreate)
    xTaskCreateStatic                        0x0800619b   Thumb Code    86  tasks.o(i.xTaskCreateStatic)
    xTaskGetSchedulerState                   0x080061f1   Thumb Code    22  tasks.o(i.xTaskGetSchedulerState)
    xTaskGetTickCount                        0x0800620d   Thumb Code     6  tasks.o(i.xTaskGetTickCount)
    xTaskIncrementTick                       0x08006219   Thumb Code   190  tasks.o(i.xTaskIncrementTick)
    xTaskPriorityDisinherit                  0x080062e1   Thumb Code   118  tasks.o(i.xTaskPriorityDisinherit)
    xTaskPriorityInherit                     0x08006361   Thumb Code   112  tasks.o(i.xTaskPriorityInherit)
    xTaskRemoveFromEventList                 0x080063d9   Thumb Code    98  tasks.o(i.xTaskRemoveFromEventList)
    xTaskResumeAll                           0x08006449   Thumb Code   182  tasks.o(i.xTaskResumeAll)
    xTimerCreateTimerTask                    0x0800650d   Thumb Code    78  timers.o(i.xTimerCreateTimerTask)
    xTimerGenericCommand                     0x0800656d   Thumb Code    98  timers.o(i.xTimerGenericCommand)
    xTimerPendFunctionCallFromISR            0x080065d5   Thumb Code    34  timers.o(i.xTimerPendFunctionCallFromISR)
    __aeabi_fadd                             0x080065fd   Thumb Code     0  faddsub_clz.o(x$fpl$fadd)
    _fadd                                    0x080065fd   Thumb Code   196  faddsub_clz.o(x$fpl$fadd)
    __fpl_fcmp_Inf                           0x080066c1   Thumb Code    24  fcmpi.o(x$fpl$fcmpinf)
    __aeabi_fdiv                             0x080066d9   Thumb Code     0  fdiv.o(x$fpl$fdiv)
    _fdiv                                    0x080066d9   Thumb Code   384  fdiv.o(x$fpl$fdiv)
    __aeabi_f2iz                             0x0800685d   Thumb Code     0  ffix.o(x$fpl$ffix)
    _ffix                                    0x0800685d   Thumb Code    54  ffix.o(x$fpl$ffix)
    __aeabi_f2uiz                            0x08006895   Thumb Code     0  ffixu.o(x$fpl$ffixu)
    _ffixu                                   0x08006895   Thumb Code    62  ffixu.o(x$fpl$ffixu)
    __aeabi_i2f                              0x080068d5   Thumb Code     0  fflt_clz.o(x$fpl$fflt)
    _fflt                                    0x080068d5   Thumb Code    48  fflt_clz.o(x$fpl$fflt)
    __aeabi_cfcmple                          0x08006905   Thumb Code     0  fleqf.o(x$fpl$fleqf)
    _fcmple                                  0x08006905   Thumb Code   104  fleqf.o(x$fpl$fleqf)
    __fpl_fcmple_InfNaN                      0x08006957   Thumb Code     0  fleqf.o(x$fpl$fleqf)
    __aeabi_fmul                             0x0800696d   Thumb Code     0  fmul.o(x$fpl$fmul)
    _fmul                                    0x0800696d   Thumb Code   258  fmul.o(x$fpl$fmul)
    __fpl_fnaninf                            0x08006a6f   Thumb Code   140  fnaninf.o(x$fpl$fnaninf)
    __fpl_fretinf                            0x08006afb   Thumb Code    10  fretinf.o(x$fpl$fretinf)
    __aeabi_cfrcmple                         0x08006b05   Thumb Code     0  frleqf.o(x$fpl$frleqf)
    _frcmple                                 0x08006b05   Thumb Code    98  frleqf.o(x$fpl$frleqf)
    __aeabi_fsub                             0x08006b69   Thumb Code     0  faddsub_clz.o(x$fpl$fsub)
    _fsub                                    0x08006b69   Thumb Code   234  faddsub_clz.o(x$fpl$fsub)
    TX_ADDRESS                               0x08006c52   Data           5  24l01.o(.constdata)
    __I$use$fp                               0x08006c52   Number         0  usenofp.o(x$fpl$usenofp)
    RX_ADDRESS                               0x08006c57   Data           5  24l01.o(.constdata)
    F6x8                                     0x08006c5c   Data         552  oled.o(.constdata)
    F8X16                                    0x08006e84   Data        1504  oled.o(.constdata)
    Hzk                                      0x08007464   Data         448  oled.o(.constdata)
    MainTask_attributes                      0x08007624   Data          36  freertos.o(.constdata)
    Radiolink_attributes                     0x08007648   Data          36  freertos.o(.constdata)
    Commandersend_attributes                 0x0800766c   Data          36  freertos.o(.constdata)
    txQueue_attributes                       0x08007690   Data          24  freertos.o(.constdata)
    nrfIT_attributes                         0x080076a8   Data          16  freertos.o(.constdata)
    REM_StatusFlag_attributes                0x080076b8   Data          16  freertos.o(.constdata)
    AHBPrescTable                            0x080076c8   Data          16  system_stm32f1xx.o(.constdata)
    APBPrescTable                            0x080076d8   Data           8  system_stm32f1xx.o(.constdata)
    Region$$Table$$Base                      0x0800774c   Number         0  anon$$obj.o(Region$$Table)
    Region$$Table$$Limit                     0x0800776c   Number         0  anon$$obj.o(Region$$Table)
    ADC_ConvertedValue                       0x20000002   Data           8  joystick.o(.data)
    Joystick1_DIR                            0x2000000f   Data           1  remoter_ctrl.o(.data)
    Joystick2_DIR                            0x20000010   Data           1  remoter_ctrl.o(.data)
    MainTaskHandle                           0x20000014   Data           4  freertos.o(.data)
    RadiolinkHandle                          0x20000018   Data           4  freertos.o(.data)
    CommandersendHandle                      0x2000001c   Data           4  freertos.o(.data)
    txQueueHandle                            0x20000020   Data           4  freertos.o(.data)
    nrfITHandle                              0x20000024   Data           4  freertos.o(.data)
    REM_StatusFlagHandle                     0x20000028   Data           4  freertos.o(.data)
    SystemCoreClock                          0x2000002c   Data           4  system_stm32f1xx.o(.data)
    aRxBuffer                                0x20000030   Data           1  stm32f103_lee_conf.o(.data)
    USART_RX_STA                             0x20000032   Data           2  stm32f103_lee_conf.o(.data)
    uwTickFreq                               0x20000034   Data           1  stm32f1xx_hal.o(.data)
    uwTickPrio                               0x20000038   Data           4  stm32f1xx_hal.o(.data)
    uwTick                                   0x2000003c   Data           4  stm32f1xx_hal.o(.data)
    pxCurrentTCB                             0x20000040   Data           4  tasks.o(.data)
    packetData                               0x200000e0   Data          12  remoter_ctrl.o(.bss)
    percent                                  0x200000ec   Data          16  remoter_ctrl.o(.bss)
    hadc1                                    0x200000fc   Data          48  adc.o(.bss)
    hdma_adc1                                0x2000012c   Data          68  adc.o(.bss)
    hi2c2                                    0x20000170   Data          84  i2c.o(.bss)
    hrtc                                     0x200001c4   Data          20  rtc.o(.bss)
    hspi1                                    0x200001d8   Data          88  spi.o(.bss)
    huart1                                   0x20000230   Data          72  usart.o(.bss)
    htim1                                    0x20000278   Data          72  stm32f1xx_hal_timebase_tim.o(.bss)
    USART_RX_BUF                             0x200002c0   Data         200  stm32f103_lee_conf.o(.bss)
    xQueueRegistry                           0x20000388   Data          64  queue.o(.bss)
    __libspace_start                         0x20001c5c   Data          96  libspace.o(.bss)
    __temporary_stack_top$libspace           0x20001cbc   Data           0  libspace.o(.bss)



==============================================================================

Memory Map of the image

  Image Entry point : 0x080000ed

  Load Region LR_IROM1 (Base: 0x08000000, Size: 0x00007824, Max: 0x00010000, ABSOLUTE)

    Execution Region ER_IROM1 (Exec base: 0x08000000, Load base: 0x08000000, Size: 0x0000776c, Max: 0x00010000, ABSOLUTE)

    Exec Addr    Load Addr    Size         Type   Attr      Idx    E Section Name        Object

    0x08000000   0x08000000   0x000000ec   Data   RO            3    RESET               startup_stm32f103xb.o
    0x080000ec   0x080000ec   0x00000008   Code   RO         6555  * !!!main             c_w.l(__main.o)
    0x080000f4   0x080000f4   0x00000034   Code   RO         6753    !!!scatter          c_w.l(__scatter.o)
    0x08000128   0x08000128   0x0000001a   Code   RO         6755    !!handler_copy      c_w.l(__scatter_copy.o)
    0x08000142   0x08000142   0x00000002   PAD
    0x08000144   0x08000144   0x0000001c   Code   RO         6757    !!handler_zi        c_w.l(__scatter_zi.o)
    0x08000160   0x08000160   0x00000002   Code   RO         6621    .ARM.Collect$$libinit$$00000000  c_w.l(libinit.o)
    0x08000162   0x08000162   0x00000000   Code   RO         6628    .ARM.Collect$$libinit$$00000002  c_w.l(libinit2.o)
    0x08000162   0x08000162   0x00000000   Code   RO         6630    .ARM.Collect$$libinit$$00000004  c_w.l(libinit2.o)
    0x08000162   0x08000162   0x00000000   Code   RO         6633    .ARM.Collect$$libinit$$0000000A  c_w.l(libinit2.o)
    0x08000162   0x08000162   0x00000000   Code   RO         6635    .ARM.Collect$$libinit$$0000000C  c_w.l(libinit2.o)
    0x08000162   0x08000162   0x00000000   Code   RO         6637    .ARM.Collect$$libinit$$0000000E  c_w.l(libinit2.o)
    0x08000162   0x08000162   0x00000000   Code   RO         6640    .ARM.Collect$$libinit$$00000011  c_w.l(libinit2.o)
    0x08000162   0x08000162   0x00000000   Code   RO         6642    .ARM.Collect$$libinit$$00000013  c_w.l(libinit2.o)
    0x08000162   0x08000162   0x00000000   Code   RO         6644    .ARM.Collect$$libinit$$00000015  c_w.l(libinit2.o)
    0x08000162   0x08000162   0x00000000   Code   RO         6646    .ARM.Collect$$libinit$$00000017  c_w.l(libinit2.o)
    0x08000162   0x08000162   0x00000000   Code   RO         6648    .ARM.Collect$$libinit$$00000019  c_w.l(libinit2.o)
    0x08000162   0x08000162   0x00000000   Code   RO         6650    .ARM.Collect$$libinit$$0000001B  c_w.l(libinit2.o)
    0x08000162   0x08000162   0x00000000   Code   RO         6652    .ARM.Collect$$libinit$$0000001D  c_w.l(libinit2.o)
    0x08000162   0x08000162   0x00000000   Code   RO         6654    .ARM.Collect$$libinit$$0000001F  c_w.l(libinit2.o)
    0x08000162   0x08000162   0x00000000   Code   RO         6656    .ARM.Collect$$libinit$$00000021  c_w.l(libinit2.o)
    0x08000162   0x08000162   0x00000000   Code   RO         6658    .ARM.Collect$$libinit$$00000023  c_w.l(libinit2.o)
    0x08000162   0x08000162   0x00000000   Code   RO         6660    .ARM.Collect$$libinit$$00000025  c_w.l(libinit2.o)
    0x08000162   0x08000162   0x00000000   Code   RO         6664    .ARM.Collect$$libinit$$0000002C  c_w.l(libinit2.o)
    0x08000162   0x08000162   0x00000000   Code   RO         6666    .ARM.Collect$$libinit$$0000002E  c_w.l(libinit2.o)
    0x08000162   0x08000162   0x00000000   Code   RO         6668    .ARM.Collect$$libinit$$00000030  c_w.l(libinit2.o)
    0x08000162   0x08000162   0x00000000   Code   RO         6670    .ARM.Collect$$libinit$$00000032  c_w.l(libinit2.o)
    0x08000162   0x08000162   0x00000002   Code   RO         6671    .ARM.Collect$$libinit$$00000033  c_w.l(libinit2.o)
    0x08000164   0x08000164   0x00000002   Code   RO         6691    .ARM.Collect$$libshutdown$$00000000  c_w.l(libshutdown.o)
    0x08000166   0x08000166   0x00000000   Code   RO         6704    .ARM.Collect$$libshutdown$$00000002  c_w.l(libshutdown2.o)
    0x08000166   0x08000166   0x00000000   Code   RO         6706    .ARM.Collect$$libshutdown$$00000004  c_w.l(libshutdown2.o)
    0x08000166   0x08000166   0x00000000   Code   RO         6708    .ARM.Collect$$libshutdown$$00000006  c_w.l(libshutdown2.o)
    0x08000166   0x08000166   0x00000000   Code   RO         6711    .ARM.Collect$$libshutdown$$00000009  c_w.l(libshutdown2.o)
    0x08000166   0x08000166   0x00000000   Code   RO         6714    .ARM.Collect$$libshutdown$$0000000C  c_w.l(libshutdown2.o)
    0x08000166   0x08000166   0x00000000   Code   RO         6716    .ARM.Collect$$libshutdown$$0000000E  c_w.l(libshutdown2.o)
    0x08000166   0x08000166   0x00000000   Code   RO         6719    .ARM.Collect$$libshutdown$$00000011  c_w.l(libshutdown2.o)
    0x08000166   0x08000166   0x00000002   Code   RO         6720    .ARM.Collect$$libshutdown$$00000012  c_w.l(libshutdown2.o)
    0x08000168   0x08000168   0x00000000   Code   RO         6587    .ARM.Collect$$rtentry$$00000000  c_w.l(__rtentry.o)
    0x08000168   0x08000168   0x00000000   Code   RO         6598    .ARM.Collect$$rtentry$$00000002  c_w.l(__rtentry2.o)
    0x08000168   0x08000168   0x00000006   Code   RO         6610    .ARM.Collect$$rtentry$$00000004  c_w.l(__rtentry4.o)
    0x0800016e   0x0800016e   0x00000000   Code   RO         6600    .ARM.Collect$$rtentry$$00000009  c_w.l(__rtentry2.o)
    0x0800016e   0x0800016e   0x00000004   Code   RO         6601    .ARM.Collect$$rtentry$$0000000A  c_w.l(__rtentry2.o)
    0x08000172   0x08000172   0x00000000   Code   RO         6603    .ARM.Collect$$rtentry$$0000000C  c_w.l(__rtentry2.o)
    0x08000172   0x08000172   0x00000008   Code   RO         6604    .ARM.Collect$$rtentry$$0000000D  c_w.l(__rtentry2.o)
    0x0800017a   0x0800017a   0x00000002   Code   RO         6625    .ARM.Collect$$rtexit$$00000000  c_w.l(rtexit.o)
    0x0800017c   0x0800017c   0x00000000   Code   RO         6673    .ARM.Collect$$rtexit$$00000002  c_w.l(rtexit2.o)
    0x0800017c   0x0800017c   0x00000004   Code   RO         6674    .ARM.Collect$$rtexit$$00000003  c_w.l(rtexit2.o)
    0x08000180   0x08000180   0x00000006   Code   RO         6675    .ARM.Collect$$rtexit$$00000004  c_w.l(rtexit2.o)
    0x08000186   0x08000186   0x00000002   PAD
    0x08000188   0x08000188   0x00000096   Code   RO         6462    .emb_text           port.o
    0x0800021e   0x0800021e   0x00000002   PAD
    0x08000220   0x08000220   0x00000040   Code   RO            4    .text               startup_stm32f103xb.o
    0x08000260   0x08000260   0x0000008a   Code   RO         6543    .text               c_w.l(rt_memcpy_v6.o)
    0x080002ea   0x080002ea   0x00000064   Code   RO         6545    .text               c_w.l(rt_memcpy_w.o)
    0x0800034e   0x0800034e   0x00000010   Code   RO         6549    .text               c_w.l(aeabi_memset.o)
    0x0800035e   0x0800035e   0x0000004e   Code   RO         6551    .text               c_w.l(rt_memclr_w.o)
    0x080003ac   0x080003ac   0x00000006   Code   RO         6553    .text               c_w.l(heapauxi.o)
    0x080003b2   0x080003b2   0x00000044   Code   RO         6588    .text               c_w.l(rt_memclr.o)
    0x080003f6   0x080003f6   0x0000004a   Code   RO         6612    .text               c_w.l(sys_stackheap_outer.o)
    0x08000440   0x08000440   0x00000012   Code   RO         6614    .text               c_w.l(exit.o)
    0x08000452   0x08000452   0x00000002   PAD
    0x08000454   0x08000454   0x00000008   Code   RO         6622    .text               c_w.l(libspace.o)
    0x0800045c   0x0800045c   0x0000000c   Code   RO         6683    .text               c_w.l(sys_exit.o)
    0x08000468   0x08000468   0x00000002   Code   RO         6694    .text               c_w.l(use_no_semi.o)
    0x0800046a   0x0800046a   0x00000000   Code   RO         6696    .text               c_w.l(indicate_semi.o)
    0x0800046a   0x0800046a   0x00000002   PAD
    0x0800046c   0x0800046c   0x0000000c   Code   RO         1010    i.ADC1_2_IRQHandler  stm32f1xx_it.o
    0x08000478   0x08000478   0x00000056   Code   RO         1312    i.ADC_ConversionStop_Disable  stm32f1xx_hal_adc.o
    0x080004ce   0x080004ce   0x0000004e   Code   RO         1313    i.ADC_DMAConvCplt   stm32f1xx_hal_adc.o
    0x0800051c   0x0800051c   0x0000001a   Code   RO         1314    i.ADC_DMAError      stm32f1xx_hal_adc.o
    0x08000536   0x08000536   0x0000000a   Code   RO         1315    i.ADC_DMAHalfConvCplt  stm32f1xx_hal_adc.o
    0x08000540   0x08000540   0x0000007c   Code   RO         1316    i.ADC_Enable        stm32f1xx_hal_adc.o
    0x080005bc   0x080005bc   0x00000088   Code   RO          294    i.ADCtoFlyDataPercent  joystick.o
    0x08000644   0x08000644   0x00000002   Code   RO         1011    i.BusFault_Handler  stm32f1xx_it.o
    0x08000646   0x08000646   0x0000000c   Code   RO          723    i.CommanderSend     freertos.o
    0x08000652   0x08000652   0x00000002   PAD
    0x08000654   0x08000654   0x0000000c   Code   RO         1012    i.DMA1_Channel1_IRQHandler  stm32f1xx_it.o
    0x08000660   0x08000660   0x0000002a   Code   RO         1968    i.DMA_SetConfig     stm32f1xx_hal_dma.o
    0x0800068a   0x0800068a   0x00000002   Code   RO         1013    i.DebugMon_Handler  stm32f1xx_it.o
    0x0800068c   0x0800068c   0x00000006   Code   RO         1014    i.EXTI2_IRQHandler  stm32f1xx_it.o
    0x08000692   0x08000692   0x00000028   Code   RO         1015    i.EXTI9_5_IRQHandler  stm32f1xx_it.o
    0x080006ba   0x080006ba   0x00000004   Code   RO          639    i.Error_Handler     main.o
    0x080006be   0x080006be   0x00000002   Code   RO         1494    i.HAL_ADCEx_InjectedConvCpltCallback  stm32f1xx_hal_adc_ex.o
    0x080006c0   0x080006c0   0x000000fc   Code   RO         1318    i.HAL_ADC_ConfigChannel  stm32f1xx_hal_adc.o
    0x080007bc   0x080007bc   0x00000002   Code   RO         1319    i.HAL_ADC_ConvCpltCallback  stm32f1xx_hal_adc.o
    0x080007be   0x080007be   0x00000002   Code   RO         1320    i.HAL_ADC_ConvHalfCpltCallback  stm32f1xx_hal_adc.o
    0x080007c0   0x080007c0   0x00000002   Code   RO         1322    i.HAL_ADC_ErrorCallback  stm32f1xx_hal_adc.o
    0x080007c2   0x080007c2   0x000000dc   Code   RO         1326    i.HAL_ADC_IRQHandler  stm32f1xx_hal_adc.o
    0x0800089e   0x0800089e   0x00000002   PAD
    0x080008a0   0x080008a0   0x0000011c   Code   RO         1327    i.HAL_ADC_Init      stm32f1xx_hal_adc.o
    0x080009bc   0x080009bc   0x00000002   Code   RO         1328    i.HAL_ADC_LevelOutOfWindowCallback  stm32f1xx_hal_adc.o
    0x080009be   0x080009be   0x00000002   PAD
    0x080009c0   0x080009c0   0x000000a0   Code   RO          777    i.HAL_ADC_MspInit   adc.o
    0x08000a60   0x08000a60   0x0000010c   Code   RO         1334    i.HAL_ADC_Start_DMA  stm32f1xx_hal_adc.o
    0x08000b6c   0x08000b6c   0x00000046   Code   RO         1969    i.HAL_DMA_Abort     stm32f1xx_hal_dma.o
    0x08000bb2   0x08000bb2   0x00000002   PAD
    0x08000bb4   0x08000bb4   0x00000098   Code   RO         1970    i.HAL_DMA_Abort_IT  stm32f1xx_hal_dma.o
    0x08000c4c   0x08000c4c   0x00000154   Code   RO         1974    i.HAL_DMA_IRQHandler  stm32f1xx_hal_dma.o
    0x08000da0   0x08000da0   0x0000005c   Code   RO         1975    i.HAL_DMA_Init      stm32f1xx_hal_dma.o
    0x08000dfc   0x08000dfc   0x00000070   Code   RO         1979    i.HAL_DMA_Start_IT  stm32f1xx_hal_dma.o
    0x08000e6c   0x08000e6c   0x00000024   Code   RO         1595    i.HAL_Delay         stm32f1xx_hal.o
    0x08000e90   0x08000e90   0x000000f8   Code   RO          512    i.HAL_GPIO_EXTI_Callback  radiolink.o
    0x08000f88   0x08000f88   0x00000018   Code   RO         1904    i.HAL_GPIO_EXTI_IRQHandler  stm32f1xx_hal_gpio.o
    0x08000fa0   0x08000fa0   0x000001e0   Code   RO         1905    i.HAL_GPIO_Init     stm32f1xx_hal_gpio.o
    0x08001180   0x08001180   0x0000000a   Code   RO         1907    i.HAL_GPIO_ReadPin  stm32f1xx_hal_gpio.o
    0x0800118a   0x0800118a   0x00000010   Code   RO         1908    i.HAL_GPIO_TogglePin  stm32f1xx_hal_gpio.o
    0x0800119a   0x0800119a   0x0000000a   Code   RO         1909    i.HAL_GPIO_WritePin  stm32f1xx_hal_gpio.o
    0x080011a4   0x080011a4   0x0000000c   Code   RO         1599    i.HAL_GetTick       stm32f1xx_hal.o
    0x080011b0   0x080011b0   0x00000188   Code   RO         2576    i.HAL_I2C_Init      stm32f1xx_hal_i2c.o
    0x08001338   0x08001338   0x00000130   Code   RO         2597    i.HAL_I2C_Mem_Write  stm32f1xx_hal_i2c.o
    0x08001468   0x08001468   0x00000060   Code   RO          843    i.HAL_I2C_MspInit   i2c.o
    0x080014c8   0x080014c8   0x00000010   Code   RO         1605    i.HAL_IncTick       stm32f1xx_hal.o
    0x080014d8   0x080014d8   0x00000024   Code   RO         1606    i.HAL_Init          stm32f1xx_hal.o
    0x080014fc   0x080014fc   0x0000008c   Code   RO         1134    i.HAL_InitTick      stm32f1xx_hal_timebase_tim.o
    0x08001588   0x08001588   0x00000048   Code   RO         1110    i.HAL_MspInit       stm32f1xx_hal_msp.o
    0x080015d0   0x080015d0   0x0000001a   Code   RO         2065    i.HAL_NVIC_EnableIRQ  stm32f1xx_hal_cortex.o
    0x080015ea   0x080015ea   0x00000002   PAD
    0x080015ec   0x080015ec   0x00000040   Code   RO         2071    i.HAL_NVIC_SetPriority  stm32f1xx_hal_cortex.o
    0x0800162c   0x0800162c   0x00000024   Code   RO         2072    i.HAL_NVIC_SetPriorityGrouping  stm32f1xx_hal_cortex.o
    0x08001650   0x08001650   0x0000000c   Code   RO         2187    i.HAL_PWR_EnableBkUpAccess  stm32f1xx_hal_pwr.o
    0x0800165c   0x0800165c   0x000000a4   Code   RO         1866    i.HAL_RCCEx_GetPeriphCLKFreq  stm32f1xx_hal_rcc_ex.o
    0x08001700   0x08001700   0x000000ec   Code   RO         1867    i.HAL_RCCEx_PeriphCLKConfig  stm32f1xx_hal_rcc_ex.o
    0x080017ec   0x080017ec   0x0000012c   Code   RO         1763    i.HAL_RCC_ClockConfig  stm32f1xx_hal_rcc.o
    0x08001918   0x08001918   0x00000040   Code   RO         1767    i.HAL_RCC_GetClockConfig  stm32f1xx_hal_rcc.o
    0x08001958   0x08001958   0x00000020   Code   RO         1770    i.HAL_RCC_GetPCLK1Freq  stm32f1xx_hal_rcc.o
    0x08001978   0x08001978   0x00000020   Code   RO         1771    i.HAL_RCC_GetPCLK2Freq  stm32f1xx_hal_rcc.o
    0x08001998   0x08001998   0x0000004c   Code   RO         1772    i.HAL_RCC_GetSysClockFreq  stm32f1xx_hal_rcc.o
    0x080019e4   0x080019e4   0x00000320   Code   RO         1775    i.HAL_RCC_OscConfig  stm32f1xx_hal_rcc.o
    0x08001d04   0x08001d04   0x00000094   Code   RO         3010    i.HAL_RTC_Init      stm32f1xx_hal_rtc.o
    0x08001d98   0x08001d98   0x00000034   Code   RO          885    i.HAL_RTC_MspInit   rtc.o
    0x08001dcc   0x08001dcc   0x000000c4   Code   RO         3016    i.HAL_RTC_SetDate   stm32f1xx_hal_rtc.o
    0x08001e90   0x08001e90   0x000000ac   Code   RO         3017    i.HAL_RTC_SetTime   stm32f1xx_hal_rtc.o
    0x08001f3c   0x08001f3c   0x0000003a   Code   RO         3018    i.HAL_RTC_WaitForSynchro  stm32f1xx_hal_rtc.o
    0x08001f76   0x08001f76   0x00000002   Code   RO         3281    i.HAL_SPI_ErrorCallback  stm32f1xx_hal_spi.o
    0x08001f78   0x08001f78   0x000000e0   Code   RO         3284    i.HAL_SPI_IRQHandler  stm32f1xx_hal_spi.o
    0x08002058   0x08002058   0x000000b2   Code   RO         3285    i.HAL_SPI_Init      stm32f1xx_hal_spi.o
    0x0800210a   0x0800210a   0x00000002   PAD
    0x0800210c   0x0800210c   0x00000080   Code   RO          927    i.HAL_SPI_MspInit   spi.o
    0x0800218c   0x0800218c   0x0000016e   Code   RO         3293    i.HAL_SPI_Transmit  stm32f1xx_hal_spi.o
    0x080022fa   0x080022fa   0x000001ee   Code   RO         3294    i.HAL_SPI_TransmitReceive  stm32f1xx_hal_spi.o
    0x080024e8   0x080024e8   0x00000002   Code   RO         4302    i.HAL_TIMEx_BreakCallback  stm32f1xx_hal_tim_ex.o
    0x080024ea   0x080024ea   0x00000002   Code   RO         4303    i.HAL_TIMEx_CommutCallback  stm32f1xx_hal_tim_ex.o
    0x080024ec   0x080024ec   0x0000005a   Code   RO         3598    i.HAL_TIM_Base_Init  stm32f1xx_hal_tim.o
    0x08002546   0x08002546   0x00000002   Code   RO         3600    i.HAL_TIM_Base_MspInit  stm32f1xx_hal_tim.o
    0x08002548   0x08002548   0x00000058   Code   RO         3603    i.HAL_TIM_Base_Start_IT  stm32f1xx_hal_tim.o
    0x080025a0   0x080025a0   0x00000002   Code   RO         3632    i.HAL_TIM_IC_CaptureCallback  stm32f1xx_hal_tim.o
    0x080025a2   0x080025a2   0x00000166   Code   RO         3646    i.HAL_TIM_IRQHandler  stm32f1xx_hal_tim.o
    0x08002708   0x08002708   0x00000002   Code   RO         3649    i.HAL_TIM_OC_DelayElapsedCallback  stm32f1xx_hal_tim.o
    0x0800270a   0x0800270a   0x00000002   Code   RO         3676    i.HAL_TIM_PWM_PulseFinishedCallback  stm32f1xx_hal_tim.o
    0x0800270c   0x0800270c   0x00000014   Code   RO          640    i.HAL_TIM_PeriodElapsedCallback  main.o
    0x08002720   0x08002720   0x00000002   Code   RO         3689    i.HAL_TIM_TriggerCallback  stm32f1xx_hal_tim.o
    0x08002722   0x08002722   0x00000002   Code   RO         4581    i.HAL_UARTEx_RxEventCallback  stm32f1xx_hal_uart.o
    0x08002724   0x08002724   0x00000002   Code   RO         4595    i.HAL_UART_ErrorCallback  stm32f1xx_hal_uart.o
    0x08002726   0x08002726   0x00000002   PAD
    0x08002728   0x08002728   0x0000026c   Code   RO         4598    i.HAL_UART_IRQHandler  stm32f1xx_hal_uart.o
    0x08002994   0x08002994   0x00000064   Code   RO         4599    i.HAL_UART_Init     stm32f1xx_hal_uart.o
    0x080029f8   0x080029f8   0x00000080   Code   RO          969    i.HAL_UART_MspInit  usart.o
    0x08002a78   0x08002a78   0x0000001c   Code   RO         4604    i.HAL_UART_Receive_IT  stm32f1xx_hal_uart.o
    0x08002a94   0x08002a94   0x00000078   Code   RO         1211    i.HAL_UART_RxCpltCallback  stm32f103_lee_conf.o
    0x08002b0c   0x08002b0c   0x0000009a   Code   RO         4607    i.HAL_UART_Transmit  stm32f1xx_hal_uart.o
    0x08002ba6   0x08002ba6   0x00000002   Code   RO         4610    i.HAL_UART_TxCpltCallback  stm32f1xx_hal_uart.o
    0x08002ba8   0x08002ba8   0x00000002   Code   RO         1016    i.HardFault_Handler  stm32f1xx_it.o
    0x08002baa   0x08002baa   0x00000016   Code   RO          360    i.HardWare_Init     management.o
    0x08002bc0   0x08002bc0   0x0000002e   Code   RO         2619    i.I2C_IsAcknowledgeFailed  stm32f1xx_hal_i2c.o
    0x08002bee   0x08002bee   0x00000002   PAD
    0x08002bf0   0x08002bf0   0x000000a8   Code   RO         2630    i.I2C_RequestMemoryWrite  stm32f1xx_hal_i2c.o
    0x08002c98   0x08002c98   0x00000056   Code   RO         2634    i.I2C_WaitOnBTFFlagUntilTimeout  stm32f1xx_hal_i2c.o
    0x08002cee   0x08002cee   0x00000002   PAD
    0x08002cf0   0x08002cf0   0x00000090   Code   RO         2635    i.I2C_WaitOnFlagUntilTimeout  stm32f1xx_hal_i2c.o
    0x08002d80   0x08002d80   0x000000bc   Code   RO         2636    i.I2C_WaitOnMasterAddressFlagUntilTimeout  stm32f1xx_hal_i2c.o
    0x08002e3c   0x08002e3c   0x00000056   Code   RO         2638    i.I2C_WaitOnTXEFlagUntilTimeout  stm32f1xx_hal_i2c.o
    0x08002e92   0x08002e92   0x00000002   PAD
    0x08002e94   0x08002e94   0x0000004c   Code   RO          778    i.MX_ADC1_Init      adc.o
    0x08002ee0   0x08002ee0   0x0000002c   Code   RO          818    i.MX_DMA_Init       dma.o
    0x08002f0c   0x08002f0c   0x00000068   Code   RO          724    i.MX_FREERTOS_Init  freertos.o
    0x08002f74   0x08002f74   0x000000e0   Code   RO          699    i.MX_GPIO_Init      gpio.o
    0x08003054   0x08003054   0x00000040   Code   RO          844    i.MX_I2C2_Init      i2c.o
    0x08003094   0x08003094   0x00000070   Code   RO          886    i.MX_RTC_Init       rtc.o
    0x08003104   0x08003104   0x00000048   Code   RO          928    i.MX_SPI1_Init      spi.o
    0x0800314c   0x0800314c   0x00000038   Code   RO          970    i.MX_USART1_UART_Init  usart.o
    0x08003184   0x08003184   0x0000004c   Code   RO          361    i.Management_Prepare  management.o
    0x080031d0   0x080031d0   0x00000002   Code   RO         1017    i.MemManage_Handler  stm32f1xx_it.o
    0x080031d2   0x080031d2   0x00000002   Code   RO         1018    i.NMI_Handler       stm32f1xx_it.o
    0x080031d4   0x080031d4   0x00000048   Code   RO           13    i.NRF24L01_Check    24l01.o
    0x0800321c   0x0800321c   0x0000009c   Code   RO           14    i.NRF24L01_Init     24l01.o
    0x080032b8   0x080032b8   0x00000040   Code   RO           15    i.NRF24L01_RX_Mode  24l01.o
    0x080032f8   0x080032f8   0x00000054   Code   RO           16    i.NRF24L01_Read_Buf  24l01.o
    0x0800334c   0x0800334c   0x0000004c   Code   RO           17    i.NRF24L01_Read_Reg  24l01.o
    0x08003398   0x08003398   0x00000044   Code   RO           18    i.NRF24L01_RxPacket  24l01.o
    0x080033dc   0x080033dc   0x00000038   Code   RO           19    i.NRF24L01_TX_Mode  24l01.o
    0x08003414   0x08003414   0x00000064   Code   RO           20    i.NRF24L01_TxPacket  24l01.o
    0x08003478   0x08003478   0x00000044   Code   RO           21    i.NRF24L01_Write_Buf  24l01.o
    0x080034bc   0x080034bc   0x00000040   Code   RO           22    i.NRF24L01_Write_Reg  24l01.o
    0x080034fc   0x080034fc   0x00000034   Code   RO          403    i.OLED_Clear        oled.o
    0x08003530   0x08003530   0x00000010   Code   RO          406    i.OLED_Init         oled.o
    0x08003540   0x08003540   0x00000022   Code   RO          408    i.OLED_Set_Pos      oled.o
    0x08003562   0x08003562   0x00000002   PAD
    0x08003564   0x08003564   0x00000088   Code   RO          410    i.OLED_ShowChar     oled.o
    0x080035ec   0x080035ec   0x00000036   Code   RO          412    i.OLED_ShowString   oled.o
    0x08003622   0x08003622   0x00000002   PAD
    0x08003624   0x08003624   0x00000024   Code   RO          413    i.OLED_WR_CMD       oled.o
    0x08003648   0x08003648   0x00000024   Code   RO          414    i.OLED_WR_DATA      oled.o
    0x0800366c   0x0800366c   0x000000b4   Code   RO          582    i.Packdata          remoter_ctrl.o
    0x08003720   0x08003720   0x00000012   Code   RO         3019    i.RTC_Bcd2ToByte    stm32f1xx_hal_rtc.o
    0x08003732   0x08003732   0x00000034   Code   RO         3022    i.RTC_EnterInitMode  stm32f1xx_hal_rtc.o
    0x08003766   0x08003766   0x00000002   PAD
    0x08003768   0x08003768   0x00000036   Code   RO         3023    i.RTC_ExitInitMode  stm32f1xx_hal_rtc.o
    0x0800379e   0x0800379e   0x0000000e   Code   RO         3024    i.RTC_ReadAlarmCounter  stm32f1xx_hal_rtc.o
    0x080037ac   0x080037ac   0x00000020   Code   RO         3025    i.RTC_ReadTimeCounter  stm32f1xx_hal_rtc.o
    0x080037cc   0x080037cc   0x00000056   Code   RO         3026    i.RTC_WeekDayNum    stm32f1xx_hal_rtc.o
    0x08003822   0x08003822   0x00000028   Code   RO         3027    i.RTC_WriteAlarmCounter  stm32f1xx_hal_rtc.o
    0x0800384a   0x0800384a   0x00000028   Code   RO         3028    i.RTC_WriteTimeCounter  stm32f1xx_hal_rtc.o
    0x08003872   0x08003872   0x0000000c   Code   RO          725    i.RadioLink         freertos.o
    0x0800387e   0x0800387e   0x00000002   PAD
    0x08003880   0x08003880   0x0000000c   Code   RO         1019    i.SPI1_IRQHandler   stm32f1xx_it.o
    0x0800388c   0x0800388c   0x00000010   Code   RO         3312    i.SPI_DMAAbortOnError  stm32f1xx_hal_spi.o
    0x0800389c   0x0800389c   0x00000020   Code   RO         3323    i.SPI_EndRxTxTransaction  stm32f1xx_hal_spi.o
    0x080038bc   0x080038bc   0x000000b8   Code   RO         3328    i.SPI_WaitFlagStateUntilTimeout  stm32f1xx_hal_spi.o
    0x08003974   0x08003974   0x00000034   Code   RO          513    i.SendTestSignal    radiolink.o
    0x080039a8   0x080039a8   0x00000038   Code   RO          726    i.StartDefaultTask  freertos.o
    0x080039e0   0x080039e0   0x0000002c   Code   RO         6463    i.SysTick_Handler   port.o
    0x08003a0c   0x08003a0c   0x00000084   Code   RO          641    i.SystemClock_Config  main.o
    0x08003a90   0x08003a90   0x00000002   Code   RO         1174    i.SystemInit        system_stm32f1xx.o
    0x08003a92   0x08003a92   0x00000002   PAD
    0x08003a94   0x08003a94   0x0000000c   Code   RO         1020    i.TIM1_UP_IRQHandler  stm32f1xx_it.o
    0x08003aa0   0x08003aa0   0x0000006c   Code   RO         3691    i.TIM_Base_SetConfig  stm32f1xx_hal_tim.o
    0x08003b0c   0x08003b0c   0x00000010   Code   RO         4612    i.UART_DMAAbortOnError  stm32f1xx_hal_uart.o
    0x08003b1c   0x08003b1c   0x0000004e   Code   RO         4622    i.UART_EndRxTransfer  stm32f1xx_hal_uart.o
    0x08003b6a   0x08003b6a   0x000000c2   Code   RO         4624    i.UART_Receive_IT   stm32f1xx_hal_uart.o
    0x08003c2c   0x08003c2c   0x000000b8   Code   RO         4625    i.UART_SetConfig    stm32f1xx_hal_uart.o
    0x08003ce4   0x08003ce4   0x00000036   Code   RO         4627    i.UART_Start_Receive_IT  stm32f1xx_hal_uart.o
    0x08003d1a   0x08003d1a   0x00000078   Code   RO         4628    i.UART_WaitOnFlagUntilTimeout  stm32f1xx_hal_uart.o
    0x08003d92   0x08003d92   0x00000002   PAD
    0x08003d94   0x08003d94   0x0000005c   Code   RO          363    i.UI_Display        management.o
    0x08003df0   0x08003df0   0x0000000c   Code   RO         1021    i.USART1_IRQHandler  stm32f1xx_it.o
    0x08003dfc   0x08003dfc   0x00000002   Code   RO         1022    i.UsageFault_Handler  stm32f1xx_it.o
    0x08003dfe   0x08003dfe   0x00000002   PAD
    0x08003e00   0x08003e00   0x00000064   Code   RO          514    i.WaitResultofTest  radiolink.o
    0x08003e64   0x08003e64   0x0000004c   Code   RO          415    i.WriteCmd          oled.o
    0x08003eb0   0x08003eb0   0x00000020   Code   RO         2078    i.__NVIC_SetPriority  stm32f1xx_hal_cortex.o
    0x08003ed0   0x08003ed0   0x00000002   Code   RO         1212    i.assertFail        stm32f103_lee_conf.o
    0x08003ed2   0x08003ed2   0x00000002   PAD
    0x08003ed4   0x08003ed4   0x000000b8   Code   RO          583    i.commanderTask     remoter_ctrl.o
    0x08003f8c   0x08003f8c   0x00000024   Code   RO          295    i.deadband          joystick.o
    0x08003fb0   0x08003fb0   0x00000018   Code   RO          296    i.getFlyDataADCValue  joystick.o
    0x08003fc8   0x08003fc8   0x0000008c   Code   RO          297    i.getJoystick1Dir   joystick.o
    0x08004054   0x08004054   0x0000008c   Code   RO          298    i.getJoystick2Dir   joystick.o
    0x080040e0   0x080040e0   0x00000014   Code   RO          299    i.joystickInit      joystick.o
    0x080040f4   0x080040f4   0x00000024   Code   RO          584    i.limit             remoter_ctrl.o
    0x08004118   0x08004118   0x00000036   Code   RO          642    i.main              main.o
    0x0800414e   0x0800414e   0x00000002   PAD
    0x08004150   0x08004150   0x00000034   Code   RO         5995    i.osDelay           cmsis_os2.o
    0x08004184   0x08004184   0x00000058   Code   RO         5997    i.osEventFlagsClear  cmsis_os2.o
    0x080041dc   0x080041dc   0x00000044   Code   RO         6000    i.osEventFlagsNew   cmsis_os2.o
    0x08004220   0x08004220   0x0000006c   Code   RO         6001    i.osEventFlagsSet   cmsis_os2.o
    0x0800428c   0x0800428c   0x00000038   Code   RO         6009    i.osKernelInitialize  cmsis_os2.o
    0x080042c4   0x080042c4   0x00000040   Code   RO         6012    i.osKernelStart     cmsis_os2.o
    0x08004304   0x08004304   0x0000007c   Code   RO         6015    i.osMessageQueueGet  cmsis_os2.o
    0x08004380   0x08004380   0x00000074   Code   RO         6020    i.osMessageQueueNew  cmsis_os2.o
    0x080043f4   0x080043f4   0x00000080   Code   RO         6021    i.osMessageQueuePut  cmsis_os2.o
    0x08004474   0x08004474   0x00000074   Code   RO         6028    i.osSemaphoreAcquire  cmsis_os2.o
    0x080044e8   0x080044e8   0x000000b0   Code   RO         6031    i.osSemaphoreNew    cmsis_os2.o
    0x08004598   0x08004598   0x00000070   Code   RO         6032    i.osSemaphoreRelease  cmsis_os2.o
    0x08004608   0x08004608   0x000000a4   Code   RO         6046    i.osThreadNew       cmsis_os2.o
    0x080046ac   0x080046ac   0x00000038   Code   RO         6047    i.osThreadResume    cmsis_os2.o
    0x080046e4   0x080046e4   0x00000038   Code   RO         6049    i.osThreadSuspend   cmsis_os2.o
    0x0800471c   0x0800471c   0x0000005c   Code   RO         5491    i.prvAddCurrentTaskToDelayedList  tasks.o
    0x08004778   0x08004778   0x000000d0   Code   RO         5492    i.prvAddNewTaskToReadyList  tasks.o
    0x08004848   0x08004848   0x00000058   Code   RO         5841    i.prvCheckForValidListAndQueue  timers.o
    0x080048a0   0x080048a0   0x00000026   Code   RO         5094    i.prvCopyDataFromQueue  queue.o
    0x080048c6   0x080048c6   0x0000006c   Code   RO         5095    i.prvCopyDataToQueue  queue.o
    0x08004932   0x08004932   0x00000034   Code   RO         5493    i.prvDeleteTCB      tasks.o
    0x08004966   0x08004966   0x00000002   PAD
    0x08004968   0x08004968   0x0000004c   Code   RO         6413    i.prvHeapInit       heap_4.o
    0x080049b4   0x080049b4   0x00000060   Code   RO         5494    i.prvIdleTask       tasks.o
    0x08004a14   0x08004a14   0x00000022   Code   RO         5097    i.prvInitialiseNewQueue  queue.o
    0x08004a36   0x08004a36   0x0000009c   Code   RO         5495    i.prvInitialiseNewTask  tasks.o
    0x08004ad2   0x08004ad2   0x00000002   PAD
    0x08004ad4   0x08004ad4   0x0000004c   Code   RO         6414    i.prvInsertBlockIntoFreeList  heap_4.o
    0x08004b20   0x08004b20   0x00000038   Code   RO         5843    i.prvInsertTimerInActiveList  timers.o
    0x08004b58   0x08004b58   0x0000001c   Code   RO         5098    i.prvIsQueueEmpty   queue.o
    0x08004b74   0x08004b74   0x000000cc   Code   RO         5844    i.prvProcessReceivedCommands  timers.o
    0x08004c40   0x08004c40   0x000000b4   Code   RO         5845    i.prvProcessTimerOrBlockTask  timers.o
    0x08004cf4   0x08004cf4   0x00000020   Code   RO         5497    i.prvResetNextTaskUnblockTime  tasks.o
    0x08004d14   0x08004d14   0x00000028   Code   RO         5846    i.prvSampleTimeNow  timers.o
    0x08004d3c   0x08004d3c   0x0000006c   Code   RO         5847    i.prvSwitchTimerLists  timers.o
    0x08004da8   0x08004da8   0x00000028   Code   RO         6464    i.prvTaskExitError  port.o
    0x08004dd0   0x08004dd0   0x00000034   Code   RO         5499    i.prvTaskIsTaskSuspended  tasks.o
    0x08004e04   0x08004e04   0x00000024   Code   RO         5848    i.prvTimerTask      timers.o
    0x08004e28   0x08004e28   0x0000006a   Code   RO         5099    i.prvUnlockQueue    queue.o
    0x08004e92   0x08004e92   0x00000002   PAD
    0x08004e94   0x08004e94   0x000000d8   Code   RO         6415    i.pvPortMalloc      heap_4.o
    0x08004f6c   0x08004f6c   0x00000018   Code   RO         5500    i.pvTaskIncrementMutexHeldCount  tasks.o
    0x08004f84   0x08004f84   0x00000024   Code   RO         6465    i.pxPortInitialiseStack  port.o
    0x08004fa8   0x08004fa8   0x00000020   Code   RO          516    i.radiolinkInit     radiolink.o
    0x08004fc8   0x08004fc8   0x00000044   Code   RO          518    i.radiolinkSendPacketBlocking  radiolink.o
    0x0800500c   0x0800500c   0x00000070   Code   RO          519    i.radiolinkTask     radiolink.o
    0x0800507c   0x0800507c   0x00000026   Code   RO         5054    i.uxListRemove      list.o
    0x080050a2   0x080050a2   0x00000002   PAD
    0x080050a4   0x080050a4   0x00000014   Code   RO         6058    i.vApplicationGetIdleTaskMemory  cmsis_os2.o
    0x080050b8   0x080050b8   0x00000018   Code   RO         6059    i.vApplicationGetTimerTaskMemory  cmsis_os2.o
    0x080050d0   0x080050d0   0x00000004   Code   RO         4940    i.vEventGroupClearBitsCallback  event_groups.o
    0x080050d4   0x080050d4   0x00000004   Code   RO         4942    i.vEventGroupSetBitsCallback  event_groups.o
    0x080050d8   0x080050d8   0x00000016   Code   RO         5055    i.vListInitialise   list.o
    0x080050ee   0x080050ee   0x00000006   Code   RO         5056    i.vListInitialiseItem  list.o
    0x080050f4   0x080050f4   0x00000030   Code   RO         5057    i.vListInsert       list.o
    0x08005124   0x08005124   0x00000018   Code   RO         5058    i.vListInsertEnd    list.o
    0x0800513c   0x0800513c   0x00000040   Code   RO         6467    i.vPortEnterCritical  port.o
    0x0800517c   0x0800517c   0x00000028   Code   RO         6468    i.vPortExitCritical  port.o
    0x080051a4   0x080051a4   0x0000005c   Code   RO         6416    i.vPortFree         heap_4.o
    0x08005200   0x08005200   0x00000024   Code   RO         6469    i.vPortSetupTimerInterrupt  port.o
    0x08005224   0x08005224   0x00000054   Code   RO         6470    i.vPortValidateInterruptPriority  port.o
    0x08005278   0x08005278   0x00000028   Code   RO         5105    i.vQueueAddToRegistry  queue.o
    0x080052a0   0x080052a0   0x0000002e   Code   RO         5106    i.vQueueDelete      queue.o
    0x080052ce   0x080052ce   0x00000002   PAD
    0x080052d0   0x080052d0   0x00000028   Code   RO         5108    i.vQueueUnregisterQueue  queue.o
    0x080052f8   0x080052f8   0x00000044   Code   RO         5109    i.vQueueWaitForMessageRestricted  queue.o
    0x0800533c   0x0800533c   0x0000004c   Code   RO         5509    i.vTaskDelay        tasks.o
    0x08005388   0x08005388   0x00000010   Code   RO         5514    i.vTaskInternalSetTimeOutState  tasks.o
    0x08005398   0x08005398   0x0000000c   Code   RO         5515    i.vTaskMissedYield  tasks.o
    0x080053a4   0x080053a4   0x00000030   Code   RO         5517    i.vTaskPlaceOnEventList  tasks.o
    0x080053d4   0x080053d4   0x00000038   Code   RO         5518    i.vTaskPlaceOnEventListRestricted  tasks.o
    0x0800540c   0x0800540c   0x00000090   Code   RO         5520    i.vTaskPriorityDisinheritAfterTimeout  tasks.o
    0x0800549c   0x0800549c   0x00000070   Code   RO         5522    i.vTaskRemoveFromUnorderedEventList  tasks.o
    0x0800550c   0x0800550c   0x0000007c   Code   RO         5523    i.vTaskResume       tasks.o
    0x08005588   0x08005588   0x00000088   Code   RO         5526    i.vTaskStartScheduler  tasks.o
    0x08005610   0x08005610   0x0000009c   Code   RO         5527    i.vTaskSuspend      tasks.o
    0x080056ac   0x080056ac   0x00000010   Code   RO         5528    i.vTaskSuspendAll   tasks.o
    0x080056bc   0x080056bc   0x00000064   Code   RO         5529    i.vTaskSwitchContext  tasks.o
    0x08005720   0x08005720   0x00000040   Code   RO         4944    i.xEventGroupClearBits  event_groups.o
    0x08005760   0x08005760   0x00000010   Code   RO         4945    i.xEventGroupClearBitsFromISR  event_groups.o
    0x08005770   0x08005770   0x0000001c   Code   RO         4946    i.xEventGroupCreate  event_groups.o
    0x0800578c   0x0800578c   0x0000002c   Code   RO         4947    i.xEventGroupCreateStatic  event_groups.o
    0x080057b8   0x080057b8   0x0000001a   Code   RO         4948    i.xEventGroupGetBitsFromISR  event_groups.o
    0x080057d2   0x080057d2   0x0000008c   Code   RO         4949    i.xEventGroupSetBits  event_groups.o
    0x0800585e   0x0800585e   0x00000002   PAD
    0x08005860   0x08005860   0x00000010   Code   RO         4950    i.xEventGroupSetBitsFromISR  event_groups.o
    0x08005870   0x08005870   0x000000a8   Code   RO         6471    i.xPortStartScheduler  port.o
    0x08005918   0x08005918   0x0000003a   Code   RO         5110    i.xQueueCreateCountingSemaphore  queue.o
    0x08005952   0x08005952   0x00000040   Code   RO         5111    i.xQueueCreateCountingSemaphoreStatic  queue.o
    0x08005992   0x08005992   0x00000048   Code   RO         5114    i.xQueueGenericCreate  queue.o
    0x080059da   0x080059da   0x00000066   Code   RO         5115    i.xQueueGenericCreateStatic  queue.o
    0x08005a40   0x08005a40   0x00000088   Code   RO         5116    i.xQueueGenericReset  queue.o
    0x08005ac8   0x08005ac8   0x00000160   Code   RO         5117    i.xQueueGenericSend  queue.o
    0x08005c28   0x08005c28   0x000000bc   Code   RO         5118    i.xQueueGenericSendFromISR  queue.o
    0x08005ce4   0x08005ce4   0x0000009c   Code   RO         5121    i.xQueueGiveFromISR  queue.o
    0x08005d80   0x08005d80   0x00000138   Code   RO         5127    i.xQueueReceive     queue.o
    0x08005eb8   0x08005eb8   0x0000009a   Code   RO         5128    i.xQueueReceiveFromISR  queue.o
    0x08005f52   0x08005f52   0x00000002   PAD
    0x08005f54   0x08005f54   0x00000178   Code   RO         5129    i.xQueueSemaphoreTake  queue.o
    0x080060cc   0x080060cc   0x00000074   Code   RO         5530    i.xTaskCheckForTimeOut  tasks.o
    0x08006140   0x08006140   0x0000005a   Code   RO         5531    i.xTaskCreate       tasks.o
    0x0800619a   0x0800619a   0x00000056   Code   RO         5532    i.xTaskCreateStatic  tasks.o
    0x080061f0   0x080061f0   0x0000001c   Code   RO         5536    i.xTaskGetSchedulerState  tasks.o
    0x0800620c   0x0800620c   0x0000000c   Code   RO         5537    i.xTaskGetTickCount  tasks.o
    0x08006218   0x08006218   0x000000c8   Code   RO         5539    i.xTaskIncrementTick  tasks.o
    0x080062e0   0x080062e0   0x00000080   Code   RO         5542    i.xTaskPriorityDisinherit  tasks.o
    0x08006360   0x08006360   0x00000078   Code   RO         5543    i.xTaskPriorityInherit  tasks.o
    0x080063d8   0x080063d8   0x00000070   Code   RO         5544    i.xTaskRemoveFromEventList  tasks.o
    0x08006448   0x08006448   0x000000c4   Code   RO         5545    i.xTaskResumeAll    tasks.o
    0x0800650c   0x0800650c   0x00000060   Code   RO         5855    i.xTimerCreateTimerTask  timers.o
    0x0800656c   0x0800656c   0x00000068   Code   RO         5856    i.xTimerGenericCommand  timers.o
    0x080065d4   0x080065d4   0x00000028   Code   RO         5862    i.xTimerPendFunctionCallFromISR  timers.o
    0x080065fc   0x080065fc   0x000000c4   Code   RO         6557    x$fpl$fadd          fz_ws.l(faddsub_clz.o)
    0x080066c0   0x080066c0   0x00000018   Code   RO         6590    x$fpl$fcmpinf       fz_ws.l(fcmpi.o)
    0x080066d8   0x080066d8   0x00000184   Code   RO         6564    x$fpl$fdiv          fz_ws.l(fdiv.o)
    0x0800685c   0x0800685c   0x00000036   Code   RO         6567    x$fpl$ffix          fz_ws.l(ffix.o)
    0x08006892   0x08006892   0x00000002   PAD
    0x08006894   0x08006894   0x0000003e   Code   RO         6571    x$fpl$ffixu         fz_ws.l(ffixu.o)
    0x080068d2   0x080068d2   0x00000002   PAD
    0x080068d4   0x080068d4   0x00000030   Code   RO         6576    x$fpl$fflt          fz_ws.l(fflt_clz.o)
    0x08006904   0x08006904   0x00000068   Code   RO         6581    x$fpl$fleqf         fz_ws.l(fleqf.o)
    0x0800696c   0x0800696c   0x00000102   Code   RO         6583    x$fpl$fmul          fz_ws.l(fmul.o)
    0x08006a6e   0x08006a6e   0x0000008c   Code   RO         6592    x$fpl$fnaninf       fz_ws.l(fnaninf.o)
    0x08006afa   0x08006afa   0x0000000a   Code   RO         6594    x$fpl$fretinf       fz_ws.l(fretinf.o)
    0x08006b04   0x08006b04   0x00000062   Code   RO         6585    x$fpl$frleqf        fz_ws.l(frleqf.o)
    0x08006b66   0x08006b66   0x00000002   PAD
    0x08006b68   0x08006b68   0x000000ea   Code   RO         6559    x$fpl$fsub          fz_ws.l(faddsub_clz.o)
    0x08006c52   0x08006c52   0x00000000   Code   RO         6596    x$fpl$usenofp       fz_ws.l(usenofp.o)
    0x08006c52   0x08006c52   0x0000000a   Data   RO           23    .constdata          24l01.o
    0x08006c5c   0x08006c5c   0x000009c8   Data   RO          417    .constdata          oled.o
    0x08007624   0x08007624   0x000000a4   Data   RO          727    .constdata          freertos.o
    0x080076c8   0x080076c8   0x00000010   Data   RO         1175    .constdata          system_stm32f1xx.o
    0x080076d8   0x080076d8   0x00000008   Data   RO         1176    .constdata          system_stm32f1xx.o
    0x080076e0   0x080076e0   0x00000012   Data   RO         1776    .constdata          stm32f1xx_hal_rcc.o
    0x080076f2   0x080076f2   0x00000012   Data   RO         1868    .constdata          stm32f1xx_hal_rcc_ex.o
    0x08007704   0x08007704   0x00000045   Data   RO          728    .conststring        freertos.o
    0x08007749   0x08007749   0x00000003   PAD
    0x0800774c   0x0800774c   0x00000020   Data   RO         6751    Region$$Table       anon$$obj.o


    Execution Region RW_IRAM1 (Exec base: 0x20000000, Load base: 0x0800776c, Size: 0x000022c0, Max: 0x00005000, ABSOLUTE)

    Exec Addr    Load Addr    Size         Type   Attr      Idx    E Section Name        Object

    0x20000000   0x0800776c   0x0000000a   Data   RW          300    .data               joystick.o
    0x2000000a   0x08007776   0x00000004   Data   RW          521    .data               radiolink.o
    0x2000000e   0x0800777a   0x00000003   Data   RW          586    .data               remoter_ctrl.o
    0x20000011   0x0800777d   0x00000003   PAD
    0x20000014   0x08007780   0x00000018   Data   RW          729    .data               freertos.o
    0x2000002c   0x08007798   0x00000004   Data   RW         1177    .data               system_stm32f1xx.o
    0x20000030   0x0800779c   0x00000004   Data   RW         1216    .data               stm32f103_lee_conf.o
    0x20000034   0x080077a0   0x0000000c   Data   RW         1613    .data               stm32f1xx_hal.o
    0x20000040   0x080077ac   0x0000003c   Data   RW         5548    .data               tasks.o
    0x2000007c   0x080077e8   0x00000014   Data   RW         5864    .data               timers.o
    0x20000090   0x080077fc   0x00000004   Data   RW         6061    .data               cmsis_os2.o
    0x20000094   0x08007800   0x00000018   Data   RW         6421    .data               heap_4.o
    0x200000ac   0x08007818   0x0000000c   Data   RW         6472    .data               port.o
    0x200000b8        -       0x00000018   Zero   RW          520    .bss                radiolink.o
    0x200000d0        -       0x0000002c   Zero   RW          585    .bss                remoter_ctrl.o
    0x200000fc        -       0x00000074   Zero   RW          779    .bss                adc.o
    0x20000170        -       0x00000054   Zero   RW          845    .bss                i2c.o
    0x200001c4        -       0x00000014   Zero   RW          887    .bss                rtc.o
    0x200001d8        -       0x00000058   Zero   RW          929    .bss                spi.o
    0x20000230        -       0x00000048   Zero   RW          971    .bss                usart.o
    0x20000278        -       0x00000048   Zero   RW         1137    .bss                stm32f1xx_hal_timebase_tim.o
    0x200002c0        -       0x000000c8   Zero   RW         1215    .bss                stm32f103_lee_conf.o
    0x20000388        -       0x00000040   Zero   RW         5131    .bss                queue.o
    0x200003c8        -       0x000004c4   Zero   RW         5547    .bss                tasks.o
    0x2000088c        -       0x00000118   Zero   RW         5863    .bss                timers.o
    0x200009a4        -       0x000006b8   Zero   RW         6060    .bss                cmsis_os2.o
    0x2000105c        -       0x00000c00   Zero   RW         6420    .bss                heap_4.o
    0x20001c5c        -       0x00000060   Zero   RW         6623    .bss                c_w.l(libspace.o)
    0x20001cbc   0x08007824   0x00000004   PAD
    0x20001cc0        -       0x00000200   Zero   RW            2    HEAP                startup_stm32f103xb.o
    0x20001ec0        -       0x00000400   Zero   RW            1    STACK               startup_stm32f103xb.o


==============================================================================

Image component sizes


      Code (inc. data)   RO Data    RW Data    ZI Data      Debug   Object Name

       808         80         10          0          0     482029   24l01.o
       236         28          0          0        116       1719   adc.o
      1528        104          0          4       1720      24604   cmsis_os2.o
        44          4          0          0          0        742   dma.o
       342          8          0          0          0      27328   event_groups.o
       184         28        233         24          0       5922   freertos.o
       224         16          0          0          0        983   gpio.o
       460         24          0         24       3072       4631   heap_4.o
       160         28          0          0         84       1601   i2c.o
       496         40          0         10          0       5845   joystick.o
       138          0          0          0          0       3362   list.o
       210          6          0          0          0       2568   main.o
       190         72          0          0          0       1414   management.o
       440         52       2504          0          0       5436   oled.o
       662         70          0         12          0      10717   port.o
      2478         28          0          0         64      25548   queue.o
       612         78          0          4         24       4208   radiolink.o
       400         64          0          3         44       6548   remoter_ctrl.o
       164         24          0          0         20       1555   rtc.o
       200         24          0          0         88       1633   spi.o
        64         26        236          0       1536        804   startup_stm32f103xb.o
       122         16          0          4        200       1802   stm32f103_lee_conf.o
       100         18          0         12          0       5194   stm32f1xx_hal.o
      1356         56          0          0          0       9802   stm32f1xx_hal_adc.o
         2          0          0          0          0       1045   stm32f1xx_hal_adc_ex.o
       158         14          0          0          0      28158   stm32f1xx_hal_cortex.o
       808         36          0          0          0       4938   stm32f1xx_hal_dma.o
       540         40          0          0          0       4679   stm32f1xx_hal_gpio.o
      1414         32          0          0          0       9327   stm32f1xx_hal_i2c.o
        72         10          0          0          0        858   stm32f1xx_hal_msp.o
        12          4          0          0          0        507   stm32f1xx_hal_pwr.o
      1304         94         18          0          0       5685   stm32f1xx_hal_rcc.o
       400         28         18          0          0       2449   stm32f1xx_hal_rcc_ex.o
       910         12          0          0          0       9292   stm32f1xx_hal_rtc.o
      1496          8          0          0          0       8221   stm32f1xx_hal_spi.o
       654         26          0          0          0       6992   stm32f1xx_hal_tim.o
         4          0          0          0          0       1557   stm32f1xx_hal_tim_ex.o
       140         22          0          0         72       1403   stm32f1xx_hal_timebase_tim.o
      1554         10          0          0          0      10792   stm32f1xx_hal_uart.o
       118         30          0          0          0       5611   stm32f1xx_it.o
         0          0          0          0          0       8908   stream_buffer.o
         2          0         24          4          0       1095   system_stm32f1xx.o
      2796        234          0         60       1220      28894   tasks.o
       952         88          0         20        280      26691   timers.o
       184         20          0          0         72       1654   usart.o

    ----------------------------------------------------------------------
     25192       1602       3078        184       8612     804751   Object Totals
         0          0         32          0          0          0   (incl. Generated)
        54          0          3          3          0          0   (incl. Padding)

    ----------------------------------------------------------------------

      Code (inc. data)   RO Data    RW Data    ZI Data      Debug   Library Member Name

         8          0          0          0          0         68   __main.o
         0          0          0          0          0          0   __rtentry.o
        12          0          0          0          0          0   __rtentry2.o
         6          0          0          0          0          0   __rtentry4.o
        52          8          0          0          0          0   __scatter.o
        26          0          0          0          0          0   __scatter_copy.o
        28          0          0          0          0          0   __scatter_zi.o
        16          0          0          0          0         68   aeabi_memset.o
        18          0          0          0          0         80   exit.o
         6          0          0          0          0        152   heapauxi.o
         0          0          0          0          0          0   indicate_semi.o
         2          0          0          0          0          0   libinit.o
         2          0          0          0          0          0   libinit2.o
         2          0          0          0          0          0   libshutdown.o
         2          0          0          0          0          0   libshutdown2.o
         8          4          0          0         96         68   libspace.o
        68          0          0          0          0         68   rt_memclr.o
        78          0          0          0          0         80   rt_memclr_w.o
       138          0          0          0          0         68   rt_memcpy_v6.o
       100          0          0          0          0         80   rt_memcpy_w.o
         2          0          0          0          0          0   rtexit.o
        10          0          0          0          0          0   rtexit2.o
        12          4          0          0          0         68   sys_exit.o
        74          0          0          0          0         80   sys_stackheap_outer.o
         2          0          0          0          0         68   use_no_semi.o
       430          8          0          0          0        168   faddsub_clz.o
        24          0          0          0          0         68   fcmpi.o
       388         76          0          0          0         96   fdiv.o
        54          4          0          0          0         84   ffix.o
        62          4          0          0          0         84   ffixu.o
        48          0          0          0          0         68   fflt_clz.o
       104          4          0          0          0         84   fleqf.o
       258          4          0          0          0         84   fmul.o
       140          4          0          0          0         84   fnaninf.o
        10          0          0          0          0         68   fretinf.o
        98          0          0          0          0         68   frleqf.o
         0          0          0          0          0          0   usenofp.o

    ----------------------------------------------------------------------
      2302        120          0          0        100       1904   Library Totals
        14          0          0          0          4          0   (incl. Padding)

    ----------------------------------------------------------------------

      Code (inc. data)   RO Data    RW Data    ZI Data      Debug   Library Name

       672         16          0          0         96        948   c_w.l
      1616        104          0          0          0        956   fz_ws.l

    ----------------------------------------------------------------------
      2302        120          0          0        100       1904   Library Totals

    ----------------------------------------------------------------------

==============================================================================


      Code (inc. data)   RO Data    RW Data    ZI Data      Debug   

     27494       1722       3078        184       8712     791727   Grand Totals
     27494       1722       3078        184       8712     791727   ELF Image Totals
     27494       1722       3078        184          0          0   ROM Totals

==============================================================================

    Total RO  Size (Code + RO Data)                30572 (  29.86kB)
    Total RW  Size (RW Data + ZI Data)              8896 (   8.69kB)
    Total ROM Size (Code + RO Data + RW Data)      30756 (  30.04kB)

==============================================================================

