<html>
<body>
<pre>
<h1>µVision Build Log</h1>
<h2>Tool Versions:</h2>
IDE-Version: ¦ÌVision V5.38.0.0
Copyright (C) 2022 ARM Ltd and ARM Germany GmbH. All rights reserved.
License Information: lk lk, lk, LIC=CRMW3-ATNTG-MSUYP-MR84R-XBRKR-YKEX5
 
Tool Versions:
Toolchain:       MDK-ARM Professional  Version: 5.38.0.0
Toolchain Path:  D:\STM32\MDK\Core\ARM\ARMCC\Bin
C Compiler:      Armcc.exe V5.06 update 7 (build 960)
Assembler:       Armasm.exe V5.06 update 7 (build 960)
Linker/Locator:  ArmLink.exe V5.06 update 7 (build 960)
Library Manager: ArmAr.exe V5.06 update 7 (build 960)
Hex Converter:   FromElf.exe V5.06 update 7 (build 960)
CPU DLL:         SARMCM3.DLL V5.38.0.0
Dialog DLL:      DARMCM1.DLL V1.19.6.0
Target DLL:      STLink\ST-LINKIII-KEIL_SWO.dll V3.1.0.0
Dialog DLL:      TARMCM1.DLL V1.14.6.0
 
<h2>Project:</h2>
C:\Users\TR\Desktop\nowaday\STM32F407VET6\remotecontroller-master\MDK-ARM\RemoteController.uvprojx
Project File Date:  06/14/2024

<h2>Output:</h2>
*** Using Compiler 'V5.06 update 7 (build 960)', folder: 'D:\STM32\MDK\Core\ARM\ARMCC\Bin'
Rebuild target 'RemoteController'
assembling startup_stm32f030x8.s...
compiling i2c.c...
compiling gpio.c...
compiling rtc.c...
compiling usart.c...
compiling adc.c...
compiling dma.c...
compiling spi.c...
compiling remoter_ctrl.c...
compiling freertos.c...
compiling joystick.c...
compiling oled.c...
compiling main.c...
compiling stm32f030_lee_conf.c...
compiling radiolink.c...
compiling 24l01.c...
compiling stm32f0xx_hal_msp.c...
compiling stm32f0xx_it.c...
compiling stm32f0xx_hal_adc_ex.c...
compiling stm32f0xx_hal_timebase_tim.c...
compiling stm32f0xx_hal_i2c_ex.c...
compiling stm32f0xx_hal_rcc_ex.c...
compiling stm32f0xx_hal_cortex.c...
compiling stm32f0xx_hal.c...
compiling stm32f0xx_hal_pwr.c...
compiling stm32f0xx_hal_gpio.c...
compiling management.c...
compiling stm32f0xx_hal_dma.c...
compiling stm32f0xx_hal_rcc.c...
compiling stm32f0xx_hal_adc.c...
compiling croutine.c...
compiling event_groups.c...
compiling stm32f0xx_hal_pwr_ex.c...
compiling stm32f0xx_hal_i2c.c...
compiling stm32f0xx_hal_flash.c...
compiling stm32f0xx_hal_spi_ex.c...
compiling stm32f0xx_hal_rtc_ex.c...
compiling list.c...
compiling stm32f0xx_hal_exti.c...
compiling stm32f0xx_hal_flash_ex.c...
compiling stm32f0xx_hal_uart_ex.c...
compiling stm32f0xx_hal_rtc.c...
compiling system_stm32f0xx.c...
compiling heap_4.c...
compiling stream_buffer.c...
compiling queue.c...
compiling timers.c...
compiling port.c...
compiling stm32f0xx_hal_tim_ex.c...
compiling stm32f0xx_hal_uart.c...
compiling stm32f0xx_hal_spi.c...
compiling tasks.c...
compiling cmsis_os2.c...
compiling stm32f0xx_hal_tim.c...
linking...
Program Size: Code=25664 RO-data=2988 RW-data=172 ZI-data=7996  
FromELF: creating hex file...
"RemoteController\RemoteController.axf" - 0 Error(s), 0 Warning(s).

<h2>Software Packages used:</h2>

Package Vendor: ARM
                http://www.keil.com/pack/ARM.CMSIS.5.9.0.pack
                ARM.CMSIS.5.9.0
                CMSIS (Common Microcontroller Software Interface Standard)
   * Component: CORE Version: 5.6.0

Package Vendor: Keil
                https://www.keil.com/pack/Keil.STM32F0xx_DFP.2.1.1.pack
                Keil.STM32F0xx_DFP.2.1.1
                STMicroelectronics STM32F0 Series Device Support, Drivers and Examples

<h2>Collection of Component include folders:</h2>
  ./RTE/_RemoteController
  D:/STM32/MDK/Pack/ARM/CMSIS/5.9.0/CMSIS/Core/Include
  D:/STM32/MDK/Pack/Keil/STM32F0xx_DFP/2.1.1/Drivers/CMSIS/Device/ST/STM32F0xx/Include

<h2>Collection of Component Files used:</h2>

   * Component: ARM::CMSIS:CORE:5.6.0
      Include file:  CMSIS/Core/Include/tz_context.h
Build Time Elapsed:  00:00:05
</pre>
</body>
</html>
