Component: ARM Compiler 5.06 update 7 (build 960) Tool: armlink [4d3601]

==============================================================================

Section Cross References

    startup_stm32f407xx.o(STACK) refers (Special) to heapauxi.o(.text) for __use_two_region_memory
    startup_stm32f407xx.o(HEAP) refers (Special) to heapauxi.o(.text) for __use_two_region_memory
    startup_stm32f407xx.o(RESET) refers (Special) to heapauxi.o(.text) for __use_two_region_memory
    startup_stm32f407xx.o(RESET) refers to startup_stm32f407xx.o(STACK) for __initial_sp
    startup_stm32f407xx.o(RESET) refers to startup_stm32f407xx.o(.text) for Reset_Handler
    startup_stm32f407xx.o(RESET) refers to stm32f4xx_it.o(i.NMI_Handler) for NMI_Handler
    startup_stm32f407xx.o(RESET) refers to stm32f4xx_it.o(i.HardFault_Handler) for HardFault_Handler
    startup_stm32f407xx.o(RESET) refers to stm32f4xx_it.o(i.MemManage_Handler) for MemManage_Handler
    startup_stm32f407xx.o(RESET) refers to stm32f4xx_it.o(i.BusFault_Handler) for BusFault_Handler
    startup_stm32f407xx.o(RESET) refers to stm32f4xx_it.o(i.UsageFault_Handler) for UsageFault_Handler
    startup_stm32f407xx.o(RESET) refers to port.o(.emb_text) for SVC_Handler
    startup_stm32f407xx.o(RESET) refers to stm32f4xx_it.o(i.DebugMon_Handler) for DebugMon_Handler
    startup_stm32f407xx.o(RESET) refers to cmsis_os2.o(i.SysTick_Handler) for SysTick_Handler
    startup_stm32f407xx.o(RESET) refers to stm32f4xx_it.o(i.EXTI2_IRQHandler) for EXTI2_IRQHandler
    startup_stm32f407xx.o(RESET) refers to stm32f4xx_it.o(i.TIM1_UP_TIM10_IRQHandler) for TIM1_UP_TIM10_IRQHandler
    startup_stm32f407xx.o(RESET) refers to stm32f4xx_it.o(i.TIM3_IRQHandler) for TIM3_IRQHandler
    startup_stm32f407xx.o(RESET) refers to stm32f4xx_it.o(i.I2C1_EV_IRQHandler) for I2C1_EV_IRQHandler
    startup_stm32f407xx.o(RESET) refers to stm32f4xx_it.o(i.I2C1_ER_IRQHandler) for I2C1_ER_IRQHandler
    startup_stm32f407xx.o(RESET) refers to stm32f4xx_it.o(i.SPI1_IRQHandler) for SPI1_IRQHandler
    startup_stm32f407xx.o(.text) refers (Special) to heapauxi.o(.text) for __use_two_region_memory
    startup_stm32f407xx.o(.text) refers to system_stm32f4xx.o(i.SystemInit) for SystemInit
    startup_stm32f407xx.o(.text) refers to __main.o(!!!main) for __main
    startup_stm32f407xx.o(.text) refers to startup_stm32f407xx.o(HEAP) for Heap_Mem
    startup_stm32f407xx.o(.text) refers to startup_stm32f407xx.o(STACK) for Stack_Mem
    main.o(i.HAL_TIM_PeriodElapsedCallback) refers to stm32f4xx_hal.o(i.HAL_IncTick) for HAL_IncTick
    main.o(i.SystemClock_Config) refers to rt_memclr_w.o(.text) for __aeabi_memclr4
    main.o(i.SystemClock_Config) refers to stm32f4xx_hal_rcc.o(i.HAL_RCC_OscConfig) for HAL_RCC_OscConfig
    main.o(i.SystemClock_Config) refers to stm32f4xx_hal_rcc.o(i.HAL_RCC_ClockConfig) for HAL_RCC_ClockConfig
    main.o(i.main) refers to stm32f4xx_hal.o(i.HAL_Init) for HAL_Init
    main.o(i.main) refers to main.o(i.SystemClock_Config) for SystemClock_Config
    main.o(i.main) refers to gpio.o(i.MX_GPIO_Init) for MX_GPIO_Init
    main.o(i.main) refers to i2c.o(i.MX_I2C1_Init) for MX_I2C1_Init
    main.o(i.main) refers to spi.o(i.MX_SPI1_Init) for MX_SPI1_Init
    main.o(i.main) refers to tim.o(i.MX_TIM3_Init) for MX_TIM3_Init
    main.o(i.main) refers to usart.o(i.MX_USART1_UART_Init) for MX_USART1_UART_Init
    main.o(i.main) refers to aircraft_manager.o(i.HardWare_Init) for HardWare_Init
    main.o(i.main) refers to cmsis_os2.o(i.osKernelInitialize) for osKernelInitialize
    main.o(i.main) refers to freertos.o(i.MX_FREERTOS_Init) for MX_FREERTOS_Init
    main.o(i.main) refers to cmsis_os2.o(i.osKernelStart) for osKernelStart
    gpio.o(i.MX_GPIO_Init) refers to rt_memclr_w.o(.text) for __aeabi_memclr4
    gpio.o(i.MX_GPIO_Init) refers to stm32f4xx_hal_gpio.o(i.HAL_GPIO_WritePin) for HAL_GPIO_WritePin
    gpio.o(i.MX_GPIO_Init) refers to stm32f4xx_hal_gpio.o(i.HAL_GPIO_Init) for HAL_GPIO_Init
    gpio.o(i.MX_GPIO_Init) refers to stm32f4xx_hal_cortex.o(i.HAL_NVIC_SetPriority) for HAL_NVIC_SetPriority
    gpio.o(i.MX_GPIO_Init) refers to stm32f4xx_hal_cortex.o(i.HAL_NVIC_EnableIRQ) for HAL_NVIC_EnableIRQ
    freertos.o(i.MX_FREERTOS_Init) refers to cmsis_os2.o(i.osSemaphoreNew) for osSemaphoreNew
    freertos.o(i.MX_FREERTOS_Init) refers to cmsis_os2.o(i.osMessageQueueNew) for osMessageQueueNew
    freertos.o(i.MX_FREERTOS_Init) refers to cmsis_os2.o(i.osThreadNew) for osThreadNew
    freertos.o(i.MX_FREERTOS_Init) refers to cmsis_os2.o(i.osEventFlagsNew) for osEventFlagsNew
    freertos.o(i.MX_FREERTOS_Init) refers to freertos.o(.constdata) for .constdata
    freertos.o(i.MX_FREERTOS_Init) refers to freertos.o(.data) for .data
    freertos.o(i.MX_FREERTOS_Init) refers to freertos.o(i.StartDefaultTask) for StartDefaultTask
    freertos.o(i.MX_FREERTOS_Init) refers to freertos.o(i.linkTask) for linkTask
    freertos.o(i.MX_FREERTOS_Init) refers to freertos.o(i.controlTask) for controlTask
[...]
    dmp_read_fifo                            0x080063dd   Thumb Code   356  inv_mpu_dmp_motion_driver.o(i.dmp_read_fifo)
    dmp_set_accel_bias                       0x08006545   Thumb Code   210  inv_mpu_dmp_motion_driver.o(i.dmp_set_accel_bias)
    dmp_set_fifo_rate                        0x0800661d   Thumb Code    82  inv_mpu_dmp_motion_driver.o(i.dmp_set_fifo_rate)
    dmp_set_gyro_bias                        0x08006681   Thumb Code   196  inv_mpu_dmp_motion_driver.o(i.dmp_set_gyro_bias)
    dmp_set_orientation                      0x0800674d   Thumb Code   246  inv_mpu_dmp_motion_driver.o(i.dmp_set_orientation)
    dmp_set_shake_reject_thresh              0x08006859   Thumb Code    48  inv_mpu_dmp_motion_driver.o(i.dmp_set_shake_reject_thresh)
    dmp_set_shake_reject_time                0x08006889   Thumb Code    32  inv_mpu_dmp_motion_driver.o(i.dmp_set_shake_reject_time)
    dmp_set_shake_reject_timeout             0x080068a9   Thumb Code    32  inv_mpu_dmp_motion_driver.o(i.dmp_set_shake_reject_timeout)
    dmp_set_tap_axes                         0x080068c9   Thumb Code    64  inv_mpu_dmp_motion_driver.o(i.dmp_set_tap_axes)
    dmp_set_tap_count                        0x08006909   Thumb Code    34  inv_mpu_dmp_motion_driver.o(i.dmp_set_tap_count)
    dmp_set_tap_thresh                       0x0800692d   Thumb Code   314  inv_mpu_dmp_motion_driver.o(i.dmp_set_tap_thresh)
    dmp_set_tap_time                         0x08006a8d   Thumb Code    32  inv_mpu_dmp_motion_driver.o(i.dmp_set_tap_time)
    dmp_set_tap_time_multi                   0x08006aad   Thumb Code    32  inv_mpu_dmp_motion_driver.o(i.dmp_set_tap_time_multi)
    eTaskGetState                            0x08006acd   Thumb Code   106  tasks.o(i.eTaskGetState)
    fabs                                     0x08006b41   Thumb Code    24  fabs.o(i.fabs)
    fputc                                    0x08006b59   Thumb Code    18  stm32f411_lee_conf.o(i.fputc)
    inv_orientation_matrix_to_scalar         0x0800700d   Thumb Code    34  inv_mpu.o(i.inv_orientation_matrix_to_scalar)
    inv_row_2_scale                          0x0800702f   Thumb Code    72  inv_mpu.o(i.inv_row_2_scale)
    link2rem_SendResult_of_Test              0x08007077   Thumb Code    24  link2remote.o(i.link2rem_SendResult_of_Test)
    linkTask                                 0x0800708f   Thumb Code    16  freertos.o(i.linkTask)
    main                                     0x0800709f   Thumb Code    46  main.o(i.main)
    mget_ms                                  0x080070cd   Thumb Code     2  inv_mpu.o(i.mget_ms)
    mpu_configure_fifo                       0x080070d1   Thumb Code    78  inv_mpu.o(i.mpu_configure_fifo)
    mpu_dmp_get_data                         0x08007125   Thumb Code   344  inv_mpu.o(i.mpu_dmp_get_data)
    mpu_dmp_init                             0x08007289   Thumb Code   156  inv_mpu.o(i.mpu_dmp_init)
    mpu_get_accel_fsr                        0x08007329   Thumb Code    54  inv_mpu.o(i.mpu_get_accel_fsr)
    mpu_get_accel_sens                       0x08007365   Thumb Code    62  inv_mpu.o(i.mpu_get_accel_sens)
    mpu_get_gyro_fsr                         0x080073a9   Thumb Code    48  inv_mpu.o(i.mpu_get_gyro_fsr)
    mpu_get_gyro_sens                        0x080073dd   Thumb Code    54  inv_mpu.o(i.mpu_get_gyro_sens)
    mpu_get_lpf                              0x08007429   Thumb Code    52  inv_mpu.o(i.mpu_get_lpf)
    mpu_get_sample_rate                      0x08007461   Thumb Code    22  inv_mpu.o(i.mpu_get_sample_rate)
    mpu_init                                 0x0800747d   Thumb Code   310  inv_mpu.o(i.mpu_init)
    mpu_load_firmware                        0x08007605   Thumb Code   154  inv_mpu.o(i.mpu_load_firmware)
    mpu_lp_accel_mode                        0x080076a5   Thumb Code   178  inv_mpu.o(i.mpu_lp_accel_mode)
    mpu_read_fifo_stream                     0x0800775d   Thumb Code   140  inv_mpu.o(i.mpu_read_fifo_stream)
    mpu_read_mem                             0x080077ed   Thumb Code    80  inv_mpu.o(i.mpu_read_mem)
    mpu_reset_fifo                           0x08007841   Thumb Code   346  inv_mpu.o(i.mpu_reset_fifo)
    mpu_run_self_test                        0x080079a1   Thumb Code   234  inv_mpu.o(i.mpu_run_self_test)
    mpu_set_accel_fsr                        0x08007a91   Thumb Code    98  inv_mpu.o(i.mpu_set_accel_fsr)
    mpu_set_bypass                           0x08007af9   Thumb Code   214  inv_mpu.o(i.mpu_set_bypass)
    mpu_set_dmp_state                        0x08007bd5   Thumb Code   114  inv_mpu.o(i.mpu_set_dmp_state)
    mpu_set_gyro_fsr                         0x08007c4d   Thumb Code   104  inv_mpu.o(i.mpu_set_gyro_fsr)
    mpu_set_int_latched                      0x08007cb9   Thumb Code    94  inv_mpu.o(i.mpu_set_int_latched)
    mpu_set_lpf                              0x08007d1d   Thumb Code   102  inv_mpu.o(i.mpu_set_lpf)
    mpu_set_sample_rate                      0x08007d89   Thumb Code   124  inv_mpu.o(i.mpu_set_sample_rate)
    mpu_set_sensors                          0x08007e09   Thumb Code   178  inv_mpu.o(i.mpu_set_sensors)
    mpu_write_mem                            0x08007ec1   Thumb Code    80  inv_mpu.o(i.mpu_write_mem)
    osDelay                                  0x08007f15   Thumb Code    26  cmsis_os2.o(i.osDelay)
    osEventFlagsClear                        0x08007f2f   Thumb Code    62  cmsis_os2.o(i.osEventFlagsClear)
    osEventFlagsGet                          0x08007f6d   Thumb Code    22  cmsis_os2.o(i.osEventFlagsGet)
    osEventFlagsNew                          0x08007f83   Thumb Code    44  cmsis_os2.o(i.osEventFlagsNew)
    osEventFlagsSet                          0x08007fb1   Thumb Code    78  cmsis_os2.o(i.osEventFlagsSet)
    osKernelInitialize                       0x08008005   Thumb Code    32  cmsis_os2.o(i.osKernelInitialize)
    osKernelStart                            0x08008029   Thumb Code    48  cmsis_os2.o(i.osKernelStart)
    osMessageQueueGet                        0x08008061   Thumb Code    96  cmsis_os2.o(i.osMessageQueueGet)
    osMessageQueueNew                        0x080080c5   Thumb Code    88  cmsis_os2.o(i.osMessageQueueNew)
    osMessageQueuePut                        0x0800811d   Thumb Code   100  cmsis_os2.o(i.osMessageQueuePut)
    osSemaphoreAcquire                       0x08008185   Thumb Code    88  cmsis_os2.o(i.osSemaphoreAcquire)
    osSemaphoreNew                           0x080081e1   Thumb Code   152  cmsis_os2.o(i.osSemaphoreNew)
    osSemaphoreRelease                       0x08008279   Thumb Code    82  cmsis_os2.o(i.osSemaphoreRelease)
    osThreadGetState                         0x080082d1   Thumb Code    54  cmsis_os2.o(i.osThreadGetState)
    osThreadNew                              0x08008309   Thumb Code   138  cmsis_os2.o(i.osThreadNew)
    osThreadResume                           0x08008393   Thumb Code    32  cmsis_os2.o(i.osThreadResume)
    osThreadSuspend                          0x080083b3   Thumb Code    32  cmsis_os2.o(i.osThreadSuspend)
    pvPortMalloc                             0x08008b9d   Thumb Code   216  heap_4.o(i.pvPortMalloc)
    pvTaskIncrementMutexHeldCount            0x08008c79   Thumb Code    18  tasks.o(i.pvTaskIncrementMutexHeldCount)
    pxPortInitialiseStack                    0x08008c91   Thumb Code    40  port.o(i.pxPortInitialiseStack)
    radiolinkTask                            0x08008cbd   Thumb Code    64  link2remote.o(i.radiolinkTask)
    run_self_test                            0x08008d0d   Thumb Code   136  inv_mpu.o(i.run_self_test)
    sqrt                                     0x08008ded   Thumb Code   110  sqrt.o(i.sqrt)
    thrust_limit                             0x08008e5b   Thumb Code    20  dataprocess.o(i.thrust_limit)
    thrust_limit2                            0x08008e6f   Thumb Code    26  dataprocess.o(i.thrust_limit2)
    uxListRemove                             0x08008e89   Thumb Code    38  list.o(i.uxListRemove)
    vApplicationGetIdleTaskMemory            0x08008eb1   Thumb Code    16  cmsis_os2.o(i.vApplicationGetIdleTaskMemory)
    vApplicationGetTimerTaskMemory           0x08008ec5   Thumb Code    18  cmsis_os2.o(i.vApplicationGetTimerTaskMemory)
    vEventGroupClearBitsCallback             0x08008edd   Thumb Code     4  event_groups.o(i.vEventGroupClearBitsCallback)
    vEventGroupSetBitsCallback               0x08008ee1   Thumb Code     4  event_groups.o(i.vEventGroupSetBitsCallback)
    vListInitialise                          0x08008ee5   Thumb Code    22  list.o(i.vListInitialise)
    vListInitialiseItem                      0x08008efb   Thumb Code     6  list.o(i.vListInitialiseItem)
    vListInsert                              0x08008f01   Thumb Code    48  list.o(i.vListInsert)
    vListInsertEnd                           0x08008f31   Thumb Code    24  list.o(i.vListInsertEnd)
    vPortEnterCritical                       0x08008f49   Thumb Code    54  port.o(i.vPortEnterCritical)
    vPortExitCritical                        0x08008f89   Thumb Code    34  port.o(i.vPortExitCritical)
    vPortFree                                0x08008fb1   Thumb Code    94  heap_4.o(i.vPortFree)
    vPortSetupTimerInterrupt                 0x08009015   Thumb Code    32  port.o(i.vPortSetupTimerInterrupt)
    vPortValidateInterruptPriority           0x08009039   Thumb Code    74  port.o(i.vPortValidateInterruptPriority)
    vQueueAddToRegistry                      0x0800908d   Thumb Code    34  queue.o(i.vQueueAddToRegistry)
    vQueueDelete                             0x080090b5   Thumb Code    46  queue.o(i.vQueueDelete)
    vQueueUnregisterQueue                    0x080090e5   Thumb Code    36  queue.o(i.vQueueUnregisterQueue)
    vQueueWaitForMessageRestricted           0x0800910d   Thumb Code    68  queue.o(i.vQueueWaitForMessageRestricted)
    vTaskDelay                               0x08009151   Thumb Code    66  tasks.o(i.vTaskDelay)
    vTaskInternalSetTimeOutState             0x0800919d   Thumb Code    12  tasks.o(i.vTaskInternalSetTimeOutState)
    vTaskMissedYield                         0x080091ad   Thumb Code     8  tasks.o(i.vTaskMissedYield)
    vTaskPlaceOnEventList                    0x080091b9   Thumb Code    44  tasks.o(i.vTaskPlaceOnEventList)
    vTaskPlaceOnEventListRestricted          0x080091e9   Thumb Code    52  tasks.o(i.vTaskPlaceOnEventListRestricted)
    vTaskPriorityDisinheritAfterTimeout      0x08009221   Thumb Code   134  tasks.o(i.vTaskPriorityDisinheritAfterTimeout)
    vTaskRemoveFromUnorderedEventList        0x080092b1   Thumb Code   102  tasks.o(i.vTaskRemoveFromUnorderedEventList)
    vTaskResume                              0x08009321   Thumb Code   110  tasks.o(i.vTaskResume)
    vTaskStartScheduler                      0x0800939d   Thumb Code   118  tasks.o(i.vTaskStartScheduler)
    vTaskSuspend                             0x08009425   Thumb Code   144  tasks.o(i.vTaskSuspend)
    vTaskSuspendAll                          0x080094c1   Thumb Code    10  tasks.o(i.vTaskSuspendAll)
    vTaskSwitchContext                       0x080094d1   Thumb Code    90  tasks.o(i.vTaskSwitchContext)
    xEventGroupClearBits                     0x08009535   Thumb Code    64  event_groups.o(i.xEventGroupClearBits)
    xEventGroupClearBitsFromISR              0x08009575   Thumb Code    12  event_groups.o(i.xEventGroupClearBitsFromISR)
    xEventGroupCreate                        0x08009585   Thumb Code    28  event_groups.o(i.xEventGroupCreate)
    xEventGroupCreateStatic                  0x080095a1   Thumb Code    44  event_groups.o(i.xEventGroupCreateStatic)
    xEventGroupGetBitsFromISR                0x080095cd   Thumb Code    26  event_groups.o(i.xEventGroupGetBitsFromISR)
    xEventGroupSetBits                       0x080095e7   Thumb Code   140  event_groups.o(i.xEventGroupSetBits)
    xEventGroupSetBitsFromISR                0x08009675   Thumb Code    12  event_groups.o(i.xEventGroupSetBitsFromISR)
    xPortStartScheduler                      0x08009685   Thumb Code   222  port.o(i.xPortStartScheduler)
    xPortSysTickHandler                      0x08009779   Thumb Code    38  port.o(i.xPortSysTickHandler)
    xQueueCreateCountingSemaphore            0x080097a5   Thumb Code    58  queue.o(i.xQueueCreateCountingSemaphore)
    xQueueCreateCountingSemaphoreStatic      0x080097df   Thumb Code    64  queue.o(i.xQueueCreateCountingSemaphoreStatic)
    xQueueGenericCreate                      0x0800981f   Thumb Code    66  queue.o(i.xQueueGenericCreate)
    xQueueGenericCreateStatic                0x08009861   Thumb Code   102  queue.o(i.xQueueGenericCreateStatic)
    xQueueGenericReset                       0x080098c9   Thumb Code   132  queue.o(i.xQueueGenericReset)
    xQueueGenericSend                        0x08009951   Thumb Code   346  queue.o(i.xQueueGenericSend)
    xQueueGenericSendFromISR                 0x08009ab1   Thumb Code   190  queue.o(i.xQueueGenericSendFromISR)
    xQueueGiveFromISR                        0x08009b6f   Thumb Code   156  queue.o(i.xQueueGiveFromISR)
    xQueueReceive                            0x08009c0d   Thumb Code   308  queue.o(i.xQueueReceive)
    xQueueReceiveFromISR                     0x08009d45   Thumb Code   154  queue.o(i.xQueueReceiveFromISR)
    xQueueSemaphoreTake                      0x08009de1   Thumb Code   372  queue.o(i.xQueueSemaphoreTake)
    xTaskCheckForTimeOut                     0x08009f59   Thumb Code   112  tasks.o(i.xTaskCheckForTimeOut)
    xTaskCreate                              0x08009fcd   Thumb Code    90  tasks.o(i.xTaskCreate)
    xTaskCreateStatic                        0x0800a027   Thumb Code    86  tasks.o(i.xTaskCreateStatic)
    xTaskGetSchedulerState                   0x0800a07d   Thumb Code    22  tasks.o(i.xTaskGetSchedulerState)
    xTaskGetTickCount                        0x0800a099   Thumb Code     6  tasks.o(i.xTaskGetTickCount)
    xTaskIncrementTick                       0x0800a0a5   Thumb Code   192  tasks.o(i.xTaskIncrementTick)
    xTaskPriorityDisinherit                  0x0800a16d   Thumb Code   118  tasks.o(i.xTaskPriorityDisinherit)
    xTaskPriorityInherit                     0x0800a1ed   Thumb Code   112  tasks.o(i.xTaskPriorityInherit)
    xTaskRemoveFromEventList                 0x0800a265   Thumb Code    98  tasks.o(i.xTaskRemoveFromEventList)
    xTaskResumeAll                           0x0800a2d5   Thumb Code   182  tasks.o(i.xTaskResumeAll)
    xTimerCreateTimerTask                    0x0800a399   Thumb Code    78  timers.o(i.xTimerCreateTimerTask)
    xTimerGenericCommand                     0x0800a3f9   Thumb Code    98  timers.o(i.xTimerGenericCommand)
    xTimerPendFunctionCallFromISR            0x0800a461   Thumb Code    34  timers.o(i.xTimerPendFunctionCallFromISR)
    __aeabi_dneg                             0x0800a489   Thumb Code     0  basic.o(x$fpl$basic)
    _dneg                                    0x0800a489   Thumb Code     6  basic.o(x$fpl$basic)
    __aeabi_fneg                             0x0800a48f   Thumb Code     0  basic.o(x$fpl$basic)
    _fneg                                    0x0800a48f   Thumb Code     6  basic.o(x$fpl$basic)
    _dabs                                    0x0800a495   Thumb Code     6  basic.o(x$fpl$basic)
    _fabs                                    0x0800a49b   Thumb Code     6  basic.o(x$fpl$basic)
    __aeabi_d2f                              0x0800a4a1   Thumb Code     0  d2f.o(x$fpl$d2f)
    _d2f                                     0x0800a4a1   Thumb Code    98  d2f.o(x$fpl$d2f)
    __aeabi_dadd                             0x0800a505   Thumb Code     0  daddsub_clz.o(x$fpl$dadd)
    _dadd                                    0x0800a505   Thumb Code   332  daddsub_clz.o(x$fpl$dadd)
    __fpl_dcmp_Inf                           0x0800a655   Thumb Code    24  dcmpi.o(x$fpl$dcmpinf)
    __aeabi_ddiv                             0x0800a66d   Thumb Code     0  ddiv.o(x$fpl$ddiv)
    _ddiv                                    0x0800a66d   Thumb Code   552  ddiv.o(x$fpl$ddiv)
    __aeabi_cdcmpeq                          0x0800a91d   Thumb Code     0  deqf.o(x$fpl$deqf)
    _dcmpeq                                  0x0800a91d   Thumb Code   120  deqf.o(x$fpl$deqf)
    __aeabi_dmul                             0x0800a995   Thumb Code     0  dmul.o(x$fpl$dmul)
    _dmul                                    0x0800a995   Thumb Code   332  dmul.o(x$fpl$dmul)
    __fpl_dnaninf                            0x0800aae9   Thumb Code   156  dnaninf.o(x$fpl$dnaninf)
    __fpl_dretinf                            0x0800ab85   Thumb Code    12  dretinf.o(x$fpl$dretinf)
    __aeabi_drsub                            0x0800ab91   Thumb Code     0  daddsub_clz.o(x$fpl$drsb)
    _drsb                                    0x0800ab91   Thumb Code    22  daddsub_clz.o(x$fpl$drsb)
    _dsqrt                                   0x0800aba9   Thumb Code   404  dsqrt_umaal.o(x$fpl$dsqrt)
    __aeabi_dsub                             0x0800ad41   Thumb Code     0  daddsub_clz.o(x$fpl$dsub)
    _dsub                                    0x0800ad41   Thumb Code   464  daddsub_clz.o(x$fpl$dsub)
    __aeabi_f2d                              0x0800af15   Thumb Code     0  f2d.o(x$fpl$f2d)
    _f2d                                     0x0800af15   Thumb Code    86  f2d.o(x$fpl$f2d)
    __fpl_fnaninf                            0x0800af6b   Thumb Code   140  fnaninf.o(x$fpl$fnaninf)
    _fp_init                                 0x0800aff7   Thumb Code    10  fpinit.o(x$fpl$fpinit)
    __fplib_config_fpu_vfp                   0x0800afff   Thumb Code     0  fpinit.o(x$fpl$fpinit)
    __fplib_config_pureend_doubles           0x0800afff   Thumb Code     0  fpinit.o(x$fpl$fpinit)
    __fpl_fretinf                            0x0800b001   Thumb Code    10  fretinf.o(x$fpl$fretinf)
    __I$use$fp                               0x0800b00a   Number         0  usenofp.o(x$fpl$usenofp)
    MainTask_attributes                      0x0800b00c   Data          36  freertos.o(.constdata)
    Link2RemTask_attributes                  0x0800b030   Data          36  freertos.o(.constdata)
    ControlTask_attributes                   0x0800b054   Data          36  freertos.o(.constdata)
    rxQueue_attributes                       0x0800b078   Data          24  freertos.o(.constdata)
    NrfIT_Binary_attributes                  0x0800b090   Data          16  freertos.o(.constdata)
    CanFlyEvent_attributes                   0x0800b0a0   Data          16  freertos.o(.constdata)
    TX_ADDRESS                               0x0800b0b0   Data           5  24l01.o(.constdata)
    RX_ADDRESS                               0x0800b0b5   Data           5  24l01.o(.constdata)
    reg                                      0x0800b0ba   Data          27  inv_mpu.o(.constdata)
    hw                                       0x0800b0d6   Data          12  inv_mpu.o(.constdata)
    test                                     0x0800b0e4   Data          40  inv_mpu.o(.constdata)
    AHBPrescTable                            0x0800bd02   Data          16  system_stm32f4xx.o(.constdata)
    APBPrescTable                            0x0800bd12   Data           8  system_stm32f4xx.o(.constdata)
    __mathlib_zero                           0x0800be18   Data           8  qnan.o(.constdata)
    __stdin_name                             0x0800be20   Data           4  sys_io.o(.constdata)
    __stdout_name                            0x0800be24   Data           4  sys_io.o(.constdata)
    __stderr_name                            0x0800be28   Data           4  sys_io.o(.constdata)
    Region$$Table$$Base                      0x0800bec8   Number         0  anon$$obj.o(Region$$Table)
    Region$$Table$$Limit                     0x0800bee8   Number         0  anon$$obj.o(Region$$Table)
    MainTaskHandle                           0x20000000   Data           4  freertos.o(.data)
    Link2RemTaskHandle                       0x20000004   Data           4  freertos.o(.data)
    ControlTaskHandle                        0x20000008   Data           4  freertos.o(.data)
    rxQueueHandle                            0x2000000c   Data           4  freertos.o(.data)
    NrfIT_BinaryHandle                       0x20000010   Data           4  freertos.o(.data)
    CanFlyEventHandle                        0x20000014   Data           4  freertos.o(.data)
    Motor_PWM                                0x20000022   Data           8  control.o(.data)
    test_rate_rol_P                          0x20000064   Data           4  pid.o(.data)
    test_rate_pit_P                          0x20000068   Data           4  pid.o(.data)
    uwTickFreq                               0x2000006c   Data           1  stm32f4xx_hal.o(.data)
    uwTickPrio                               0x20000070   Data           4  stm32f4xx_hal.o(.data)
    uwTick                                   0x20000074   Data           4  stm32f4xx_hal.o(.data)
    SystemCoreClock                          0x20000078   Data           4  system_stm32f4xx.o(.data)
    pxCurrentTCB                             0x2000007c   Data           4  tasks.o(.data)
    __aeabi_stdin                            0x200000fc   Data           4  stdio_streams.o(.data)
    __aeabi_stdout                           0x20000100   Data           4  stdio_streams.o(.data)
    __aeabi_stderr                           0x20000104   Data           4  stdio_streams.o(.data)
    htim1                                    0x20000108   Data          72  stm32f4xx_hal_timebase_tim.o(.bss)
    PID_ROL_Angle                            0x20000150   Data          44  control.o(.bss)
    PID_PIT_Angle                            0x2000017c   Data          44  control.o(.bss)
    PID_YAW_Angle                            0x200001a8   Data          44  control.o(.bss)
    PID_ROL_Rate                             0x200001d4   Data          44  control.o(.bss)
    PID_PIT_Rate                             0x20000200   Data          44  control.o(.bss)
    Measurement_Angle                        0x2000022c   Data          12  control.o(.bss)
    Measurement_Gyroscope                    0x20000238   Data          12  control.o(.bss)
    Remote_Date                              0x20000244   Data          16  dataprocess.o(.bss)
    hi2c1                                    0x20000254   Data          84  i2c.o(.bss)
    hspi1                                    0x200002c4   Data          88  spi.o(.bss)
    htim3                                    0x2000031c   Data          72  tim.o(.bss)
    huart1                                   0x20000364   Data          68  usart.o(.bss)
    xQueueRegistry                           0x200003a8   Data          64  queue.o(.bss)
    __stdin                                  0x20004c7c   Data          84  stdio_streams.o(.bss)
    __stdout                                 0x20004cd0   Data          84  stdio_streams.o(.bss)
    __stderr                                 0x20004d24   Data          84  stdio_streams.o(.bss)
    __libspace_start                         0x20004d78   Data          96  libspace.o(.bss)
    __temporary_stack_top$libspace           0x20004dd8   Data           0  libspace.o(.bss)



==============================================================================

Memory Map of the image

  Image Entry point : 0x08000189

  Load Region LR_IROM1 (Base: 0x08000000, Size: 0x0000bff0, Max: 0x00080000, ABSOLUTE)

    Execution Region ER_IROM1 (Exec base: 0x08000000, Load base: 0x08000000, Size: 0x0000bee8, Max: 0x00080000, ABSOLUTE)

    Exec Addr    Load Addr    Size         Type   Attr      Idx    E Section Name        Object

    0x08000000   0x08000000   0x00000188   Data   RO            3    RESET               startup_stm32f407xx.o
    0x08000188   0x08000188   0x00000008   Code   RO         6789  * !!!main             c_w.l(__main.o)
    0x08000190   0x08000190   0x00000034   Code   RO         7244    !!!scatter          c_w.l(__scatter.o)
    0x080001c4   0x080001c4   0x0000001a   Code   RO         7246    !!handler_copy      c_w.l(__scatter_copy.o)
    0x080001de   0x080001de   0x00000002   PAD
    0x080001e0   0x080001e0   0x0000001c   Code   RO         7248    !!handler_zi        c_w.l(__scatter_zi.o)
    0x080001fc   0x080001fc   0x00000000   Code   RO         6776    .ARM.Collect$$_printf_percent$$00000000  c_w.l(_printf_percent.o)
    0x080001fc   0x080001fc   0x00000006   Code   RO         6775    .ARM.Collect$$_printf_percent$$00000009  c_w.l(_printf_d.o)
    0x08000202   0x08000202   0x00000004   Code   RO         6850    .ARM.Collect$$_printf_percent$$00000017  c_w.l(_printf_percent_end.o)
    0x08000206   0x08000206   0x00000002   Code   RO         7059    .ARM.Collect$$libinit$$00000000  c_w.l(libinit.o)
    0x08000208   0x08000208   0x00000004   Code   RO         7060    .ARM.Collect$$libinit$$00000001  c_w.l(libinit2.o)
    0x0800020c   0x0800020c   0x00000000   Code   RO         7063    .ARM.Collect$$libinit$$00000004  c_w.l(libinit2.o)
    0x0800020c   0x0800020c   0x00000008   Code   RO         7064    .ARM.Collect$$libinit$$00000005  c_w.l(libinit2.o)
    0x08000214   0x08000214   0x00000000   Code   RO         7066    .ARM.Collect$$libinit$$0000000A  c_w.l(libinit2.o)
    0x08000214   0x08000214   0x00000000   Code   RO         7068    .ARM.Collect$$libinit$$0000000C  c_w.l(libinit2.o)
    0x08000214   0x08000214   0x00000000   Code   RO         7070    .ARM.Collect$$libinit$$0000000E  c_w.l(libinit2.o)
    0x08000214   0x08000214   0x00000000   Code   RO         7073    .ARM.Collect$$libinit$$00000011  c_w.l(libinit2.o)
    0x08000214   0x08000214   0x00000000   Code   RO         7075    .ARM.Collect$$libinit$$00000013  c_w.l(libinit2.o)
    0x08000214   0x08000214   0x00000000   Code   RO         7077    .ARM.Collect$$libinit$$00000015  c_w.l(libinit2.o)
    0x08000214   0x08000214   0x00000000   Code   RO         7079    .ARM.Collect$$libinit$$00000017  c_w.l(libinit2.o)
    0x08000214   0x08000214   0x00000000   Code   RO         7081    .ARM.Collect$$libinit$$00000019  c_w.l(libinit2.o)
    0x08000214   0x08000214   0x00000000   Code   RO         7083    .ARM.Collect$$libinit$$0000001B  c_w.l(libinit2.o)
    0x08000214   0x08000214   0x00000000   Code   RO         7085    .ARM.Collect$$libinit$$0000001D  c_w.l(libinit2.o)
    0x08000214   0x08000214   0x00000000   Code   RO         7087    .ARM.Collect$$libinit$$0000001F  c_w.l(libinit2.o)
    0x08000214   0x08000214   0x00000000   Code   RO         7089    .ARM.Collect$$libinit$$00000021  c_w.l(libinit2.o)
    0x08000214   0x08000214   0x00000000   Code   RO         7091    .ARM.Collect$$libinit$$00000023  c_w.l(libinit2.o)
    0x08000214   0x08000214   0x00000004   Code   RO         7092    .ARM.Collect$$libinit$$00000024  c_w.l(libinit2.o)
    0x08000218   0x08000218   0x00000000   Code   RO         7093    .ARM.Collect$$libinit$$00000025  c_w.l(libinit2.o)
    0x08000218   0x08000218   0x00000000   Code   RO         7097    .ARM.Collect$$libinit$$0000002C  c_w.l(libinit2.o)
    0x08000218   0x08000218   0x00000000   Code   RO         7099    .ARM.Collect$$libinit$$0000002E  c_w.l(libinit2.o)
    0x08000218   0x08000218   0x00000000   Code   RO         7101    .ARM.Collect$$libinit$$00000030  c_w.l(libinit2.o)
    0x08000218   0x08000218   0x00000000   Code   RO         7103    .ARM.Collect$$libinit$$00000032  c_w.l(libinit2.o)
    0x08000218   0x08000218   0x00000002   Code   RO         7104    .ARM.Collect$$libinit$$00000033  c_w.l(libinit2.o)
    0x0800021a   0x0800021a   0x00000002   Code   RO         7225    .ARM.Collect$$libshutdown$$00000000  c_w.l(libshutdown.o)
    0x0800021c   0x0800021c   0x00000000   Code   RO         7106    .ARM.Collect$$libshutdown$$00000002  c_w.l(libshutdown2.o)
    0x0800021c   0x0800021c   0x00000000   Code   RO         7108    .ARM.Collect$$libshutdown$$00000004  c_w.l(libshutdown2.o)
    0x0800021c   0x0800021c   0x00000004   Code   RO         7109    .ARM.Collect$$libshutdown$$00000005  c_w.l(libshutdown2.o)
    0x08000220   0x08000220   0x00000000   Code   RO         7110    .ARM.Collect$$libshutdown$$00000006  c_w.l(libshutdown2.o)
    0x08000220   0x08000220   0x00000000   Code   RO         7113    .ARM.Collect$$libshutdown$$00000009  c_w.l(libshutdown2.o)
    0x08000220   0x08000220   0x00000000   Code   RO         7116    .ARM.Collect$$libshutdown$$0000000C  c_w.l(libshutdown2.o)
    0x08000220   0x08000220   0x00000000   Code   RO         7118    .ARM.Collect$$libshutdown$$0000000E  c_w.l(libshutdown2.o)
    0x08000220   0x08000220   0x00000000   Code   RO         7121    .ARM.Collect$$libshutdown$$00000011  c_w.l(libshutdown2.o)
    0x08000220   0x08000220   0x00000002   Code   RO         7122    .ARM.Collect$$libshutdown$$00000012  c_w.l(libshutdown2.o)
    0x08000222   0x08000222   0x00000000   Code   RO         6839    .ARM.Collect$$rtentry$$00000000  c_w.l(__rtentry.o)
    0x08000222   0x08000222   0x00000000   Code   RO         6926    .ARM.Collect$$rtentry$$00000002  c_w.l(__rtentry2.o)
    0x08000222   0x08000222   0x00000006   Code   RO         6938    .ARM.Collect$$rtentry$$00000004  c_w.l(__rtentry4.o)
    0x08000228   0x08000228   0x00000000   Code   RO         6928    .ARM.Collect$$rtentry$$00000009  c_w.l(__rtentry2.o)
    0x08000228   0x08000228   0x00000004   Code   RO         6929    .ARM.Collect$$rtentry$$0000000A  c_w.l(__rtentry2.o)
    0x0800022c   0x0800022c   0x00000000   Code   RO         6931    .ARM.Collect$$rtentry$$0000000C  c_w.l(__rtentry2.o)
    0x0800022c   0x0800022c   0x00000008   Code   RO         6932    .ARM.Collect$$rtentry$$0000000D  c_w.l(__rtentry2.o)
    0x08000234   0x08000234   0x00000002   Code   RO         7126    .ARM.Collect$$rtexit$$00000000  c_w.l(rtexit.o)
    0x08000236   0x08000236   0x00000000   Code   RO         7176    .ARM.Collect$$rtexit$$00000002  c_w.l(rtexit2.o)
    0x08000236   0x08000236   0x00000004   Code   RO         7177    .ARM.Collect$$rtexit$$00000003  c_w.l(rtexit2.o)
    0x0800023a   0x0800023a   0x00000006   Code   RO         7178    .ARM.Collect$$rtexit$$00000004  c_w.l(rtexit2.o)
    0x08000240   0x08000240   0x000000be   Code   RO         6640    .emb_text           port.o
    0x080002fe   0x080002fe   0x00000002   PAD
    0x08000300   0x08000300   0x00000000   Code   RO         7182    .emb_text           c_w.l(maybetermalloc1.o)
    0x08000300   0x08000300   0x00000040   Code   RO            4    .text               startup_stm32f407xx.o
    0x08000340   0x08000340   0x000000ee   Code   RO         6719    .text               c_w.l(lludivv7m.o)
    0x0800042e   0x0800042e   0x00000048   Code   RO         6721    .text               c_w.l(llsdiv.o)
    0x08000476   0x08000476   0x00000002   PAD
    0x08000478   0x08000478   0x00000018   Code   RO         6725    .text               c_w.l(noretval__2printf.o)
    0x08000490   0x08000490   0x00000078   Code   RO         6731    .text               c_w.l(_printf_dec.o)
    0x08000508   0x08000508   0x00000138   Code   RO         6766    .text               c_w.l(__printf_flags_wp.o)
    0x08000640   0x08000640   0x00000058   Code   RO         6777    .text               c_w.l(memcmp.o)
    0x08000698   0x08000698   0x0000008a   Code   RO         6779    .text               c_w.l(rt_memcpy_v6.o)
    0x08000722   0x08000722   0x00000010   Code   RO         6783    .text               c_w.l(aeabi_memset.o)
    0x08000732   0x08000732   0x0000004e   Code   RO         6785    .text               c_w.l(rt_memclr_w.o)
    0x08000780   0x08000780   0x00000006   Code   RO         6787    .text               c_w.l(heapauxi.o)
    0x08000786   0x08000786   0x00000016   Code   RO         6844    .text               c_w.l(_rserrno.o)
    0x0800079c   0x0800079c   0x000000b2   Code   RO         6846    .text               c_w.l(_printf_intcommon.o)
    0x0800084e   0x0800084e   0x00000002   PAD
    0x08000850   0x08000850   0x00000024   Code   RO         6848    .text               c_w.l(_printf_char_file.o)
    0x08000874   0x08000874   0x00000064   Code   RO         6857    .text               c_w.l(rt_memcpy_w.o)
    0x080008d8   0x080008d8   0x00000044   Code   RO         6859    .text               c_w.l(rt_memclr.o)
    0x0800091c   0x0800091c   0x00000008   Code   RO         6945    .text               c_w.l(rt_errno_addr_intlibspace.o)
    0x08000924   0x08000924   0x00000030   Code   RO         6947    .text               c_w.l(_printf_char_common.o)
    0x08000954   0x08000954   0x00000008   Code   RO         6949    .text               c_w.l(ferror.o)
    0x0800095c   0x0800095c   0x00000138   Code   RO         6951    .text               c_w.l(initio.o)
    0x08000a94   0x08000a94   0x00000066   Code   RO         6963    .text               c_w.l(sys_io.o)
    0x08000afa   0x08000afa   0x00000002   PAD
    0x08000afc   0x08000afc   0x00000008   Code   RO         6968    .text               c_w.l(libspace.o)
    0x08000b04   0x08000b04   0x0000004a   Code   RO         6973    .text               c_w.l(sys_stackheap_outer.o)
    0x08000b4e   0x08000b4e   0x0000004e   Code   RO         6977    .text               c_w.l(h1_free.o)
    0x08000b9c   0x08000b9c   0x00000046   Code   RO         7033    .text               c_w.l(setvbuf.o)
    0x08000be2   0x08000be2   0x00000002   PAD
    0x08000be4   0x08000be4   0x000000ec   Code   RO         7036    .text               c_w.l(fopen.o)
    0x08000cd0   0x08000cd0   0x0000004c   Code   RO         7038    .text               c_w.l(fclose.o)
    0x08000d1c   0x08000d1c   0x00000012   Code   RO         7044    .text               c_w.l(exit.o)
    0x08000d2e   0x08000d2e   0x0000000e   Code   RO         7050    .text               c_w.l(defsig_rtred_outer.o)
    0x08000d3c   0x08000d3c   0x00000002   Code   RO         7123    .text               c_w.l(use_no_semi.o)
    0x08000d3e   0x08000d3e   0x00000000   Code   RO         7125    .text               c_w.l(indicate_semi.o)
    0x08000d3e   0x08000d3e   0x00000002   PAD
    0x08000d40   0x08000d40   0x00000008   Code   RO         7133    .text               c_w.l(rt_heap_descriptor_intlibspace.o)
    0x08000d48   0x08000d48   0x00000004   Code   RO         7135    .text               c_w.l(hguard.o)
    0x08000d4c   0x08000d4c   0x0000008a   Code   RO         7137    .text               c_w.l(init_alloc.o)
    0x08000dd6   0x08000dd6   0x0000005e   Code   RO         7143    .text               c_w.l(h1_alloc.o)
    0x08000e34   0x08000e34   0x000000f8   Code   RO         7157    .text               c_w.l(fseek.o)
    0x08000f2c   0x08000f2c   0x000000f0   Code   RO         7159    .text               c_w.l(stdio.o)
    0x0800101c   0x0800101c   0x0000000a   Code   RO         7161    .text               c_w.l(defsig_exit.o)
    0x08001026   0x08001026   0x00000002   PAD
    0x08001028   0x08001028   0x00000034   Code   RO         7165    .text               c_w.l(defsig_rtred_inner.o)
    0x0800105c   0x0800105c   0x0000003e   Code   RO         7167    .text               c_w.l(strlen.o)
    0x0800109a   0x0800109a   0x00000002   PAD
    0x0800109c   0x0800109c   0x0000000c   Code   RO         7173    .text               c_w.l(sys_exit.o)
    0x080010a8   0x080010a8   0x0000000e   Code   RO         7184    .text               c_w.l(h1_init.o)
    0x080010b6   0x080010b6   0x00000034   Code   RO         7186    .text               c_w.l(h1_extend.o)
    0x080010ea   0x080010ea   0x00000042   Code   RO         7192    .text               c_w.l(ftell.o)
    0x0800112c   0x0800112c   0x00000032   Code   RO         7196    .text               c_w.l(defsig_general.o)
    0x0800115e   0x0800115e   0x0000000e   Code   RO         7198    .text               c_w.l(defsig_rtmem_outer.o)
    0x0800116c   0x0800116c   0x0000000e   Code   RO         7211    .text               c_w.l(sys_wrch.o)
    0x0800117a   0x0800117a   0x00000002   PAD
    0x0800117c   0x0800117c   0x00000050   Code   RO         7219    .text               c_w.l(defsig_rtmem_inner.o)
    0x080011cc   0x080011cc   0x00000044   Code   RO          610    i.AirCraft_Control_Task  control.o
    0x08001210   0x08001210   0x000000cc   Code   RO          611    i.AirCraft_TestSelf  control.o
    0x080012dc   0x080012dc   0x00000108   Code   RO          578    i.Aircraft_Task_Manage  aircraft_manager.o
    0x080013e4   0x080013e4   0x00000002   Code   RO          339    i.BusFault_Handler  stm32f4xx_it.o
    0x080013e6   0x080013e6   0x00000002   PAD
    0x080013e8   0x080013e8   0x0000016c   Code   RO          612    i.Control           control.o
    0x08001554   0x08001554   0x00000002   Code   RO          340    i.DebugMon_Handler  stm32f4xx_it.o
    0x08001556   0x08001556   0x00000012   Code   RO         1352    i.ESC_Unlock        motor.o
    0x08001568   0x08001568   0x00000006   Code   RO          341    i.EXTI2_IRQHandler  stm32f4xx_it.o
    0x0800156e   0x0800156e   0x00000004   Code   RO           13    i.Error_Handler     main.o
    0x08001572   0x08001572   0x00000070   Code   RO          667    i.Get_Float_Gyroscope  dataprocess.o
    0x080015e2   0x080015e2   0x00000024   Code   RO         2153    i.HAL_DMA_Abort_IT  stm32f4xx_hal_dma.o
    0x08001606   0x08001606   0x00000006   Code   RO         2156    i.HAL_DMA_GetState  stm32f4xx_hal_dma.o
    0x0800160c   0x0800160c   0x00000024   Code   RO         2571    i.HAL_Delay         stm32f4xx_hal.o
    0x08001630   0x08001630   0x00000044   Code   RO         1288    i.HAL_GPIO_EXTI_Callback  link2remote.o
    0x08001674   0x08001674   0x00000018   Code   RO         2044    i.HAL_GPIO_EXTI_IRQHandler  stm32f4xx_hal_gpio.o
    0x0800168c   0x0800168c   0x000001f0   Code   RO         2045    i.HAL_GPIO_Init     stm32f4xx_hal_gpio.o
    0x0800187c   0x0800187c   0x0000000a   Code   RO         2047    i.HAL_GPIO_ReadPin  stm32f4xx_hal_gpio.o
    0x08001886   0x08001886   0x00000010   Code   RO         2048    i.HAL_GPIO_TogglePin  stm32f4xx_hal_gpio.o
    0x08001896   0x08001896   0x0000000a   Code   RO         2049    i.HAL_GPIO_WritePin  stm32f4xx_hal_gpio.o
    0x080018a0   0x080018a0   0x0000000c   Code   RO         2577    i.HAL_GetTick       stm32f4xx_hal.o
    0x080018ac   0x080018ac   0x00000002   Code   RO         3795    i.HAL_I2C_AbortCpltCallback  stm32f4xx_hal_i2c.o
    0x080018ae   0x080018ae   0x00000002   Code   RO         3796    i.HAL_I2C_AddrCallback  stm32f4xx_hal_i2c.o
    0x080018b0   0x080018b0   0x000000ba   Code   RO         3799    i.HAL_I2C_ER_IRQHandler  stm32f4xx_hal_i2c.o
    0x0800196a   0x0800196a   0x00000230   Code   RO         3800    i.HAL_I2C_EV_IRQHandler  stm32f4xx_hal_i2c.o
    0x08001b9a   0x08001b9a   0x00000002   Code   RO         3802    i.HAL_I2C_ErrorCallback  stm32f4xx_hal_i2c.o
    0x08001b9c   0x08001b9c   0x00000188   Code   RO         3806    i.HAL_I2C_Init      stm32f4xx_hal_i2c.o
    0x08001d24   0x08001d24   0x00000002   Code   RO         3808    i.HAL_I2C_ListenCpltCallback  stm32f4xx_hal_i2c.o
    0x08001d26   0x08001d26   0x00000002   Code   RO         3809    i.HAL_I2C_MasterRxCpltCallback  stm32f4xx_hal_i2c.o
    0x08001d28   0x08001d28   0x00000002   Code   RO         3810    i.HAL_I2C_MasterTxCpltCallback  stm32f4xx_hal_i2c.o
    0x08001d2a   0x08001d2a   0x00000002   Code   RO         3822    i.HAL_I2C_MemRxCpltCallback  stm32f4xx_hal_i2c.o
    0x08001d2c   0x08001d2c   0x00000002   Code   RO         3823    i.HAL_I2C_MemTxCpltCallback  stm32f4xx_hal_i2c.o
    0x08001d2e   0x08001d2e   0x00000002   PAD
    0x08001d30   0x08001d30   0x000001f8   Code   RO         3824    i.HAL_I2C_Mem_Read  stm32f4xx_hal_i2c.o
    0x08001f28   0x08001f28   0x00000130   Code   RO         3827    i.HAL_I2C_Mem_Write  stm32f4xx_hal_i2c.o
    0x08002058   0x08002058   0x00000088   Code   RO          713    i.HAL_I2C_MspInit   i2c.o
    0x080020e0   0x080020e0   0x00000002   Code   RO         3832    i.HAL_I2C_SlaveRxCpltCallback  stm32f4xx_hal_i2c.o
    0x080020e2   0x080020e2   0x00000002   Code   RO         3833    i.HAL_I2C_SlaveTxCpltCallback  stm32f4xx_hal_i2c.o
    0x080020e4   0x080020e4   0x00000010   Code   RO         2583    i.HAL_IncTick       stm32f4xx_hal.o
    0x080020f4   0x080020f4   0x00000034   Code   RO         2584    i.HAL_Init          stm32f4xx_hal.o
    0x08002128   0x08002128   0x00000074   Code   RO          457    i.HAL_InitTick      stm32f4xx_hal_timebase_tim.o
    0x0800219c   0x0800219c   0x00000038   Code   RO          433    i.HAL_MspInit       stm32f4xx_hal_msp.o
    0x080021d4   0x080021d4   0x0000001a   Code   RO         2434    i.HAL_NVIC_EnableIRQ  stm32f4xx_hal_cortex.o
    0x080021ee   0x080021ee   0x00000002   PAD
    0x080021f0   0x080021f0   0x00000040   Code   RO         2440    i.HAL_NVIC_SetPriority  stm32f4xx_hal_cortex.o
    0x08002230   0x08002230   0x00000024   Code   RO         2441    i.HAL_NVIC_SetPriorityGrouping  stm32f4xx_hal_cortex.o
    0x08002254   0x08002254   0x00000134   Code   RO         1691    i.HAL_RCC_ClockConfig  stm32f4xx_hal_rcc.o
    0x08002388   0x08002388   0x00000040   Code   RO         1695    i.HAL_RCC_GetClockConfig  stm32f4xx_hal_rcc.o
    0x080023c8   0x080023c8   0x00000020   Code   RO         1698    i.HAL_RCC_GetPCLK1Freq  stm32f4xx_hal_rcc.o
    0x080023e8   0x080023e8   0x00000020   Code   RO         1699    i.HAL_RCC_GetPCLK2Freq  stm32f4xx_hal_rcc.o
    0x08002408   0x08002408   0x00000064   Code   RO         1700    i.HAL_RCC_GetSysClockFreq  stm32f4xx_hal_rcc.o
    0x0800246c   0x0800246c   0x0000036c   Code   RO         1703    i.HAL_RCC_OscConfig  stm32f4xx_hal_rcc.o
    0x080027d8   0x080027d8   0x00000002   Code   RO         4234    i.HAL_SPI_ErrorCallback  stm32f4xx_hal_spi.o
    0x080027da   0x080027da   0x00000002   PAD
    0x080027dc   0x080027dc   0x000000fc   Code   RO         4237    i.HAL_SPI_IRQHandler  stm32f4xx_hal_spi.o
    0x080028d8   0x080028d8   0x000000bc   Code   RO         4238    i.HAL_SPI_Init      stm32f4xx_hal_spi.o
    0x08002994   0x08002994   0x00000078   Code   RO         1525    i.HAL_SPI_MspInit   spi.o
    0x08002a0c   0x08002a0c   0x00000166   Code   RO         4246    i.HAL_SPI_Transmit  stm32f4xx_hal_spi.o
    0x08002b72   0x08002b72   0x000001e2   Code   RO         4247    i.HAL_SPI_TransmitReceive  stm32f4xx_hal_spi.o
    0x08002d54   0x08002d54   0x00000002   Code   RO         3528    i.HAL_TIMEx_BreakCallback  stm32f4xx_hal_tim_ex.o
    0x08002d56   0x08002d56   0x00000002   Code   RO         3529    i.HAL_TIMEx_CommutCallback  stm32f4xx_hal_tim_ex.o
    0x08002d58   0x08002d58   0x00000090   Code   RO         3547    i.HAL_TIMEx_MasterConfigSynchronization  stm32f4xx_hal_tim_ex.o
    0x08002de8   0x08002de8   0x0000005a   Code   RO         2824    i.HAL_TIM_Base_Init  stm32f4xx_hal_tim.o
    0x08002e42   0x08002e42   0x00000002   PAD
    0x08002e44   0x08002e44   0x0000003c   Code   RO         1601    i.HAL_TIM_Base_MspInit  tim.o
    0x08002e80   0x08002e80   0x00000080   Code   RO         2829    i.HAL_TIM_Base_Start_IT  stm32f4xx_hal_tim.o
    0x08002f00   0x08002f00   0x000000dc   Code   RO         2833    i.HAL_TIM_ConfigClockSource  stm32f4xx_hal_tim.o
    0x08002fdc   0x08002fdc   0x00000002   Code   RO         2858    i.HAL_TIM_IC_CaptureCallback  stm32f4xx_hal_tim.o
    0x08002fde   0x08002fde   0x00000166   Code   RO         2872    i.HAL_TIM_IRQHandler  stm32f4xx_hal_tim.o
    0x08003144   0x08003144   0x00000050   Code   RO         1602    i.HAL_TIM_MspPostInit  tim.o
    0x08003194   0x08003194   0x00000002   Code   RO         2875    i.HAL_TIM_OC_DelayElapsedCallback  stm32f4xx_hal_tim.o
    0x08003196   0x08003196   0x000000cc   Code   RO         2896    i.HAL_TIM_PWM_ConfigChannel  stm32f4xx_hal_tim.o
    0x08003262   0x08003262   0x0000005a   Code   RO         2899    i.HAL_TIM_PWM_Init  stm32f4xx_hal_tim.o
    0x080032bc   0x080032bc   0x00000002   Code   RO         2901    i.HAL_TIM_PWM_MspInit  stm32f4xx_hal_tim.o
    0x080032be   0x080032be   0x00000002   Code   RO         2902    i.HAL_TIM_PWM_PulseFinishedCallback  stm32f4xx_hal_tim.o
    0x080032c0   0x080032c0   0x000000c8   Code   RO         2904    i.HAL_TIM_PWM_Start  stm32f4xx_hal_tim.o
    0x08003388   0x08003388   0x0000007c   Code   RO         2907    i.HAL_TIM_PWM_Stop  stm32f4xx_hal_tim.o
    0x08003404   0x08003404   0x00000014   Code   RO           14    i.HAL_TIM_PeriodElapsedCallback  main.o
    0x08003418   0x08003418   0x00000002   Code   RO         2915    i.HAL_TIM_TriggerCallback  stm32f4xx_hal_tim.o
    0x0800341a   0x0800341a   0x00000062   Code   RO         4596    i.HAL_UART_Init     stm32f4xx_hal_uart.o
    0x0800347c   0x0800347c   0x00000094   Code   RO         1649    i.HAL_UART_MspInit  usart.o
    0x08003510   0x08003510   0x000000b2   Code   RO         4604    i.HAL_UART_Transmit  stm32f4xx_hal_uart.o
    0x080035c2   0x080035c2   0x00000002   Code   RO          342    i.HardFault_Handler  stm32f4xx_it.o
    0x080035c4   0x080035c4   0x0000012c   Code   RO          579    i.HardWare_Init     aircraft_manager.o
    0x080036f0   0x080036f0   0x0000000c   Code   RO          343    i.I2C1_ER_IRQHandler  stm32f4xx_it.o
    0x080036fc   0x080036fc   0x0000000c   Code   RO          344    i.I2C1_EV_IRQHandler  stm32f4xx_it.o
    0x08003708   0x08003708   0x000000bc   Code   RO         3844    i.I2C_DMAAbort      stm32f4xx_hal_i2c.o
    0x080037c4   0x080037c4   0x00000158   Code   RO         3847    i.I2C_ITError       stm32f4xx_hal_i2c.o
    0x0800391c   0x0800391c   0x0000002e   Code   RO         3848    i.I2C_IsAcknowledgeFailed  stm32f4xx_hal_i2c.o
    0x0800394a   0x0800394a   0x000000d2   Code   RO         3849    i.I2C_MasterReceive_BTF  stm32f4xx_hal_i2c.o
    0x08003a1c   0x08003a1c   0x000000e8   Code   RO         3850    i.I2C_MasterReceive_RXNE  stm32f4xx_hal_i2c.o
    0x08003b04   0x08003b04   0x00000082   Code   RO         3853    i.I2C_MasterTransmit_BTF  stm32f4xx_hal_i2c.o
    0x08003b86   0x08003b86   0x00000002   PAD
    0x08003b88   0x08003b88   0x000000b6   Code   RO         3854    i.I2C_MasterTransmit_TXE  stm32f4xx_hal_i2c.o
    0x08003c3e   0x08003c3e   0x00000002   PAD
    0x08003c40   0x08003c40   0x00000118   Code   RO         3855    i.I2C_Master_ADDR   stm32f4xx_hal_i2c.o
    0x08003d58   0x08003d58   0x0000008c   Code   RO         3856    i.I2C_Master_SB     stm32f4xx_hal_i2c.o
    0x08003de4   0x08003de4   0x000000a0   Code   RO         3857    i.I2C_MemoryTransmit_TXE_BTF  stm32f4xx_hal_i2c.o
    0x08003e84   0x08003e84   0x000000fc   Code   RO         3858    i.I2C_RequestMemoryRead  stm32f4xx_hal_i2c.o
    0x08003f80   0x08003f80   0x000000a8   Code   RO         3859    i.I2C_RequestMemoryWrite  stm32f4xx_hal_i2c.o
    0x08004028   0x08004028   0x00000046   Code   RO         3860    i.I2C_Slave_ADDR    stm32f4xx_hal_i2c.o
    0x0800406e   0x0800406e   0x00000002   PAD
    0x08004070   0x08004070   0x00000084   Code   RO         3861    i.I2C_Slave_AF      stm32f4xx_hal_i2c.o
    0x080040f4   0x080040f4   0x0000015c   Code   RO         3862    i.I2C_Slave_STOPF   stm32f4xx_hal_i2c.o
    0x08004250   0x08004250   0x0000004c   Code   RO         3863    i.I2C_WaitOnBTFFlagUntilTimeout  stm32f4xx_hal_i2c.o
    0x0800429c   0x0800429c   0x00000068   Code   RO         3864    i.I2C_WaitOnFlagUntilTimeout  stm32f4xx_hal_i2c.o
    0x08004304   0x08004304   0x00000096   Code   RO         3865    i.I2C_WaitOnMasterAddressFlagUntilTimeout  stm32f4xx_hal_i2c.o
    0x0800439a   0x0800439a   0x00000066   Code   RO         3866    i.I2C_WaitOnRXNEFlagUntilTimeout  stm32f4xx_hal_i2c.o
    0x08004400   0x08004400   0x0000004c   Code   RO         3867    i.I2C_WaitOnTXEFlagUntilTimeout  stm32f4xx_hal_i2c.o
    0x0800444c   0x0800444c   0x00000084   Code   RO          613    i.KEY_Process_Task  control.o
    0x080044d0   0x080044d0   0x00000014   Code   RO         1289    i.Link2Rem_ReceivePacket  link2remote.o
    0x080044e4   0x080044e4   0x0000001e   Code   RO         1291    i.Link2Remote_Init  link2remote.o
    0x08004502   0x08004502   0x0000000e   Code   RO         1354    i.Lowest_Thrust     motor.o
    0x08004510   0x08004510   0x00000032   Code   RO         1406    i.MPU_Get_Gyroscope  mpu6050.o
    0x08004542   0x08004542   0x00000002   PAD
    0x08004544   0x08004544   0x00000024   Code   RO         1410    i.MPU_Read_Len      mpu6050.o
    0x08004568   0x08004568   0x00000024   Code   RO         1416    i.MPU_Write_Len     mpu6050.o
    0x0800458c   0x0800458c   0x00000068   Code   RO          284    i.MX_FREERTOS_Init  freertos.o
    0x080045f4   0x080045f4   0x000000e0   Code   RO          260    i.MX_GPIO_Init      gpio.o
    0x080046d4   0x080046d4   0x00000040   Code   RO          714    i.MX_I2C1_Init      i2c.o
    0x08004714   0x08004714   0x00000048   Code   RO         1526    i.MX_SPI1_Init      spi.o
    0x0800475c   0x0800475c   0x000000d0   Code   RO         1603    i.MX_TIM3_Init      tim.o
    0x0800482c   0x0800482c   0x00000038   Code   RO         1650    i.MX_USART1_UART_Init  usart.o
    0x08004864   0x08004864   0x00000002   Code   RO          345    i.MemManage_Handler  stm32f4xx_it.o
    0x08004866   0x08004866   0x00000002   PAD
    0x08004868   0x08004868   0x0000001c   Code   RO         1355    i.Motor_PWM_Config  motor.o
    0x08004884   0x08004884   0x00000044   Code   RO         1356    i.Motor_Start       motor.o
    0x080048c8   0x080048c8   0x00000044   Code   RO         1357    i.Motor_Stop        motor.o
    0x0800490c   0x0800490c   0x00000002   Code   RO          346    i.NMI_Handler       stm32f4xx_it.o
    0x0800490e   0x0800490e   0x00000002   PAD
    0x08004910   0x08004910   0x00000048   Code   RO          496    i.NRF24L01_Check    24l01.o
    0x08004958   0x08004958   0x00000040   Code   RO          497    i.NRF24L01_Init     24l01.o
    0x08004998   0x08004998   0x00000060   Code   RO          498    i.NRF24L01_RX_Mode  24l01.o
    0x080049f8   0x080049f8   0x00000054   Code   RO          499    i.NRF24L01_Read_Buf  24l01.o
    0x08004a4c   0x08004a4c   0x0000004c   Code   RO          500    i.NRF24L01_Read_Reg  24l01.o
    0x08004a98   0x08004a98   0x00000044   Code   RO          501    i.NRF24L01_RxPacket  24l01.o
    0x08004adc   0x08004adc   0x0000006c   Code   RO          502    i.NRF24L01_TX_Mode  24l01.o
    0x08004b48   0x08004b48   0x00000064   Code   RO          503    i.NRF24L01_TxPacket  24l01.o
    0x08004bac   0x08004bac   0x00000044   Code   RO          504    i.NRF24L01_Write_Buf  24l01.o
    0x08004bf0   0x08004bf0   0x00000040   Code   RO          505    i.NRF24L01_Write_Reg  24l01.o
    0x08004c30   0x08004c30   0x00000150   Code   RO         1491    i.PID_Arg_Init      pid.o
    0x08004d80   0x08004d80   0x00000020   Code   RO          614    i.PID_Init          control.o
    0x08004da0   0x08004da0   0x000000d0   Code   RO         1492    i.PID_Process       pid.o
    0x08004e70   0x08004e70   0x000000bc   Code   RO          668    i.Remote_Data_Process  dataprocess.o
    0x08004f2c   0x08004f2c   0x0000000c   Code   RO          347    i.SPI1_IRQHandler   stm32f4xx_it.o
    0x08004f38   0x08004f38   0x00000010   Code   RO         4265    i.SPI_DMAAbortOnError  stm32f4xx_hal_spi.o
    0x08004f48   0x08004f48   0x00000058   Code   RO         4276    i.SPI_EndRxTxTransaction  stm32f4xx_hal_spi.o
    0x08004fa0   0x08004fa0   0x000000b8   Code   RO         4281    i.SPI_WaitFlagStateUntilTimeout  stm32f4xx_hal_spi.o
    0x08005058   0x08005058   0x00000024   Code   RO          285    i.StartDefaultTask  freertos.o
    0x0800507c   0x0800507c   0x0000001a   Code   RO         6072    i.SysTick_Handler   cmsis_os2.o
    0x08005096   0x08005096   0x00000002   PAD
    0x08005098   0x08005098   0x00000098   Code   RO           15    i.SystemClock_Config  main.o
    0x08005130   0x08005130   0x00000010   Code   RO         4925    i.SystemInit        system_stm32f4xx.o
    0x08005140   0x08005140   0x0000000c   Code   RO          348    i.TIM1_UP_TIM10_IRQHandler  stm32f4xx_it.o
    0x0800514c   0x0800514c   0x0000000c   Code   RO          349    i.TIM3_IRQHandler   stm32f4xx_it.o
    0x08005158   0x08005158   0x000000c8   Code   RO         2917    i.TIM_Base_SetConfig  stm32f4xx_hal_tim.o
    0x08005220   0x08005220   0x0000001a   Code   RO         2918    i.TIM_CCxChannelCmd  stm32f4xx_hal_tim.o
    0x0800523a   0x0800523a   0x00000014   Code   RO         2928    i.TIM_ETR_SetConfig  stm32f4xx_hal_tim.o
    0x0800524e   0x0800524e   0x00000010   Code   RO         2929    i.TIM_ITRx_SetConfig  stm32f4xx_hal_tim.o
    0x0800525e   0x0800525e   0x00000002   PAD
    0x08005260   0x08005260   0x00000060   Code   RO         2930    i.TIM_OC1_SetConfig  stm32f4xx_hal_tim.o
    0x080052c0   0x080052c0   0x0000006c   Code   RO         2931    i.TIM_OC2_SetConfig  stm32f4xx_hal_tim.o
    0x0800532c   0x0800532c   0x00000068   Code   RO         2932    i.TIM_OC3_SetConfig  stm32f4xx_hal_tim.o
    0x08005394   0x08005394   0x00000050   Code   RO         2933    i.TIM_OC4_SetConfig  stm32f4xx_hal_tim.o
    0x080053e4   0x080053e4   0x00000022   Code   RO         2935    i.TIM_TI1_ConfigInputStage  stm32f4xx_hal_tim.o
    0x08005406   0x08005406   0x00000024   Code   RO         2937    i.TIM_TI2_ConfigInputStage  stm32f4xx_hal_tim.o
    0x0800542a   0x0800542a   0x00000002   PAD
    0x0800542c   0x0800542c   0x0000010c   Code   RO         4622    i.UART_SetConfig    stm32f4xx_hal_uart.o
    0x08005538   0x08005538   0x00000078   Code   RO         4625    i.UART_WaitOnFlagUntilTimeout  stm32f4xx_hal_uart.o
    0x080055b0   0x080055b0   0x00000002   Code   RO          350    i.UsageFault_Handler  stm32f4xx_it.o
    0x080055b2   0x080055b2   0x00000002   PAD
    0x080055b4   0x080055b4   0x00000040   Code   RO         1292    i.WaitTestSignal    link2remote.o
    0x080055f4   0x080055f4   0x000000a0   Code   RO          615    i.YAW_Limit         control.o
    0x08005694   0x08005694   0x00000030   Code   RO         6908    i.__ARM_fpclassify  m_wm.l(fpclassify.o)
    0x080056c4   0x080056c4   0x00000020   Code   RO         2447    i.__NVIC_SetPriority  stm32f4xx_hal_cortex.o
    0x080056e4   0x080056e4   0x00000004   PAD
    0x080056e8   0x080056e8   0x00000360   Code   RO         6813    i.__hardfp_asin     m_wm.l(asin.o)
    0x08005a48   0x08005a48   0x000002d8   Code   RO         6874    i.__hardfp_atan     m_wm.l(atan.o)
    0x08005d20   0x08005d20   0x00000200   Code   RO         6827    i.__hardfp_atan2    m_wm.l(atan2.o)
    0x08005f20   0x08005f20   0x000000f8   Code   RO         6910    i.__kernel_poly     m_wm.l(poly.o)
    0x08006018   0x08006018   0x00000014   Code   RO         6889    i.__mathlib_dbl_infnan  m_wm.l(dunder.o)
    0x0800602c   0x0800602c   0x00000014   Code   RO         6890    i.__mathlib_dbl_infnan2  m_wm.l(dunder.o)
    0x08006040   0x08006040   0x00000020   Code   RO         6891    i.__mathlib_dbl_invalid  m_wm.l(dunder.o)
    0x08006060   0x08006060   0x00000020   Code   RO         6894    i.__mathlib_dbl_underflow  m_wm.l(dunder.o)
    0x08006080   0x08006080   0x0000000e   Code   RO         6764    i._is_digit         c_w.l(__printf_wp.o)
    0x0800608e   0x0800608e   0x00000002   PAD
    0x08006090   0x08006090   0x00000090   Code   RO          754    i.accel_self_test   inv_mpu.o
    0x08006120   0x08006120   0x00000010   Code   RO         6876    i.atan              m_wm.l(atan.o)
    0x08006130   0x08006130   0x0000000c   Code   RO          286    i.controlTask       freertos.o
    0x0800613c   0x0800613c   0x0000003a   Code   RO         1103    i.dmp_enable_6x_lp_quat  inv_mpu_dmp_motion_driver.o
    0x08006176   0x08006176   0x00000002   PAD
    0x08006178   0x08006178   0x000001d8   Code   RO         1104    i.dmp_enable_feature  inv_mpu_dmp_motion_driver.o
    0x08006350   0x08006350   0x0000003c   Code   RO         1105    i.dmp_enable_gyro_cal  inv_mpu_dmp_motion_driver.o
    0x0800638c   0x0800638c   0x0000003a   Code   RO         1106    i.dmp_enable_lp_quat  inv_mpu_dmp_motion_driver.o
    0x080063c6   0x080063c6   0x00000002   PAD
    0x080063c8   0x080063c8   0x00000014   Code   RO         1111    i.dmp_load_motion_driver_firmware  inv_mpu_dmp_motion_driver.o
    0x080063dc   0x080063dc   0x00000168   Code   RO         1112    i.dmp_read_fifo     inv_mpu_dmp_motion_driver.o
    0x08006544   0x08006544   0x000000d8   Code   RO         1115    i.dmp_set_accel_bias  inv_mpu_dmp_motion_driver.o
    0x0800661c   0x0800661c   0x00000064   Code   RO         1116    i.dmp_set_fifo_rate  inv_mpu_dmp_motion_driver.o
    0x08006680   0x08006680   0x000000cc   Code   RO         1117    i.dmp_set_gyro_bias  inv_mpu_dmp_motion_driver.o
    0x0800674c   0x0800674c   0x0000010c   Code   RO         1119    i.dmp_set_orientation  inv_mpu_dmp_motion_driver.o
    0x08006858   0x08006858   0x00000030   Code   RO         1122    i.dmp_set_shake_reject_thresh  inv_mpu_dmp_motion_driver.o
    0x08006888   0x08006888   0x00000020   Code   RO         1123    i.dmp_set_shake_reject_time  inv_mpu_dmp_motion_driver.o
    0x080068a8   0x080068a8   0x00000020   Code   RO         1124    i.dmp_set_shake_reject_timeout  inv_mpu_dmp_motion_driver.o
    0x080068c8   0x080068c8   0x00000040   Code   RO         1125    i.dmp_set_tap_axes  inv_mpu_dmp_motion_driver.o
    0x08006908   0x08006908   0x00000022   Code   RO         1126    i.dmp_set_tap_count  inv_mpu_dmp_motion_driver.o
    0x0800692a   0x0800692a   0x00000002   PAD
    0x0800692c   0x0800692c   0x00000160   Code   RO         1127    i.dmp_set_tap_thresh  inv_mpu_dmp_motion_driver.o
    0x08006a8c   0x08006a8c   0x00000020   Code   RO         1128    i.dmp_set_tap_time  inv_mpu_dmp_motion_driver.o
    0x08006aac   0x08006aac   0x00000020   Code   RO         1129    i.dmp_set_tap_time_multi  inv_mpu_dmp_motion_driver.o
    0x08006acc   0x08006acc   0x00000074   Code   RO         5531    i.eTaskGetState     tasks.o
    0x08006b40   0x08006b40   0x00000018   Code   RO         6904    i.fabs              m_wm.l(fabs.o)
    0x08006b58   0x08006b58   0x00000018   Code   RO         1567    i.fputc             stm32f411_lee_conf.o
    0x08006b70   0x08006b70   0x000000b4   Code   RO          755    i.get_accel_prod_shift  inv_mpu.o
    0x08006c24   0x08006c24   0x00000314   Code   RO          756    i.get_st_biases     inv_mpu.o
    0x08006f38   0x08006f38   0x000000d4   Code   RO          757    i.gyro_self_test    inv_mpu.o
    0x0800700c   0x0800700c   0x00000022   Code   RO          758    i.inv_orientation_matrix_to_scalar  inv_mpu.o
    0x0800702e   0x0800702e   0x00000048   Code   RO          759    i.inv_row_2_scale   inv_mpu.o
    0x08007076   0x08007076   0x00000018   Code   RO         1293    i.link2rem_SendResult_of_Test  link2remote.o
    0x0800708e   0x0800708e   0x00000010   Code   RO          287    i.linkTask          freertos.o
    0x0800709e   0x0800709e   0x0000002e   Code   RO           16    i.main              main.o
    0x080070cc   0x080070cc   0x00000002   Code   RO          760    i.mget_ms           inv_mpu.o
    0x080070ce   0x080070ce   0x00000002   PAD
    0x080070d0   0x080070d0   0x00000054   Code   RO          761    i.mpu_configure_fifo  inv_mpu.o
    0x08007124   0x08007124   0x00000164   Code   RO          762    i.mpu_dmp_get_data  inv_mpu.o
    0x08007288   0x08007288   0x000000a0   Code   RO          763    i.mpu_dmp_init      inv_mpu.o
    0x08007328   0x08007328   0x0000003c   Code   RO          764    i.mpu_get_accel_fsr  inv_mpu.o
    0x08007364   0x08007364   0x00000044   Code   RO          766    i.mpu_get_accel_sens  inv_mpu.o
    0x080073a8   0x080073a8   0x00000034   Code   RO          772    i.mpu_get_gyro_fsr  inv_mpu.o
    0x080073dc   0x080073dc   0x0000004c   Code   RO          774    i.mpu_get_gyro_sens  inv_mpu.o
    0x08007428   0x08007428   0x00000038   Code   RO          776    i.mpu_get_lpf       inv_mpu.o
    0x08007460   0x08007460   0x0000001c   Code   RO          778    i.mpu_get_sample_rate  inv_mpu.o
    0x0800747c   0x0800747c   0x00000188   Code   RO          780    i.mpu_init          inv_mpu.o
    0x08007604   0x08007604   0x000000a0   Code   RO          781    i.mpu_load_firmware  inv_mpu.o
    0x080076a4   0x080076a4   0x000000b8   Code   RO          782    i.mpu_lp_accel_mode  inv_mpu.o
    0x0800775c   0x0800775c   0x00000090   Code   RO          785    i.mpu_read_fifo_stream  inv_mpu.o
    0x080077ec   0x080077ec   0x00000054   Code   RO          786    i.mpu_read_mem      inv_mpu.o
    0x08007840   0x08007840   0x00000160   Code   RO          789    i.mpu_reset_fifo    inv_mpu.o
    0x080079a0   0x080079a0   0x000000f0   Code   RO          790    i.mpu_run_self_test  inv_mpu.o
    0x08007a90   0x08007a90   0x00000068   Code   RO          792    i.mpu_set_accel_fsr  inv_mpu.o
    0x08007af8   0x08007af8   0x000000dc   Code   RO          793    i.mpu_set_bypass    inv_mpu.o
    0x08007bd4   0x08007bd4   0x00000078   Code   RO          795    i.mpu_set_dmp_state  inv_mpu.o
    0x08007c4c   0x08007c4c   0x0000006c   Code   RO          796    i.mpu_set_gyro_fsr  inv_mpu.o
    0x08007cb8   0x08007cb8   0x00000064   Code   RO          797    i.mpu_set_int_latched  inv_mpu.o
    0x08007d1c   0x08007d1c   0x0000006c   Code   RO          799    i.mpu_set_lpf       inv_mpu.o
    0x08007d88   0x08007d88   0x00000080   Code   RO          800    i.mpu_set_sample_rate  inv_mpu.o
    0x08007e08   0x08007e08   0x000000b8   Code   RO          801    i.mpu_set_sensors   inv_mpu.o
    0x08007ec0   0x08007ec0   0x00000054   Code   RO          802    i.mpu_write_mem     inv_mpu.o
    0x08007f14   0x08007f14   0x0000001a   Code   RO         6074    i.osDelay           cmsis_os2.o
    0x08007f2e   0x08007f2e   0x0000003e   Code   RO         6076    i.osEventFlagsClear  cmsis_os2.o
    0x08007f6c   0x08007f6c   0x00000016   Code   RO         6078    i.osEventFlagsGet   cmsis_os2.o
    0x08007f82   0x08007f82   0x0000002c   Code   RO         6079    i.osEventFlagsNew   cmsis_os2.o
    0x08007fae   0x08007fae   0x00000002   PAD
    0x08007fb0   0x08007fb0   0x00000054   Code   RO         6080    i.osEventFlagsSet   cmsis_os2.o
    0x08008004   0x08008004   0x00000024   Code   RO         6088    i.osKernelInitialize  cmsis_os2.o
    0x08008028   0x08008028   0x00000038   Code   RO         6091    i.osKernelStart     cmsis_os2.o
    0x08008060   0x08008060   0x00000064   Code   RO         6103    i.osMessageQueueGet  cmsis_os2.o
    0x080080c4   0x080080c4   0x00000058   Code   RO         6108    i.osMessageQueueNew  cmsis_os2.o
    0x0800811c   0x0800811c   0x00000068   Code   RO         6109    i.osMessageQueuePut  cmsis_os2.o
    0x08008184   0x08008184   0x0000005c   Code   RO         6116    i.osSemaphoreAcquire  cmsis_os2.o
    0x080081e0   0x080081e0   0x00000098   Code   RO         6119    i.osSemaphoreNew    cmsis_os2.o
    0x08008278   0x08008278   0x00000058   Code   RO         6120    i.osSemaphoreRelease  cmsis_os2.o
    0x080082d0   0x080082d0   0x00000036   Code   RO         6132    i.osThreadGetState  cmsis_os2.o
    0x08008306   0x08008306   0x00000002   PAD
    0x08008308   0x08008308   0x0000008a   Code   RO         6133    i.osThreadNew       cmsis_os2.o
    0x08008392   0x08008392   0x00000020   Code   RO         6134    i.osThreadResume    cmsis_os2.o
    0x080083b2   0x080083b2   0x00000020   Code   RO         6136    i.osThreadSuspend   cmsis_os2.o
    0x080083d2   0x080083d2   0x00000002   PAD
    0x080083d4   0x080083d4   0x0000005c   Code   RO         5533    i.prvAddCurrentTaskToDelayedList  tasks.o
    0x08008430   0x08008430   0x000000d0   Code   RO         5534    i.prvAddNewTaskToReadyList  tasks.o
    0x08008500   0x08008500   0x00000058   Code   RO         5898    i.prvCheckForValidListAndQueue  timers.o
    0x08008558   0x08008558   0x00000026   Code   RO         5130    i.prvCopyDataFromQueue  queue.o
    0x0800857e   0x0800857e   0x0000006c   Code   RO         5131    i.prvCopyDataToQueue  queue.o
    0x080085ea   0x080085ea   0x00000034   Code   RO         5535    i.prvDeleteTCB      tasks.o
    0x0800861e   0x0800861e   0x00000002   PAD
    0x08008620   0x08008620   0x0000004c   Code   RO         6585    i.prvHeapInit       heap_4.o
    0x0800866c   0x0800866c   0x00000060   Code   RO         5536    i.prvIdleTask       tasks.o
    0x080086cc   0x080086cc   0x00000022   Code   RO         5133    i.prvInitialiseNewQueue  queue.o
    0x080086ee   0x080086ee   0x00000002   PAD
    0x080086f0   0x080086f0   0x000000b0   Code   RO         5537    i.prvInitialiseNewTask  tasks.o
    0x080087a0   0x080087a0   0x0000004c   Code   RO         6586    i.prvInsertBlockIntoFreeList  heap_4.o
    0x080087ec   0x080087ec   0x00000038   Code   RO         5900    i.prvInsertTimerInActiveList  timers.o
    0x08008824   0x08008824   0x0000001c   Code   RO         5134    i.prvIsQueueEmpty   queue.o
    0x08008840   0x08008840   0x000000fc   Code   RO         5901    i.prvProcessReceivedCommands  timers.o
    0x0800893c   0x0800893c   0x000000c0   Code   RO         5902    i.prvProcessTimerOrBlockTask  timers.o
    0x080089fc   0x080089fc   0x00000020   Code   RO         5539    i.prvResetNextTaskUnblockTime  tasks.o
    0x08008a1c   0x08008a1c   0x00000028   Code   RO         5903    i.prvSampleTimeNow  timers.o
    0x08008a44   0x08008a44   0x0000006c   Code   RO         5904    i.prvSwitchTimerLists  timers.o
    0x08008ab0   0x08008ab0   0x00000028   Code   RO         6641    i.prvTaskExitError  port.o
    0x08008ad8   0x08008ad8   0x00000034   Code   RO         5541    i.prvTaskIsTaskSuspended  tasks.o
    0x08008b0c   0x08008b0c   0x00000024   Code   RO         5905    i.prvTimerTask      timers.o
    0x08008b30   0x08008b30   0x0000006a   Code   RO         5135    i.prvUnlockQueue    queue.o
    0x08008b9a   0x08008b9a   0x00000002   PAD
    0x08008b9c   0x08008b9c   0x000000dc   Code   RO         6587    i.pvPortMalloc      heap_4.o
    0x08008c78   0x08008c78   0x00000018   Code   RO         5542    i.pvTaskIncrementMutexHeldCount  tasks.o
    0x08008c90   0x08008c90   0x0000002c   Code   RO         6642    i.pxPortInitialiseStack  port.o
    0x08008cbc   0x08008cbc   0x00000050   Code   RO         1294    i.radiolinkTask     link2remote.o
    0x08008d0c   0x08008d0c   0x00000088   Code   RO          803    i.run_self_test     inv_mpu.o
    0x08008d94   0x08008d94   0x00000058   Code   RO          804    i.set_int_enable    inv_mpu.o
    0x08008dec   0x08008dec   0x0000006e   Code   RO         6915    i.sqrt              m_wm.l(sqrt.o)
    0x08008e5a   0x08008e5a   0x00000014   Code   RO          669    i.thrust_limit      dataprocess.o
    0x08008e6e   0x08008e6e   0x0000001a   Code   RO          670    i.thrust_limit2     dataprocess.o
    0x08008e88   0x08008e88   0x00000026   Code   RO         5090    i.uxListRemove      list.o
    0x08008eae   0x08008eae   0x00000002   PAD
    0x08008eb0   0x08008eb0   0x00000014   Code   RO         6145    i.vApplicationGetIdleTaskMemory  cmsis_os2.o
    0x08008ec4   0x08008ec4   0x00000018   Code   RO         6146    i.vApplicationGetTimerTaskMemory  cmsis_os2.o
    0x08008edc   0x08008edc   0x00000004   Code   RO         4970    i.vEventGroupClearBitsCallback  event_groups.o
    0x08008ee0   0x08008ee0   0x00000004   Code   RO         4972    i.vEventGroupSetBitsCallback  event_groups.o
    0x08008ee4   0x08008ee4   0x00000016   Code   RO         5091    i.vListInitialise   list.o
    0x08008efa   0x08008efa   0x00000006   Code   RO         5092    i.vListInitialiseItem  list.o
    0x08008f00   0x08008f00   0x00000030   Code   RO         5093    i.vListInsert       list.o
    0x08008f30   0x08008f30   0x00000018   Code   RO         5094    i.vListInsertEnd    list.o
    0x08008f48   0x08008f48   0x00000040   Code   RO         6644    i.vPortEnterCritical  port.o
    0x08008f88   0x08008f88   0x00000028   Code   RO         6645    i.vPortExitCritical  port.o
    0x08008fb0   0x08008fb0   0x00000064   Code   RO         6588    i.vPortFree         heap_4.o
    0x08009014   0x08009014   0x00000024   Code   RO         6646    i.vPortSetupTimerInterrupt  port.o
    0x08009038   0x08009038   0x00000054   Code   RO         6647    i.vPortValidateInterruptPriority  port.o
    0x0800908c   0x0800908c   0x00000028   Code   RO         5141    i.vQueueAddToRegistry  queue.o
    0x080090b4   0x080090b4   0x0000002e   Code   RO         5142    i.vQueueDelete      queue.o
    0x080090e2   0x080090e2   0x00000002   PAD
    0x080090e4   0x080090e4   0x00000028   Code   RO         5144    i.vQueueUnregisterQueue  queue.o
    0x0800910c   0x0800910c   0x00000044   Code   RO         5145    i.vQueueWaitForMessageRestricted  queue.o
    0x08009150   0x08009150   0x0000004c   Code   RO         5552    i.vTaskDelay        tasks.o
    0x0800919c   0x0800919c   0x00000010   Code   RO         5557    i.vTaskInternalSetTimeOutState  tasks.o
    0x080091ac   0x080091ac   0x0000000c   Code   RO         5558    i.vTaskMissedYield  tasks.o
    0x080091b8   0x080091b8   0x00000030   Code   RO         5560    i.vTaskPlaceOnEventList  tasks.o
    0x080091e8   0x080091e8   0x00000038   Code   RO         5561    i.vTaskPlaceOnEventListRestricted  tasks.o
    0x08009220   0x08009220   0x00000090   Code   RO         5563    i.vTaskPriorityDisinheritAfterTimeout  tasks.o
    0x080092b0   0x080092b0   0x00000070   Code   RO         5565    i.vTaskRemoveFromUnorderedEventList  tasks.o
    0x08009320   0x08009320   0x0000007c   Code   RO         5566    i.vTaskResume       tasks.o
    0x0800939c   0x0800939c   0x00000088   Code   RO         5569    i.vTaskStartScheduler  tasks.o
    0x08009424   0x08009424   0x0000009c   Code   RO         5570    i.vTaskSuspend      tasks.o
    0x080094c0   0x080094c0   0x00000010   Code   RO         5571    i.vTaskSuspendAll   tasks.o
    0x080094d0   0x080094d0   0x00000064   Code   RO         5572    i.vTaskSwitchContext  tasks.o
    0x08009534   0x08009534   0x00000040   Code   RO         4974    i.xEventGroupClearBits  event_groups.o
    0x08009574   0x08009574   0x00000010   Code   RO         4975    i.xEventGroupClearBitsFromISR  event_groups.o
    0x08009584   0x08009584   0x0000001c   Code   RO         4976    i.xEventGroupCreate  event_groups.o
    0x080095a0   0x080095a0   0x0000002c   Code   RO         4977    i.xEventGroupCreateStatic  event_groups.o
    0x080095cc   0x080095cc   0x0000001a   Code   RO         4978    i.xEventGroupGetBitsFromISR  event_groups.o
    0x080095e6   0x080095e6   0x0000008c   Code   RO         4979    i.xEventGroupSetBits  event_groups.o
    0x08009672   0x08009672   0x00000002   PAD
    0x08009674   0x08009674   0x00000010   Code   RO         4980    i.xEventGroupSetBitsFromISR  event_groups.o
    0x08009684   0x08009684   0x000000f4   Code   RO         6648    i.xPortStartScheduler  port.o
    0x08009778   0x08009778   0x0000002c   Code   RO         6649    i.xPortSysTickHandler  port.o
    0x080097a4   0x080097a4   0x0000003a   Code   RO         5146    i.xQueueCreateCountingSemaphore  queue.o
    0x080097de   0x080097de   0x00000040   Code   RO         5147    i.xQueueCreateCountingSemaphoreStatic  queue.o
    0x0800981e   0x0800981e   0x00000042   Code   RO         5150    i.xQueueGenericCreate  queue.o
    0x08009860   0x08009860   0x00000066   Code   RO         5151    i.xQueueGenericCreateStatic  queue.o
    0x080098c6   0x080098c6   0x00000002   PAD
    0x080098c8   0x080098c8   0x00000088   Code   RO         5152    i.xQueueGenericReset  queue.o
    0x08009950   0x08009950   0x00000160   Code   RO         5153    i.xQueueGenericSend  queue.o
    0x08009ab0   0x08009ab0   0x000000be   Code   RO         5154    i.xQueueGenericSendFromISR  queue.o
    0x08009b6e   0x08009b6e   0x0000009c   Code   RO         5157    i.xQueueGiveFromISR  queue.o
    0x08009c0a   0x08009c0a   0x00000002   PAD
    0x08009c0c   0x08009c0c   0x00000138   Code   RO         5163    i.xQueueReceive     queue.o
    0x08009d44   0x08009d44   0x0000009a   Code   RO         5164    i.xQueueReceiveFromISR  queue.o
    0x08009dde   0x08009dde   0x00000002   PAD
    0x08009de0   0x08009de0   0x00000178   Code   RO         5165    i.xQueueSemaphoreTake  queue.o
    0x08009f58   0x08009f58   0x00000074   Code   RO         5574    i.xTaskCheckForTimeOut  tasks.o
    0x08009fcc   0x08009fcc   0x0000005a   Code   RO         5575    i.xTaskCreate       tasks.o
    0x0800a026   0x0800a026   0x00000056   Code   RO         5576    i.xTaskCreateStatic  tasks.o
    0x0800a07c   0x0800a07c   0x0000001c   Code   RO         5580    i.xTaskGetSchedulerState  tasks.o
    0x0800a098   0x0800a098   0x0000000c   Code   RO         5581    i.xTaskGetTickCount  tasks.o
    0x0800a0a4   0x0800a0a4   0x000000c8   Code   RO         5583    i.xTaskIncrementTick  tasks.o
    0x0800a16c   0x0800a16c   0x00000080   Code   RO         5586    i.xTaskPriorityDisinherit  tasks.o
    0x0800a1ec   0x0800a1ec   0x00000078   Code   RO         5587    i.xTaskPriorityInherit  tasks.o
    0x0800a264   0x0800a264   0x00000070   Code   RO         5588    i.xTaskRemoveFromEventList  tasks.o
    0x0800a2d4   0x0800a2d4   0x000000c4   Code   RO         5589    i.xTaskResumeAll    tasks.o
    0x0800a398   0x0800a398   0x00000060   Code   RO         5914    i.xTimerCreateTimerTask  timers.o
    0x0800a3f8   0x0800a3f8   0x00000068   Code   RO         5915    i.xTimerGenericCommand  timers.o
    0x0800a460   0x0800a460   0x00000028   Code   RO         5921    i.xTimerPendFunctionCallFromISR  timers.o
    0x0800a488   0x0800a488   0x00000018   Code   RO         6861    x$fpl$basic         fz_wm.l(basic.o)
    0x0800a4a0   0x0800a4a0   0x00000062   Code   RO         6791    x$fpl$d2f           fz_wm.l(d2f.o)
    0x0800a502   0x0800a502   0x00000002   PAD
    0x0800a504   0x0800a504   0x00000150   Code   RO         6793    x$fpl$dadd          fz_wm.l(daddsub_clz.o)
    0x0800a654   0x0800a654   0x00000018   Code   RO         6957    x$fpl$dcmpinf       fz_wm.l(dcmpi.o)
    0x0800a66c   0x0800a66c   0x000002b0   Code   RO         6800    x$fpl$ddiv          fz_wm.l(ddiv.o)
    0x0800a91c   0x0800a91c   0x00000078   Code   RO         6863    x$fpl$deqf          fz_wm.l(deqf.o)
    0x0800a994   0x0800a994   0x00000154   Code   RO         6809    x$fpl$dmul          fz_wm.l(dmul.o)
    0x0800aae8   0x0800aae8   0x0000009c   Code   RO         6865    x$fpl$dnaninf       fz_wm.l(dnaninf.o)
    0x0800ab84   0x0800ab84   0x0000000c   Code   RO         6867    x$fpl$dretinf       fz_wm.l(dretinf.o)
    0x0800ab90   0x0800ab90   0x00000016   Code   RO         6794    x$fpl$drsb          fz_wm.l(daddsub_clz.o)
    0x0800aba6   0x0800aba6   0x00000002   PAD
    0x0800aba8   0x0800aba8   0x00000198   Code   RO         6961    x$fpl$dsqrt         fz_wm.l(dsqrt_umaal.o)
    0x0800ad40   0x0800ad40   0x000001d4   Code   RO         6795    x$fpl$dsub          fz_wm.l(daddsub_clz.o)
    0x0800af14   0x0800af14   0x00000056   Code   RO         6811    x$fpl$f2d           fz_wm.l(f2d.o)
    0x0800af6a   0x0800af6a   0x0000008c   Code   RO         6869    x$fpl$fnaninf       fz_wm.l(fnaninf.o)
    0x0800aff6   0x0800aff6   0x0000000a   Code   RO         7171    x$fpl$fpinit        fz_wm.l(fpinit.o)
    0x0800b000   0x0800b000   0x0000000a   Code   RO         6871    x$fpl$fretinf       fz_wm.l(fretinf.o)
    0x0800b00a   0x0800b00a   0x00000000   Code   RO         6873    x$fpl$usenofp       fz_wm.l(usenofp.o)
    0x0800b00a   0x0800b00a   0x00000002   PAD
    0x0800b00c   0x0800b00c   0x000000a4   Data   RO          288    .constdata          freertos.o
    0x0800b0b0   0x0800b0b0   0x0000000a   Data   RO          506    .constdata          24l01.o
    0x0800b0ba   0x0800b0ba   0x0000001b   Data   RO          806    .constdata          inv_mpu.o
    0x0800b0d5   0x0800b0d5   0x00000001   PAD
    0x0800b0d6   0x0800b0d6   0x0000000c   Data   RO          807    .constdata          inv_mpu.o
    0x0800b0e2   0x0800b0e2   0x00000002   PAD
    0x0800b0e4   0x0800b0e4   0x00000028   Data   RO          808    .constdata          inv_mpu.o
    0x0800b10c   0x0800b10c   0x00000bf6   Data   RO         1131    .constdata          inv_mpu_dmp_motion_driver.o
    0x0800bd02   0x0800bd02   0x00000010   Data   RO         4926    .constdata          system_stm32f4xx.o
    0x0800bd12   0x0800bd12   0x00000008   Data   RO         4927    .constdata          system_stm32f4xx.o
    0x0800bd1a   0x0800bd1a   0x00000011   Data   RO         6767    .constdata          c_w.l(__printf_flags_wp.o)
    0x0800bd2b   0x0800bd2b   0x00000005   PAD
    0x0800bd30   0x0800bd30   0x00000050   Data   RO         6816    .constdata          m_wm.l(asin.o)
    0x0800bd80   0x0800bd80   0x00000098   Data   RO         6877    .constdata          m_wm.l(atan.o)
    0x0800be18   0x0800be18   0x00000008   Data   RO         6912    .constdata          m_wm.l(qnan.o)
    0x0800be20   0x0800be20   0x00000004   Data   RO         6964    .constdata          c_w.l(sys_io.o)
    0x0800be24   0x0800be24   0x00000004   Data   RO         6965    .constdata          c_w.l(sys_io.o)
    0x0800be28   0x0800be28   0x00000004   Data   RO         6966    .constdata          c_w.l(sys_io.o)
    0x0800be2c   0x0800be2c   0x00000049   Data   RO          289    .conststring        freertos.o
    0x0800be75   0x0800be75   0x00000003   PAD
    0x0800be78   0x0800be78   0x0000004d   Data   RO          809    .conststring        inv_mpu.o
    0x0800bec5   0x0800bec5   0x00000003   PAD
    0x0800bec8   0x0800bec8   0x00000020   Data   RO         7242    Region$$Table       anon$$obj.o


    Execution Region RW_IRAM1 (Exec base: 0x20000000, Load base: 0x0800bee8, Size: 0x000053d8, Max: 0x0001c000, ABSOLUTE)

    Exec Addr    Load Addr    Size         Type   Attr      Idx    E Section Name        Object

    0x20000000   0x0800bee8   0x00000018   Data   RW          290    .data               freertos.o
    0x20000018   0x0800bf00   0x00000008   Data   RW          580    .data               aircraft_manager.o
    0x20000020   0x0800bf08   0x0000000a   Data   RW          617    .data               control.o
    0x2000002a   0x0800bf12   0x00000002   PAD
    0x2000002c   0x0800bf14   0x00000035   Data   RW          810    .data               inv_mpu.o
    0x20000061   0x0800bf49   0x00000001   Data   RW         1296    .data               link2remote.o
    0x20000062   0x0800bf4a   0x00000002   PAD
    0x20000064   0x0800bf4c   0x00000008   Data   RW         1493    .data               pid.o
    0x2000006c   0x0800bf54   0x0000000c   Data   RW         2591    .data               stm32f4xx_hal.o
    0x20000078   0x0800bf60   0x00000004   Data   RW         4928    .data               system_stm32f4xx.o
    0x2000007c   0x0800bf64   0x0000003c   Data   RW         5592    .data               tasks.o
    0x200000b8   0x0800bfa0   0x00000014   Data   RW         5923    .data               timers.o
    0x200000cc   0x0800bfb4   0x00000004   Data   RW         6148    .data               cmsis_os2.o
    0x200000d0   0x0800bfb8   0x00000020   Data   RW         6594    .data               heap_4.o
    0x200000f0   0x0800bfd8   0x0000000c   Data   RW         6650    .data               port.o
    0x200000fc   0x0800bfe4   0x00000004   Data   RW         6854    .data               c_w.l(stdio_streams.o)
    0x20000100   0x0800bfe8   0x00000004   Data   RW         6855    .data               c_w.l(stdio_streams.o)
    0x20000104   0x0800bfec   0x00000004   Data   RW         6856    .data               c_w.l(stdio_streams.o)
    0x20000108        -       0x00000048   Zero   RW          460    .bss                stm32f4xx_hal_timebase_tim.o
    0x20000150        -       0x000000f4   Zero   RW          616    .bss                control.o
    0x20000244        -       0x00000010   Zero   RW          671    .bss                dataprocess.o
    0x20000254        -       0x00000054   Zero   RW          715    .bss                i2c.o
    0x200002a8        -       0x00000010   Zero   RW         1130    .bss                inv_mpu_dmp_motion_driver.o
    0x200002b8        -       0x0000000c   Zero   RW         1295    .bss                link2remote.o
    0x200002c4        -       0x00000058   Zero   RW         1527    .bss                spi.o
    0x2000031c        -       0x00000048   Zero   RW         1604    .bss                tim.o
    0x20000364        -       0x00000044   Zero   RW         1651    .bss                usart.o
    0x200003a8        -       0x00000040   Zero   RW         5167    .bss                queue.o
    0x200003e8        -       0x000004c4   Zero   RW         5591    .bss                tasks.o
    0x200008ac        -       0x00000118   Zero   RW         5922    .bss                timers.o
    0x200009c4        -       0x000006b8   Zero   RW         6147    .bss                cmsis_os2.o
    0x2000107c        -       0x00003c00   Zero   RW         6593    .bss                heap_4.o
    0x20004c7c        -       0x00000054   Zero   RW         6851    .bss                c_w.l(stdio_streams.o)
    0x20004cd0        -       0x00000054   Zero   RW         6852    .bss                c_w.l(stdio_streams.o)
    0x20004d24        -       0x00000054   Zero   RW         6853    .bss                c_w.l(stdio_streams.o)
    0x20004d78        -       0x00000060   Zero   RW         6969    .bss                c_w.l(libspace.o)
    0x20004dd8        -       0x00000200   Zero   RW            2    HEAP                startup_stm32f407xx.o
    0x20004fd8        -       0x00000400   Zero   RW            1    STACK               startup_stm32f407xx.o


    Execution Region RW_IRAM2 (Exec base: 0x2001c000, Load base: 0x0800bff0, Size: 0x00000000, Max: 0x00004000, ABSOLUTE)

    **** No section assigned to this execution region ****


==============================================================================

Image component sizes


      Code (inc. data)   RO Data    RW Data    ZI Data      Debug   Object Name

       800         90         10          0          0       6960   24l01.o
       564        120          0          8          0       1471   aircraft_manager.o
      1280         52          0          4       1720      78306   cmsis_os2.o
       960        164          0         10        244       5018   control.o
       346         16          0          0         16       3073   dataprocess.o
       342          8          0          0          0      28720   event_groups.o
       168         24        237         24          0       3453   freertos.o
       224         14          0          0          0       1023   gpio.o
       472         24          0         32      15360       4959   heap_4.o
       200         26          0          0         84       1761   i2c.o
      5308        304        156         53          0      32910   inv_mpu.o
      2442        134       3062          0         16      20342   inv_mpu_dmp_motion_driver.o
       286         46          0          1         12       4237   link2remote.o
       138          0          0          0          0       3638   list.o
       222         16          0          0          0     721460   main.o
       196         14          0          0          0       3177   motor.o
       122         12          0          0          0       2715   mpu6050.o
       544         62          0          8          0       2387   pid.o
       786         82          0         12          0      11681   port.o
      2474         28          0          0         64      26812   queue.o
       192         22          0          0         88       1753   spi.o
        64         26        392          0       1536        860   startup_stm32f407xx.o
        24          6          0          0          0        544   stm32f411_lee_conf.o
       116         18          0         12          0       8822   stm32f4xx_hal.o
       158         14          0          0          0      33234   stm32f4xx_hal_cortex.o
        42          0          0          0          0       1846   stm32f4xx_hal_dma.o
       556         52          0          0          0       4219   stm32f4xx_hal_gpio.o
      5356         90          0          0          0      33120   stm32f4xx_hal_i2c.o
        56          4          0          0          0        898   stm32f4xx_hal_msp.o
      1412         86          0          0          0       6001   stm32f4xx_hal_rcc.o
      1570         18          0          0          0       8805   stm32f4xx_hal_spi.o
      2144        146          0          0          0      18029   stm32f4xx_hal_tim.o
       148         28          0          0          0       2513   stm32f4xx_hal_tim_ex.o
       116         18          0          0         72       1463   stm32f4xx_hal_timebase_tim.o
       664         10          0          0          0       4276   stm32f4xx_hal_uart.o
        78         30          0          0          0       5773   stm32f4xx_it.o
         0          0          0          0          0        404   stream_buffer.o
        16          4         24          4          0       1175   system_stm32f4xx.o
      2932        242          0         60       1220      34666   tasks.o
       348         32          0          0         72       2516   tim.o
      1012         86          0         20        280      33259   timers.o
       204         26          0          0         68       1826   usart.o

    ----------------------------------------------------------------------
     35150       2194       3922        252      20852    1170105   Object Totals
         0          0         32          0          0          0   (incl. Generated)
        68          0          9          4          0          0   (incl. Padding)

    ----------------------------------------------------------------------

      Code (inc. data)   RO Data    RW Data    ZI Data      Debug   Library Member Name

         8          0          0          0          0         68   __main.o
       312          4         17          0          0         92   __printf_flags_wp.o
        14          0          0          0          0         68   __printf_wp.o
         0          0          0          0          0          0   __rtentry.o
        12          0          0          0          0          0   __rtentry2.o
         6          0          0          0          0          0   __rtentry4.o
        52          8          0          0          0          0   __scatter.o
        26          0          0          0          0          0   __scatter_copy.o
        28          0          0          0          0          0   __scatter_zi.o
        48          6          0          0          0         96   _printf_char_common.o
        36          4          0          0          0         80   _printf_char_file.o
         6          0          0          0          0          0   _printf_d.o
       120         16          0          0          0         92   _printf_dec.o
       178          0          0          0          0         88   _printf_intcommon.o
         0          0          0          0          0          0   _printf_percent.o
         4          0          0          0          0          0   _printf_percent_end.o
        22          0          0          0          0        100   _rserrno.o
        16          0          0          0          0         68   aeabi_memset.o
        10          0          0          0          0         68   defsig_exit.o
        50          0          0          0          0         88   defsig_general.o
        80         58          0          0          0         76   defsig_rtmem_inner.o
        14          0          0          0          0         80   defsig_rtmem_outer.o
        52         38          0          0          0         76   defsig_rtred_inner.o
        14          0          0          0          0         80   defsig_rtred_outer.o
        18          0          0          0          0         80   exit.o
        76          0          0          0          0         88   fclose.o
         8          0          0          0          0         68   ferror.o
       236          4          0          0          0        128   fopen.o
       248          6          0          0          0         84   fseek.o
        66          0          0          0          0         76   ftell.o
        94          0          0          0          0         80   h1_alloc.o
        52          0          0          0          0         68   h1_extend.o
        78          0          0          0          0         80   h1_free.o
        14          0          0          0          0         84   h1_init.o
         6          0          0          0          0        152   heapauxi.o
         4          0          0          0          0        136   hguard.o
         0          0          0          0          0          0   indicate_semi.o
       138          0          0          0          0        168   init_alloc.o
       312         46          0          0          0        112   initio.o
         2          0          0          0          0          0   libinit.o
        18          0          0          0          0          0   libinit2.o
         2          0          0          0          0          0   libshutdown.o
         6          0          0          0          0          0   libshutdown2.o
         8          4          0          0         96         68   libspace.o
        72          0          0          0          0         76   llsdiv.o
       238          0          0          0          0        100   lludivv7m.o
         0          0          0          0          0          0   maybetermalloc1.o
        88          0          0          0          0         76   memcmp.o
        24          4          0          0          0         84   noretval__2printf.o
         8          4          0          0          0         68   rt_errno_addr_intlibspace.o
         8          4          0          0          0         68   rt_heap_descriptor_intlibspace.o
        68          0          0          0          0         68   rt_memclr.o
        78          0          0          0          0         80   rt_memclr_w.o
       138          0          0          0          0         68   rt_memcpy_v6.o
       100          0          0          0          0         80   rt_memcpy_w.o
         2          0          0          0          0          0   rtexit.o
        10          0          0          0          0          0   rtexit2.o
        70          0          0          0          0         80   setvbuf.o
       240          6          0          0          0        156   stdio.o
         0          0          0         12        252          0   stdio_streams.o
        62          0          0          0          0         76   strlen.o
        12          4          0          0          0         68   sys_exit.o
       102          0         12          0          0        240   sys_io.o
        74          0          0          0          0         80   sys_stackheap_outer.o
        14          0          0          0          0         76   sys_wrch.o
         2          0          0          0          0         68   use_no_semi.o
        24          0          0          0          0        164   basic.o
        98          4          0          0          0        140   d2f.o
       826         16          0          0          0        492   daddsub_clz.o
        24          0          0          0          0        116   dcmpi.o
       688        140          0          0          0        256   ddiv.o
       120          4          0          0          0        140   deqf.o
       340         12          0          0          0        152   dmul.o
       156          4          0          0          0        140   dnaninf.o
        12          0          0          0          0        116   dretinf.o
       408         56          0          0          0        168   dsqrt_umaal.o
        86          4          0          0          0        132   f2d.o
       140          4          0          0          0        132   fnaninf.o
        10          0          0          0          0        116   fpinit.o
        10          0          0          0          0        116   fretinf.o
         0          0          0          0          0          0   usenofp.o
       864         94         80          0          0        280   asin.o
       744        106        152          0          0        352   atan.o
       512         64          0          0          0        208   atan2.o
       104         16          0          0          0        496   dunder.o
        24          0          0          0          0        124   fabs.o
        48          0          0          0          0        124   fpclassify.o
       248          0          0          0          0        152   poly.o
         0          0          8          0          0          0   qnan.o
       110          0          0          0          0        148   sqrt.o

    ----------------------------------------------------------------------
      9526        740        274         12        348       8568   Library Totals
        26          0          5          0          0          0   (incl. Padding)

    ----------------------------------------------------------------------

      Code (inc. data)   RO Data    RW Data    ZI Data      Debug   Library Name

      3904        216         29         12        348       4304   c_w.l
      2942        244          0          0          0       2380   fz_wm.l
      2654        280        240          0          0       1884   m_wm.l

    ----------------------------------------------------------------------
      9526        740        274         12        348       8568   Library Totals

    ----------------------------------------------------------------------

==============================================================================


      Code (inc. data)   RO Data    RW Data    ZI Data      Debug   

     44676       2934       4196        264      21200    1142033   Grand Totals
     44676       2934       4196        264      21200    1142033   ELF Image Totals
     44676       2934       4196        264          0          0   ROM Totals

==============================================================================

    Total RO  Size (Code + RO Data)                48872 (  47.73kB)
    Total RW  Size (RW Data + ZI Data)             21464 (  20.96kB)
    Total ROM Size (Code + RO Data + RW Data)      49136 (  47.98kB)

==============================================================================

